Archive member included because of file (symbol)

contiki-z1.a(rimeaddr.o)      obj_z1/contiki-z1-main.o (rimeaddr_copy)
contiki-z1.a(rime.o)          obj_z1/contiki-z1-main.o (rime_driver)
contiki-z1.a(announcement.o)  contiki-z1.a(rime.o) (announcement_init)
contiki-z1.a(broadcast-annou)
                              contiki-z1.a(rime.o) (broadcast_announcement_init)
contiki-z1.a(broadcast.o)     contiki-z1.a(broadcast-annou) (broadcast_open)
contiki-z1.a(abc.o)           contiki-z1.a(broadcast.o) (abc_open)
contiki-z1.a(chameleon.o)     contiki-z1.a(rime.o) (chameleon_init)
contiki-z1.a(channel.o)       contiki-z1.a(chameleon.o) (channel_init)
contiki-z1.a(chameleon-bitop)
                              contiki-z1.a(chameleon.o) (chameleon_bitopt)
contiki-z1.a(nullmac.o)       obj_z1/contiki-z1-main.o (nullmac_driver)
contiki-z1.a(nullrdc.o)       contiki-z1.a(nullmac.o) (nullrdc_driver)
contiki-z1.a(mac.o)           contiki-z1.a(nullrdc.o) (mac_call_sent_callback)
contiki-z1.a(framer-802154.o)
                              contiki-z1.a(nullrdc.o) (framer_802154)
contiki-z1.a(plb.o)           obj_z1/contiki-z1-main.o (plb_driver)
contiki-z1.a(process.o)       obj_z1/contiki-z1-main.o (process_init)
contiki-z1.a(autostart.o)     obj_z1/contiki-z1-main.o (autostart_start)
contiki-z1.a(serial-line.o)   obj_z1/contiki-z1-main.o (serial_line_input_byte)
contiki-z1.a(list.o)          contiki-z1.a(announcement.o) (list_init)
contiki-z1.a(etimer.o)        obj_z1/contiki-z1-main.o (etimer_process)
contiki-z1.a(ctimer.o)        obj_z1/contiki-z1-main.o (ctimer_init)
contiki-z1.a(energest.o)      obj_z1/contiki-z1-main.o (energest_init)
contiki-z1.a(rtimer.o)        obj_z1/contiki-z1-main.o (rtimer_init)
contiki-z1.a(random.o)        contiki-z1.a(broadcast-annou) (random_rand)
contiki-z1.a(ringbuf.o)       contiki-z1.a(serial-line.o) (ringbuf_init)
contiki-z1.a(packetbuf.o)     contiki-z1.a(plb.o) (packetbuf_copyto)
contiki-z1.a(queuebuf.o)      contiki-z1.a(rime.o) (queuebuf_init)
contiki-z1.a(contiki-z1-plat)
                              obj_z1/contiki-z1-main.o (init_platform)
contiki-z1.a(msp430.o)        obj_z1/contiki-z1-main.o (msp430_cpu_init)
contiki-z1.a(leds.o)          obj_z1/contiki-z1-main.o (leds_init)
contiki-z1.a(watchdog.o)      obj_z1/contiki-z1-main.o (watchdog_start)
contiki-z1.a(xmem.o)          obj_z1/contiki-z1-main.o (xmem_init)
contiki-z1.a(spi.o)           contiki-z1.a(xmem.o) (spi_init)
contiki-z1.a(cc2420.o)        obj_z1/contiki-z1-main.o (cc2420_set_channel)
contiki-z1.a(cc2420-arch.o)   contiki-z1.a(cc2420.o) (cc2420_arch_init)
contiki-z1.a(node-id.o)       obj_z1/contiki-z1-main.o (node_id_restore)
contiki-z1.a(sensors.o)       app.co (sensors_event)
contiki-z1.a(button-sensor.o)
                              app.co (button_sensor)
contiki-z1.a(uart0-putchar.o)
                              obj_z1/ntp.o (putchar)
contiki-z1.a(slip_uart0.o)    obj_z1/uart.o (slip_arch_writeb)
contiki-z1.a(adxl345.o)       obj_z1/contiki-z1-main.o (accm_init)
contiki-z1.a(clock.o)         obj_z1/sclock.o (clock_time)
contiki-z1.a(leds-arch.o)     contiki-z1.a(leds.o) (leds_arch_init)
contiki-z1.a(rtimer-arch.o)   contiki-z1.a(rtimer.o) (rtimer_arch_init)
contiki-z1.a(frame802154.o)   contiki-z1.a(framer-802154.o) (frame802154_hdrlen)
contiki-z1.a(memb.o)          contiki-z1.a(queuebuf.o) (memb_init)
contiki-z1.a(timer.o)         contiki-z1.a(etimer.o) (timer_set)
contiki-z1.a(slip.o)          contiki-z1.a(slip_uart0.o) (slip_input_byte)
contiki-z1.a(i2cmaster.o)     contiki-z1.a(adxl345.o) (i2c_receiveinit)
contiki-z1.a(tcpip.o)         contiki-z1.a(slip.o) (tcpip_input)
contiki-z1.a(uip-fw.o)        contiki-z1.a(tcpip.o) (uip_fw_forward)
contiki-z1.a(uip.o)           contiki-z1.a(slip.o) (uip_aligned_buf)
contiki-z1.a(uip-ipchksum.o)  contiki-z1.a(slip.o) (uip_ipchksum)
/usr/local/msp430/bin/../lib/gcc/msp430/4.7.0/mcpu-430x/mmpy-16/libgcc.a(_mulsi3.o)
                              app.co (__mulsi3)
/usr/local/msp430/bin/../lib/gcc/msp430/4.7.0/mcpu-430x/mmpy-16/libgcc.a(_udivmod16.o)
                              obj_z1/sclock.o (__udivhi3)
/usr/local/msp430/bin/../lib/gcc/msp430/4.7.0/mcpu-430x/mmpy-16/libgcc.a(_udivmod32.o)
                              obj_z1/sclock.o (__udivsi3)
/usr/local/msp430/bin/../lib/gcc/msp430/4.7.0/../../../../msp430/lib/mcpu-430x/mmpy-16/libc.a(malloc.o)
                              contiki-z1.a(plb.o) (malloc)
/usr/local/msp430/bin/../lib/gcc/msp430/4.7.0/../../../../msp430/lib/mcpu-430x/mmpy-16/libc.a(printf.o)
                              obj_z1/timestamp.o (printf)
/usr/local/msp430/bin/../lib/gcc/msp430/4.7.0/../../../../msp430/lib/mcpu-430x/mmpy-16/libc.a(vuprintf.o)
                              /usr/local/msp430/bin/../lib/gcc/msp430/4.7.0/../../../../msp430/lib/mcpu-430x/mmpy-16/libc.a(printf.o) (vuprintf)
/usr/local/msp430/bin/../lib/gcc/msp430/4.7.0/../../../../msp430/lib/mcpu-430x/mmpy-16/libc.a(puts.o)
                              obj_z1/ntp.o (puts)
[...]
Memory Configuration

Name             Origin             Length             Attributes
sfr              0x00000000         0x00000010
peripheral_8bit  0x00000010         0x000000f0
peripheral_16bit 0x00000100         0x00000100
ram_mirror       0x00000200         0x00000800         xw
infomem          0x00001000         0x00000100
infod            0x00001000         0x00000040
infoc            0x00001040         0x00000040
infob            0x00001080         0x00000040
infoa            0x000010c0         0x00000040
ram              0x00001100         0x00002000         xw
rom              0x00003100         0x0000cebe         xr
vectors          0x0000ffc0         0x00000040
far_rom          0x00010000         0x0000a000
bsl              0x00000000         0x00000000
ram2             0x00000000         0x00000000         xw
usbram           0x00000000         0x00000000         xw
*default*        0x00000000         0xffffffff

Linker script and memory map

LOAD /usr/local/msp430/bin/../lib/gcc/msp430/4.7.0/mcpu-430x/mmpy-16/crt0ivtbl32.o
                0x00000041                __P1SEL2 = 0x41
                0x00000045                __P5SEL2 = 0x45
LOAD app.co
LOAD obj_z1/ntp.o
LOAD obj_z1/sclock.o
LOAD obj_z1/timestamp.o
LOAD obj_z1/uart0.o
LOAD obj_z1/uart.o
LOAD obj_z1/contiki-z1-main.o
LOAD contiki-z1.a
LOAD /usr/local/msp430/bin/../lib/gcc/msp430/4.7.0/mcpu-430x/mmpy-16/libgcc.a
LOAD /usr/local/msp430/bin/../lib/gcc/msp430/4.7.0/../../../../msp430/lib/mcpu-430x/mmpy-16/libc.a
LOAD /usr/local/msp430/bin/../lib/gcc/msp430/4.7.0/mcpu-430x/mmpy-16/libgcc.a
LOAD /usr/local/msp430/bin/../lib/gcc/msp430/4.7.0/mcpu-430x/mmpy-16/libcrt0.a
                0x00000040                PROVIDE (__info_segment_size, 0x40)
                0x00001000                PROVIDE (__infod, 0x1000)
                0x00001040                PROVIDE (__infoc, 0x1040)
                0x00001080                PROVIDE (__infob, 0x1080)
                0x000010c0                PROVIDE (__infoa, 0x10c0)
                0x00000000                __IE1 = 0x0
                0x00000002                __IFG1 = 0x2
                0x00000001                __IE2 = 0x1
                0x00000003                __IFG2 = 0x3
                0x00000006                __UC1IE = 0x6
                0x00000007                __UC1IFG = 0x7
                0x000001a0                __ADC12CTL0 = 0x1a0
                0x000001a2                __ADC12CTL1 = 0x1a2
                0x000001a4                __ADC12IFG = 0x1a4
                0x000001a6                __ADC12IE = 0x1a6
                0x000001a8                __ADC12IV = 0x1a8
                0x00000140                __ADC12MEM0 = 0x140
                0x00000142                __ADC12MEM1 = 0x142
                0x00000144                __ADC12MEM2 = 0x144
                0x00000146                __ADC12MEM3 = 0x146
                0x00000148                __ADC12MEM4 = 0x148
                0x0000014a                __ADC12MEM5 = 0x14a
                0x0000014c                __ADC12MEM6 = 0x14c
                0x0000014e                __ADC12MEM7 = 0x14e
                0x00000150                __ADC12MEM8 = 0x150
                0x00000152                __ADC12MEM9 = 0x152
                0x00000154                __ADC12MEM10 = 0x154
                0x00000156                __ADC12MEM11 = 0x156
                0x00000158                __ADC12MEM12 = 0x158
                0x0000015a                __ADC12MEM13 = 0x15a
                0x0000015c                __ADC12MEM14 = 0x15c
                0x0000015e                __ADC12MEM15 = 0x15e
                0x00000080                __ADC12MCTL0 = 0x80
                0x00000081                __ADC12MCTL1 = 0x81
                0x00000082                __ADC12MCTL2 = 0x82
                0x00000083                __ADC12MCTL3 = 0x83
                0x00000084                __ADC12MCTL4 = 0x84
                0x00000085                __ADC12MCTL5 = 0x85
                0x00000086                __ADC12MCTL6 = 0x86
                0x00000087                __ADC12MCTL7 = 0x87
                0x00000088                __ADC12MCTL8 = 0x88
                0x00000089                __ADC12MCTL9 = 0x89
                0x0000008a                __ADC12MCTL10 = 0x8a
                0x0000008b                __ADC12MCTL11 = 0x8b
                0x0000008c                __ADC12MCTL12 = 0x8c
                0x0000008d                __ADC12MCTL13 = 0x8d
                0x0000008e                __ADC12MCTL14 = 0x8e
                0x0000008f                __ADC12MCTL15 = 0x8f
                0x00000056                __DCOCTL = 0x56
                0x00000057                __BCSCTL1 = 0x57
                0x00000058                __BCSCTL2 = 0x58
                0x00000053                __BCSCTL3 = 0x53
                0x00000059                __CACTL1 = 0x59
                0x0000005a                __CACTL2 = 0x5a
                0x0000005b                __CAPD = 0x5b
                0x000001c0                __DAC12_0CTL = 0x1c0
                0x000001c2                __DAC12_1CTL = 0x1c2
                0x000001c8                __DAC12_0DAT = 0x1c8
                0x000001ca                __DAC12_1DAT = 0x1ca
                0x00000122                __DMACTL0 = 0x122
                0x00000124                __DMACTL1 = 0x124
                0x00000126                __DMAIV = 0x126
                0x000001d0                __DMA0CTL = 0x1d0
                0x000001dc                __DMA1CTL = 0x1dc
                0x000001e8                __DMA2CTL = 0x1e8
                0x000001d2                __DMA0SA = 0x1d2
                0x000001d2                __DMA0SAL = 0x1d2
                0x000001d6                __DMA0DA = 0x1d6
                0x000001d6                __DMA0DAL = 0x1d6
                0x000001da                __DMA0SZ = 0x1da
                0x000001de                __DMA1SA = 0x1de
                0x000001de                __DMA1SAL = 0x1de
                0x000001e2                __DMA1DA = 0x1e2
                0x000001e2                __DMA1DAL = 0x1e2
                0x000001e6                __DMA1SZ = 0x1e6
                0x000001ea                __DMA2SA = 0x1ea
                0x000001ea                __DMA2SAL = 0x1ea
                0x000001ee                __DMA2DA = 0x1ee
                0x000001ee                __DMA2DAL = 0x1ee
                0x000001f2                __DMA2SZ = 0x1f2
                0x00000128                __FCTL1 = 0x128
                0x0000012a                __FCTL2 = 0x12a
                0x0000012c                __FCTL3 = 0x12c
                0x000001be                __FCTL4 = 0x1be
                0x00000130                __MPY = 0x130
                0x00000132                __MPYS = 0x132
                0x00000134                __MAC = 0x134
                0x00000136                __MACS = 0x136
                0x00000138                __OP2 = 0x138
                0x0000013a                __RESLO = 0x13a
                0x0000013c                __RESHI = 0x13c
                0x0000013e                __SUMEXT = 0x13e
                0x00000020                __P1IN = 0x20
                0x00000021                __P1OUT = 0x21
                0x00000022                __P1DIR = 0x22
                0x00000023                __P1IFG = 0x23
                0x00000024                __P1IES = 0x24
                0x00000025                __P1IE = 0x25
                0x00000026                __P1SEL = 0x26
                0x00000027                __P1REN = 0x27
                0x00000028                __P2IN = 0x28
                0x00000029                __P2OUT = 0x29
                0x0000002a                __P2DIR = 0x2a
                0x0000002b                __P2IFG = 0x2b
                0x0000002c                __P2IES = 0x2c
                0x0000002d                __P2IE = 0x2d
                0x0000002e                __P2SEL = 0x2e
                0x0000002f                __P2REN = 0x2f
                0x00000018                __P3IN = 0x18
                0x00000019                __P3OUT = 0x19
                0x0000001a                __P3DIR = 0x1a
                0x0000001b                __P3SEL = 0x1b
                0x00000010                __P3REN = 0x10
                0x0000001c                __P4IN = 0x1c
                0x0000001d                __P4OUT = 0x1d
                0x0000001e                __P4DIR = 0x1e
                0x0000001f                __P4SEL = 0x1f
                0x00000011                __P4REN = 0x11
                0x00000030                __P5IN = 0x30
                0x00000031                __P5OUT = 0x31
                0x00000032                __P5DIR = 0x32
                0x00000033                __P5SEL = 0x33
                0x00000012                __P5REN = 0x12
                0x00000034                __P6IN = 0x34
                0x00000035                __P6OUT = 0x35
                0x00000036                __P6DIR = 0x36
                0x00000037                __P6SEL = 0x37
                0x00000013                __P6REN = 0x13
                0x00000038                __P7IN = 0x38
                0x0000003a                __P7OUT = 0x3a
                0x0000003c                __P7DIR = 0x3c
                0x0000003e                __P7SEL = 0x3e
                0x00000014                __P7REN = 0x14
                0x00000039                __P8IN = 0x39
                0x0000003b                __P8OUT = 0x3b
                0x0000003d                __P8DIR = 0x3d
                0x0000003f                __P8SEL = 0x3f
                0x00000015                __P8REN = 0x15
                0x00000038                __PAIN = 0x38
                0x0000003a                __PAOUT = 0x3a
                0x0000003c                __PADIR = 0x3c
                0x0000003e                __PASEL = 0x3e
                0x00000014                __PAREN = 0x14
                0x00000055                __SVSCTL = 0x55
                0x0000012e                __TAIV = 0x12e
                0x00000160                __TACTL = 0x160
                0x00000162                __TACCTL0 = 0x162
                0x00000164                __TACCTL1 = 0x164
                0x00000166                __TACCTL2 = 0x166
                0x00000170                __TAR = 0x170
                0x00000172                __TACCR0 = 0x172
                0x00000174                __TACCR1 = 0x174
                0x00000176                __TACCR2 = 0x176
                0x0000011e                __TBIV = 0x11e
                0x00000180                __TBCTL = 0x180
                0x00000182                __TBCCTL0 = 0x182
                0x00000184                __TBCCTL1 = 0x184
                0x00000186                __TBCCTL2 = 0x186
                0x00000188                __TBCCTL3 = 0x188
                0x0000018a                __TBCCTL4 = 0x18a
                0x0000018c                __TBCCTL5 = 0x18c
                0x0000018e                __TBCCTL6 = 0x18e
                0x00000190                __TBR = 0x190
                0x00000192                __TBCCR0 = 0x192
                0x00000194                __TBCCR1 = 0x194
                0x00000196                __TBCCR2 = 0x196
                0x00000198                __TBCCR3 = 0x198
                0x0000019a                __TBCCR4 = 0x19a
                0x0000019c                __TBCCR5 = 0x19c
                0x0000019e                __TBCCR6 = 0x19e
                0x00000060                __UCA0CTL0 = 0x60
                0x00000061                __UCA0CTL1 = 0x61
                0x00000062                __UCA0BR0 = 0x62
                0x00000063                __UCA0BR1 = 0x63
                0x00000064                __UCA0MCTL = 0x64
                0x00000065                __UCA0STAT = 0x65
                0x00000066                __UCA0RXBUF = 0x66
                0x00000067                __UCA0TXBUF = 0x67
                0x0000005d                __UCA0ABCTL = 0x5d
                0x0000005e                __UCA0IRTCTL = 0x5e
                0x0000005f                __UCA0IRRCTL = 0x5f
                0x00000068                __UCB0CTL0 = 0x68
                0x00000069                __UCB0CTL1 = 0x69
                0x0000006a                __UCB0BR0 = 0x6a
                0x0000006b                __UCB0BR1 = 0x6b
                0x0000006c                __UCB0I2CIE = 0x6c
                0x0000006d                __UCB0STAT = 0x6d
                0x0000006e                __UCB0RXBUF = 0x6e
                0x0000006f                __UCB0TXBUF = 0x6f
                0x00000118                __UCB0I2COA = 0x118
                0x0000011a                __UCB0I2CSA = 0x11a
                0x000000d0                __UCA1CTL0 = 0xd0
                0x000000d1                __UCA1CTL1 = 0xd1
                0x000000d2                __UCA1BR0 = 0xd2
                0x000000d3                __UCA1BR1 = 0xd3
                0x000000d4                __UCA1MCTL = 0xd4
                0x000000d5                __UCA1STAT = 0xd5
                0x000000d6                __UCA1RXBUF = 0xd6
                0x000000d7                __UCA1TXBUF = 0xd7
                0x000000cd                __UCA1ABCTL = 0xcd
                0x000000ce                __UCA1IRTCTL = 0xce
                0x000000cf                __UCA1IRRCTL = 0xcf
                0x000000d8                __UCB1CTL0 = 0xd8
                0x000000d9                __UCB1CTL1 = 0xd9
                0x000000da                __UCB1BR0 = 0xda
                0x000000db                __UCB1BR1 = 0xdb
                0x000000dc                __UCB1I2CIE = 0xdc
                0x000000dd                __UCB1STAT = 0xdd
                0x000000de                __UCB1RXBUF = 0xde
                0x000000df                __UCB1TXBUF = 0xdf
                0x0000017c                __UCB1I2COA = 0x17c
                0x0000017e                __UCB1I2CSA = 0x17e
                0x00000120                __WDTCTL = 0x120
                0x000010c0                __TLV_CHECKSUM = 0x10c0
                0x000010f6                __TLV_DCO_30_TAG = 0x10f6
                0x000010f7                __TLV_DCO_30_LEN = 0x10f7
                0x000010da                __TLV_ADC12_1_TAG = 0x10da
                0x000010db                __TLV_ADC12_1_LEN = 0x10db
                0x000010f8                __CALDCO_16MHZ = 0x10f8
                0x000010f9                __CALBC1_16MHZ = 0x10f9
                0x000010fa                __CALDCO_12MHZ = 0x10fa
                0x000010fb                __CALBC1_12MHZ = 0x10fb
                0x000010fc                __CALDCO_8MHZ = 0x10fc
                0x000010fd                __CALBC1_8MHZ = 0x10fd
                0x000010fe                __CALDCO_1MHZ = 0x10fe
                0x000010ff                __CALBC1_1MHZ = 0x10ff

.hash
 *(.hash)

.dynsym
 *(.dynsym)

.dynstr
 *(.dynstr)

.gnu.version
 *(.gnu.version)

.gnu.version_d
 *(.gnu.version_d)

.gnu.version_r
 *(.gnu.version_r)

.rel.init
 *(.rel.init)

.rela.init
 *(.rela.init)

.rel.fini
 *(.rel.fini)

.rela.fini
 *(.rela.fini)

.rel.text
 *(.rel.text .rel.text.* .rel.gnu.linkonce.t.*)

.rela.text
 *(.rela.text .rela.text.* .rela.gnu.linkonce.t.*)

.rel.rodata
 *(.rel.rodata .rel.rodata.* .rel.gnu.linkonce.r.*)

.rela.rodata
 *(.rela.rodata .rela.rodata.* .rela.gnu.linkonce.r.*)

.rel.data
 *(.rel.data .rel.data.* .rel.gnu.linkonce.d.*)

.rela.data
 *(.rela.data .rela.data.* .rela.gnu.linkonce.d.*)

.rel.bss
 *(.rel.bss .rel.bss.* .rel.gnu.linkonce.b.*)

.rela.bss
 *(.rela.bss .rela.bss.* .rela.gnu.linkonce.b.*)

.rel.ctors
 *(.rel.ctors)

.rela.ctors
 *(.rela.ctors)

.rel.dtors
 *(.rel.dtors)

.rela.dtors
 *(.rela.dtors)

.rel.got
 *(.rel.got)

.rela.got
 *(.rela.got)

.rel.plt
 *(.rel.plt)

.rela.plt
 *(.rela.plt)

.text           0x00003100     0x86fa
                0x00003100                . = ALIGN (0x2)
 *(.init .init.*)
 *(.init0)
 .init0         0x00003100        0x0 /usr/local/msp430/bin/../lib/gcc/msp430/4.7.0/mcpu-430x/mmpy-16/libcrt0.a(_reset_vector__.o)
                0x00003100                _reset_vector__
 *(.init1)
 .init1         0x00003100        0xc /usr/local/msp430/bin/../lib/gcc/msp430/4.7.0/mcpu-430x/mmpy-16/libcrt0.a(__watchdog_support.o)
                0x00003100                __watchdog_support
 *(.init2)
 .init2         0x0000310c        0x4 /usr/local/msp430/bin/../lib/gcc/msp430/4.7.0/mcpu-430x/mmpy-16/libcrt0.a(__init_stack.o)
                0x0000310c                __init_stack
 *(.init3)
 .init3         0x00003110        0x0 /usr/local/msp430/bin/../lib/gcc/msp430/4.7.0/mcpu-430x/mmpy-16/libcrt0.a(__low_level_init.o)
                0x00003110                __low_level_init
 *(.init4)
 .init4         0x00003110       0x18 /usr/local/msp430/bin/../lib/gcc/msp430/4.7.0/mcpu-430x/mmpy-16/libcrt0.a(_copy_data.o)
                0x00003110                __do_copy_data
 .init4         0x00003128       0x16 /usr/local/msp430/bin/../lib/gcc/msp430/4.7.0/mcpu-430x/mmpy-16/libcrt0.a(_clear_bss.o)
                0x00003128                __do_clear_bss
 *(.init5)
 *(.init6)
 *(.init7)
 *(.init8)
 *(.init9)
 .init9         0x0000313e      0x302 obj_z1/contiki-z1-main.o
                0x0000313e                main
 *(.fini9)
 .fini9         0x00003440        0x0 /usr/local/msp430/bin/../lib/gcc/msp430/4.7.0/mcpu-430x/mmpy-16/libcrt0.a(__stop_progExec__.o)
                0x00003440                __stop_progExec__
 *(.fini8)
 *(.fini7)
 *(.fini6)
 *(.fini5)
 *(.fini4)
 *(.fini3)
 *(.fini2)
 *(.fini1)
 *(.fini0)
 .fini0         0x00003440        0x6 /usr/local/msp430/bin/../lib/gcc/msp430/4.7.0/mcpu-430x/mmpy-16/libcrt0.a(_endless_loop__.o)
                0x00003440                _endless_loop__
 *(.fini .fini.*)
                0x00003446                . = ALIGN (0x2)
                0x00003446                __ctors_start = .
 *(.ctors)
                0x00003446                __ctors_end = .
                0x00003446                __dtors_start = .
 *(.dtors)
                0x00003446                __dtors_end = .
                0x00003446                . = ALIGN (0x2)
 *(.text .text.* .gnu.linkonce.t.*)
 .text          0x00003446        0x4 /usr/local/msp430/bin/../lib/gcc/msp430/4.7.0/mcpu-430x/mmpy-16/crt0ivtbl32.o
                0x00003446                __isr_14
                0x00003446                __isr_4
                0x00003446                __isr_29
                0x00003446                __isr_11
                0x00003446                __isr_5
                0x00003446                __isr_2
                0x00003446                __isr_10
                0x00003446                __isr_7
                0x00003446                __isr_0
                0x00003446                __isr_28
                0x00003446                __isr_8
                0x00003446                __isr_20
                0x00003446                __isr_3
                0x00003446                __isr_12
                0x00003446                __isr_13
                0x00003446                __isr_27
                0x00003446                __isr_9
                0x00003446                __isr_30
                0x00003446                __isr_6
                0x00003446                __isr_22
                0x00003446                __isr_1
                0x00003446                __isr_15
                0x00003446                __isr_21
 .text.crt0     0x0000344a        0x0 /usr/local/msp430/bin/../lib/gcc/msp430/4.7.0/mcpu-430x/mmpy-16/crt0ivtbl32.o
 .text          0x0000344a      0x458 app.co
 .text          0x000038a2      0x412 obj_z1/ntp.o
                0x000038a2                print_packet
                0x000038f8                ntp_create
                0x00003900                ntp_init
                0x00003930                ntp_put_t1
                0x00003956                ntp_put_t2
                0x00003980                ntp_put_t3
                0x000039aa                ntp_make_request
                0x000039b0                ntp_make_ack
                0x000039ea                ntp_calc
                0x00003bfe                ntp_handle_ack
                0x00003c66                print_ntp
 .text          0x00003cb4      0x49e obj_z1/sclock.o
                0x00003cb4                sclock_create
                0x00003ccc                sclock_init
                0x00003d02                sclock_update
                0x00003dca                sclock_now
                0x00003de0                sclock_tick_to_timestamp
                0x00003f22                sclock_rtimer_set
                0x00003fb0                sclock_hold_time
                0x0000405a                sclock_etimer_set
                0x000040f6                sclock_etimer_set_long
 .text          0x00004152      0xa8c obj_z1/timestamp.o
                0x00004152                timestamp_arrange
                0x0000434a                timestamp_is_overflow
                0x0000438a                timestamp_is_empty
                0x000043ae                timestamp_init
                0x000043cc                timestamp_add
                0x000043fa                timestamp_plus
                0x00004454                timestamp_subtract
                0x0000451e                timestamp_minus
                0x000045ec                timestamp_divide
                0x00004714                packet_get_index
                0x00004730                timestamp_to_packet
                0x000048b4                timestamp_from_packet
                0x00004af8                timestamp_cmp
                0x00004b72                timestamp_cpy
                0x00004b9c                print_timestamp
 .text          0x00004bde       0x6a obj_z1/uart0.o
                0x00004bde                uart0_active
                0x00004bec                uart0_set_input
                0x00004bf2                uart0_writeb
                0x00004c08                uart0_init
 .text          0x00004c48       0x14 obj_z1/uart.o
                0x00004c48                UART_out
                0x00004c52                UART_input_callback
 .text          0x00004c5c        0x6 obj_z1/contiki-z1-main.o
                0x00004c5c                uip_log
 .text          0x00004c62       0x2a contiki-z1.a(rimeaddr.o)
                0x00004c62                rimeaddr_copy
                0x00004c6e                rimeaddr_cmp
                0x00004c80                rimeaddr_set_node_addr
 .text          0x00004c8c       0xd8 contiki-z1.a(rime.o)
                0x00004d28                rime_sniffer_add
                0x00004d34                rime_sniffer_remove
                0x00004d40                rime_output
 .text          0x00004d64      0x114 contiki-z1.a(announcement.o)
                0x00004d64                announcement_init
                0x00004d6e                announcement_register
                0x00004da8                announcement_remove
                0x00004db4                announcement_remove_value
                0x00004dd6                announcement_set_value
                0x00004dfe                announcement_bump
                0x00004e20                announcement_listen
                0x00004e2c                announcement_register_listen_callback
                0x00004e32                announcement_register_observer_callback
                0x00004e38                announcement_list
                0x00004e42                announcement_heard
 .text          0x00004e78      0x1bc contiki-z1.a(broadcast-annou)
                0x00004fc4                broadcast_announcement_init
                0x00005008                broadcast_announcement_stop
                0x0000502a                broadcast_announcement_beacon_interval
 .text          0x00005034       0x78 contiki-z1.a(broadcast.o)
                0x0000506a                broadcast_open
                0x0000508c                broadcast_close
                0x00005092                broadcast_send
 .text          0x000050ac       0x48 contiki-z1.a(abc.o)
                0x000050ac                abc_open
                0x000050ca                abc_close
                0x000050d0                abc_send
                0x000050d6                abc_input
                0x000050e4                abc_sent
 .text          0x000050f4       0x38 contiki-z1.a(chameleon.o)
                0x000050f4                chameleon_init
                0x000050fa                chameleon_parse
                0x0000510a                chameleon_create
                0x00005126                chameleon_hdrsize
 .text          0x0000512c       0x66 contiki-z1.a(channel.o)
                0x0000512c                channel_init
                0x00005136                channel_open
                0x00005146                channel_close
                0x00005152                channel_lookup
                0x00005172                channel_set_attributes
 .text          0x00005192      0x2ec contiki-z1.a(chameleon-bitop)
                0x000051a8                get_bits_in_byte
                0x000051de                get_bits
                0x0000531c                set_bits_in_byte
                0x00005346                set_bits
 .text          0x0000547e       0x1e contiki-z1.a(nullmac.o)
 .text          0x0000549c       0xe8 contiki-z1.a(nullrdc.o)
 .text          0x00005584       0x14 contiki-z1.a(mac.o)
                0x00005584                mac_call_sent_callback
 .text          0x00005598      0x1b2 contiki-z1.a(framer-802154.o)
 .text          0x0000574a      0xcb0 contiki-z1.a(plb.o)
 .text          0x000063fa      0x2a0 contiki-z1.a(process.o)
                0x000064f6                process_alloc_event
                0x00006504                process_exit
                0x0000650e                process_init
                0x0000652a                process_run
                0x000065ce                process_nevents
                0x000065dc                process_post
                0x0000662c                process_post_synch
                0x0000663e                process_start
                0x00006674                process_poll
                0x0000668c                process_is_running
 .text          0x0000669a       0x2a contiki-z1.a(autostart.o)
                0x0000669a                autostart_start
                0x000066b0                autostart_exit
 .text          0x000066c4      0x104 contiki-z1.a(serial-line.o)
                0x00006762                serial_line_input_byte
                0x000067ac                serial_line_init
 .text          0x000067c8       0xec contiki-z1.a(list.o)
                0x000067c8                list_init
                0x000067ce                list_head
                0x000067d2                list_copy
                0x000067d8                list_tail
                0x000067ea                list_chop
                0x00006804                list_pop
                0x00006812                list_remove
                0x00006846                list_push
                0x0000685c                list_add
                0x00006882                list_length
                0x00006892                list_insert
                0x000068a8                list_item_next
 .text          0x000068b4      0x258 contiki-z1.a(etimer.o)
                0x00006924                etimer_request_poll
                0x00006a32                etimer_set
                0x00006a44                etimer_reset
                0x00006a56                etimer_restart
                0x00006a68                etimer_adjust
                0x00006a82                etimer_expired
                0x00006a90                etimer_expiration_time
                0x00006aa4                etimer_start_time
                0x00006aac                etimer_pending
                0x00006ab8                etimer_next_expiration_time
                0x00006ace                etimer_stop
 .text          0x00006b0c      0x1ce contiki-z1.a(ctimer.o)
                0x00006bac                ctimer_init
                0x00006bc4                ctimer_set
                0x00006c16                ctimer_reset
                0x00006c4c                ctimer_restart
                0x00006c82                ctimer_stop
                0x00006caa                ctimer_expired
 .text          0x00006cda       0xaa contiki-z1.a(energest.o)
                0x00006cda                energest_init
                0x00006cfe                energest_type_time
                0x00006d3a                energest_leveldevice_leveltime
                0x00006d40                energest_type_set
                0x00006d4c                energest_flush
 .text          0x00006d84       0x50 contiki-z1.a(rtimer.o)
                0x00006d84                rtimer_init
                0x00006d8a                rtimer_set
                0x00006dae                rtimer_run_next
 .text          0x00006dd4        0xc contiki-z1.a(random.o)
                0x00006dd4                random_init
                0x00006dda                random_rand
 .text          0x00006de0       0x94 contiki-z1.a(ringbuf.o)
                0x00006de0                ringbuf_init
                0x00006df4                ringbuf_put
                0x00006e2c                ringbuf_get
                0x00006e5a                ringbuf_size
                0x00006e62                ringbuf_elements
 .text          0x00006e74      0x216 contiki-z1.a(packetbuf.o)
                0x00006e74                packetbuf_clear_hdr
                0x00006e7c                packetbuf_copyto_hdr
                0x00006e98                packetbuf_copyto
                0x00006ede                packetbuf_hdr_remove
                0x00006ee4                packetbuf_hdrreduce
                0x00006efe                packetbuf_set_datalen
                0x00006f04                packetbuf_dataptr
                0x00006f12                packetbuf_hdrptr
                0x00006f1c                packetbuf_is_reference
                0x00006f2a                packetbuf_compact
                0x00006f72                packetbuf_reference_ptr
                0x00006f78                packetbuf_datalen
                0x00006f7e                packetbuf_hdrlen
                0x00006f88                packetbuf_totlen
                0x00006f98                packetbuf_hdralloc
                0x00006fc2                packetbuf_attr_clear
                0x00006fee                packetbuf_clear
                0x00007008                packetbuf_reference
                0x0000701e                packetbuf_copyfrom
                0x00007048                packetbuf_attr_copyto
                0x00007068                packetbuf_attr_copyfrom
 .text          0x0000708a      0x1a6 contiki-z1.a(queuebuf.o)
                0x0000708a                queuebuf_init
                0x000070a4                queuebuf_new_from_packetbuf
                0x0000711e                queuebuf_update_attr_from_packetbuf
                0x00007130                queuebuf_free
                0x00007170                queuebuf_to_packetbuf
                0x000071da                queuebuf_dataptr
                0x0000720c                queuebuf_datalen
                0x00007212                queuebuf_addr
                0x00007220                queuebuf_attr
                0x0000722e                queuebuf_debug_print
 .text          0x00007230        0xc contiki-z1.a(contiki-z1-plat)
                0x00007230                init_platform
 .text          0x0000723c       0xd2 contiki-z1.a(msp430.o)
                0x0000723c                msp430_init_dco
                0x00007264                msp430_quick_synch_dco
                0x000072e0                msp430_cpu_init
                0x00007306                splhigh_
 .text          0x0000730e      0x168 contiki-z1.a(leds.o)
                0x00007406                leds_init
                0x00007414                leds_get
                0x0000741a                leds_on
                0x0000742e                leds_off
                0x00007442                leds_invert
                0x0000744c                leds_toggle
                0x00007452                leds_blink
 .text          0x00007476       0x54 contiki-z1.a(watchdog.o)
                0x00007476                watchdog_start
                0x0000748a                watchdog_periodic
                0x0000749c                watchdog_stop
                0x000074b2                watchdog_init
                0x000074c4                watchdog_reboot
 .text          0x000074ca      0x30a contiki-z1.a(xmem.o)
                0x00007536                xmem_init
                0x00007554                xmem_pread
                0x00007616                xmem_pwrite
                0x0000772a                xmem_erase
 .text          0x000077d4       0x32 contiki-z1.a(spi.o)
                0x000077d4                spi_init
 .text          0x00007806      0x9d0 contiki-z1.a(cc2420.o)
                0x00007b02                cc2420_on
                0x00007b24                cc2420_off
                0x00007ce4                cc2420_get_channel
                0x00007cea                cc2420_set_channel
                0x00007d62                cc2420_set_pan_addr
                0x00007e82                cc2420_init
                0x00007f4c                cc2420_interrupt
                0x00007f6a                cc2420_set_txpower
                0x00007f78                cc2420_get_txpower
                0x0000813e                cc2420_rssi
                0x0000819c                cc2420_cca_valid
                0x000081c0                cc2420_set_cca_threshold
 .text          0x000081d6       0x1a contiki-z1.a(cc2420-arch.o)
                0x000081d6                cc2420_arch_init
 .text          0x000081f0       0x96 contiki-z1.a(node-id.o)
                0x000081f0                node_id_restore
                0x0000823c                node_id_burn
 .text          0x00008286      0x156 contiki-z1.a(sensors.o)
                0x00008348                sensors_first
                0x0000834e                sensors_next
                0x00008372                sensors_changed
                0x0000839c                sensors_find
 .text          0x000083dc       0x86 contiki-z1.a(button-sensor.o)
 .text          0x00008462       0x10 contiki-z1.a(uart0-putchar.o)
                0x00008462                putchar
 .text          0x00008472       0x10 contiki-z1.a(slip_uart0.o)
                0x00008472                slip_arch_writeb
                0x00008478                slip_arch_init
 .text          0x00008482      0x254 contiki-z1.a(adxl345.o)
                0x00008482                accm_write_reg
                0x000084b0                accm_write_stream
                0x000084da                accm_read_reg
                0x00008584                accm_read_stream
                0x000085d6                accm_read_axis
                0x000085fc                accm_set_grange
                0x00008620                accm_init
                0x000086aa                accm_set_irq
 .text          0x000086d6       0xda contiki-z1.a(clock.o)
                0x000086d6                clock_time
                0x000086f0                clock_set
                0x00008706                clock_fine_max
                0x0000870c                clock_fine
                0x00008718                clock_init
                0x00008740                clock_delay
                0x0000874c                clock_wait
                0x00008770                clock_set_seconds
                0x00008788                clock_seconds
                0x000087a2                clock_counter
 .text          0x000087b0       0x74 contiki-z1.a(leds-arch.o)
                0x000087b0                leds_arch_init
                0x000087be                leds_arch_get
                0x000087ec                leds_arch_set
 .text          0x00008824       0x22 contiki-z1.a(rtimer-arch.o)
                0x00008824                rtimer_arch_init
                0x00008832                rtimer_arch_now
                0x00008840                rtimer_arch_schedule
 .text          0x00008846      0x366 contiki-z1.a(frame802154.o)
                0x000088d2                frame802154_hdrlen
                0x00008900                frame802154_create
                0x00008a36                frame802154_parse
 .text          0x00008bac       0xd8 contiki-z1.a(memb.o)
                0x00008bac                memb_init
                0x00008be2                memb_alloc
                0x00008c20                memb_free
                0x00008c5a                memb_inmemb
 .text          0x00008c84       0x8c contiki-z1.a(timer.o)
                0x00008c84                timer_set
                0x00008ca0                timer_reset
                0x00008cae                timer_restart
                0x00008cc2                timer_expired
                0x00008cec                timer_remaining
 .text          0x00008d10      0x35e contiki-z1.a(slip.o)
                0x00008d10                slip_set_input_callback
                0x00008d16                slip_send
                0x00008d70                slip_write
                0x00008fb2                slip_input_byte
 .text          0x0000906e       0xfa contiki-z1.a(i2cmaster.o)
                0x0000906e                i2c_receiveinit
                0x000090a2                i2c_transmitinit
                0x000090d0                i2c_receive_n
                0x0000910e                i2c_busy
                0x00009118                i2c_enable
                0x0000913a                i2c_disable
                0x00009154                i2c_transmit_n
 .text          0x00009168      0x370 contiki-z1.a(tcpip.o)
                0x0000917e                tcpip_output
                0x00009346                tcpip_set_outputfunc
                0x0000934c                tcp_unlisten
                0x0000937e                tcp_listen
                0x000093b8                tcp_attach
                0x000093c4                udp_attach
                0x000093d0                udp_new
                0x000093ea                udp_broadcast_new
                0x00009418                tcpip_input
                0x0000942a                tcpip_poll_udp
                0x00009438                tcpip_poll_tcp
                0x00009446                tcp_connect
                0x00009468                tcpip_uipcall
 .text          0x000094d8      0x28e contiki-z1.a(uip-fw.o)
                0x000094d8                uip_fw_init
                0x000094f4                uip_fw_output
                0x000095e2                uip_fw_forward
                0x00009738                uip_fw_register
                0x00009744                uip_fw_default
                0x0000974a                uip_fw_periodic
 .text          0x00009766      0xff6 contiki-z1.a(uip.o)
                0x000097da                uip_setipid
                0x000097e0                uip_add32
                0x0000986c                uip_chksum
                0x00009884                uip_tcpchksum
                0x0000988e                uip_udpchksum
                0x00009898                uip_init
                0x000098de                uip_connect
                0x000099d4                uip_udp_new
                0x00009a82                uip_unlisten
                0x00009aac                uip_listen
                0x00009ad8                uip_process
                0x0000a6fa                uip_htons
                0x0000a706                uip_htonl
                0x0000a730                uip_send
 .text          0x0000a75c       0x32 contiki-z1.a(uip-ipchksum.o)
                0x0000a75c                uip_ipchksum
 .text          0x0000a78e        0x0 /usr/local/msp430/bin/../lib/gcc/msp430/4.7.0/mcpu-430x/mmpy-16/libgcc.a(_mulsi3.o)
 .text.libgcc   0x0000a78e       0x26 /usr/local/msp430/bin/../lib/gcc/msp430/4.7.0/mcpu-430x/mmpy-16/libgcc.a(_mulsi3.o)
                0x0000a78e                __mulsi3
 .text          0x0000a7b4        0x0 /usr/local/msp430/bin/../lib/gcc/msp430/4.7.0/mcpu-430x/mmpy-16/libgcc.a(_udivmod16.o)
 .text.libgcc   0x0000a7b4       0x22 /usr/local/msp430/bin/../lib/gcc/msp430/4.7.0/mcpu-430x/mmpy-16/libgcc.a(_udivmod16.o)
                0x0000a7b4                __udivhi3
                0x0000a7b4                __ext_udivmod16
                0x0000a7ce                __umodhi3
 .text          0x0000a7d6        0x0 /usr/local/msp430/bin/../lib/gcc/msp430/4.7.0/mcpu-430x/mmpy-16/libgcc.a(_udivmod32.o)
 .text.libgcc   0x0000a7d6       0x38 /usr/local/msp430/bin/../lib/gcc/msp430/4.7.0/mcpu-430x/mmpy-16/libgcc.a(_udivmod32.o)
                0x0000a7d6                __udivsi3
                0x0000a7d6                __ext_udivmod32
                0x0000a804                __umodsi3
 .text          0x0000a80e        0x0 /usr/local/msp430/bin/../lib/gcc/msp430/4.7.0/../../../../msp430/lib/mcpu-430x/mmpy-16/libc.a(malloc.o)
 .text.malloc   0x0000a80e       0xbe /usr/local/msp430/bin/../lib/gcc/msp430/4.7.0/../../../../msp430/lib/mcpu-430x/mmpy-16/libc.a(malloc.o)
                0x0000a80e                malloc
 .text.free     0x0000a8cc        0x6 /usr/local/msp430/bin/../lib/gcc/msp430/4.7.0/../../../../msp430/lib/mcpu-430x/mmpy-16/libc.a(malloc.o)
                0x0000a8cc                free
 .text          0x0000a8d2        0x0 /usr/local/msp430/bin/../lib/gcc/msp430/4.7.0/../../../../msp430/lib/mcpu-430x/mmpy-16/libc.a(printf.o)
 .text.printf   0x0000a8d2       0x10 /usr/local/msp430/bin/../lib/gcc/msp430/4.7.0/../../../../msp430/lib/mcpu-430x/mmpy-16/libc.a(printf.o)
                0x0000a8d2                printf
 .text.vprintf  0x0000a8e2        0xe /usr/local/msp430/bin/../lib/gcc/msp430/4.7.0/../../../../msp430/lib/mcpu-430x/mmpy-16/libc.a(printf.o)
                0x0000a8e2                vprintf
 .text          0x0000a8f0        0x0 /usr/local/msp430/bin/../lib/gcc/msp430/4.7.0/../../../../msp430/lib/mcpu-430x/mmpy-16/libc.a(vuprintf.o)
 .text.print_field
                0x0000a8f0      0x176 /usr/local/msp430/bin/../lib/gcc/msp430/4.7.0/../../../../msp430/lib/mcpu-430x/mmpy-16/libc.a(vuprintf.o)
 .text.vuprintf
                0x0000aa66      0x740 /usr/local/msp430/bin/../lib/gcc/msp430/4.7.0/../../../../msp430/lib/mcpu-430x/mmpy-16/libc.a(vuprintf.o)
                0x0000aa66                vuprintf
 .text          0x0000b1a6        0x0 /usr/local/msp430/bin/../lib/gcc/msp430/4.7.0/../../../../msp430/lib/mcpu-430x/mmpy-16/libc.a(puts.o)
 .text.puts     0x0000b1a6       0x2c /usr/local/msp430/bin/../lib/gcc/msp430/4.7.0/../../../../msp430/lib/mcpu-430x/mmpy-16/libc.a(puts.o)
                0x0000b1a6                puts
 .text          0x0000b1d2        0x0 /usr/local/msp430/bin/../lib/gcc/msp430/4.7.0/../../../../msp430/lib/mcpu-430x/mmpy-16/libc.a(rand.o)
 .text.rand_r   0x0000b1d2       0x24 /usr/local/msp430/bin/../lib/gcc/msp430/4.7.0/../../../../msp430/lib/mcpu-430x/mmpy-16/libc.a(rand.o)
                0x0000b1d2                rand_r
 .text.rand     0x0000b1f6       0x26 /usr/local/msp430/bin/../lib/gcc/msp430/4.7.0/../../../../msp430/lib/mcpu-430x/mmpy-16/libc.a(rand.o)
                0x0000b1f6                rand
 .text.srand    0x0000b21c        0xa /usr/local/msp430/bin/../lib/gcc/msp430/4.7.0/../../../../msp430/lib/mcpu-430x/mmpy-16/libc.a(rand.o)
                0x0000b21c                srand
 .text          0x0000b226        0x0 /usr/local/msp430/bin/../lib/gcc/msp430/4.7.0/../../../../msp430/lib/mcpu-430x/mmpy-16/libc.a(strncmp.o)
 .text.strncmp  0x0000b226       0x2a /usr/local/msp430/bin/../lib/gcc/msp430/4.7.0/../../../../msp430/lib/mcpu-430x/mmpy-16/libc.a(strncmp.o)
                0x0000b226                strncmp
 .text          0x0000b250        0x0 /usr/local/msp430/bin/../lib/gcc/msp430/4.7.0/../../../../msp430/lib/mcpu-430x/mmpy-16/libc.a(memcmp.o)
 .text.memcmp   0x0000b250       0x2c /usr/local/msp430/bin/../lib/gcc/msp430/4.7.0/../../../../msp430/lib/mcpu-430x/mmpy-16/libc.a(memcmp.o)
                0x0000b250                memcmp
 .text          0x0000b27c        0x0 /usr/local/msp430/bin/../lib/gcc/msp430/4.7.0/../../../../msp430/lib/mcpu-430x/mmpy-16/libc.a(memcpy.o)
 .text.memcpy   0x0000b27c       0xe8 /usr/local/msp430/bin/../lib/gcc/msp430/4.7.0/../../../../msp430/lib/mcpu-430x/mmpy-16/libc.a(memcpy.o)
                0x0000b27c                memcpy
 .text          0x0000b364        0x0 /usr/local/msp430/bin/../lib/gcc/msp430/4.7.0/../../../../msp430/lib/mcpu-430x/mmpy-16/libc.a(memset.o)
 .text.memset   0x0000b364       0x5c /usr/local/msp430/bin/../lib/gcc/msp430/4.7.0/../../../../msp430/lib/mcpu-430x/mmpy-16/libc.a(memset.o)
                0x0000b364                memset
 .text          0x0000b3c0        0x0 /usr/local/msp430/bin/../lib/gcc/msp430/4.7.0/mcpu-430x/mmpy-16/libgcc.a(_udivmod64.o)
 .text.libgcc   0x0000b3c0       0xbc /usr/local/msp430/bin/../lib/gcc/msp430/4.7.0/mcpu-430x/mmpy-16/libgcc.a(_udivmod64.o)
                0x0000b3c0                __xabi_udivmod64
                0x0000b412                __udivdi3
                0x0000b42c                __umoddi3
                0x0000b44e                __udivmoddi4
 .text          0x0000b47c        0x0 /usr/local/msp430/bin/../lib/gcc/msp430/4.7.0/mcpu-430x/mmpy-16/libcrt0.a(_reset_vector__.o)
 .text          0x0000b47c        0x0 /usr/local/msp430/bin/../lib/gcc/msp430/4.7.0/mcpu-430x/mmpy-16/libcrt0.a(__watchdog_support.o)
 .text          0x0000b47c        0x0 /usr/local/msp430/bin/../lib/gcc/msp430/4.7.0/mcpu-430x/mmpy-16/libcrt0.a(__init_stack.o)
 .text          0x0000b47c        0x0 /usr/local/msp430/bin/../lib/gcc/msp430/4.7.0/mcpu-430x/mmpy-16/libcrt0.a(__low_level_init.o)
 .text          0x0000b47c        0x0 /usr/local/msp430/bin/../lib/gcc/msp430/4.7.0/mcpu-430x/mmpy-16/libcrt0.a(_copy_data.o)
 .text          0x0000b47c        0x0 /usr/local/msp430/bin/../lib/gcc/msp430/4.7.0/mcpu-430x/mmpy-16/libcrt0.a(_clear_bss.o)
 .text          0x0000b47c        0x0 /usr/local/msp430/bin/../lib/gcc/msp430/4.7.0/mcpu-430x/mmpy-16/libcrt0.a(__stop_progExec__.o)
 .text          0x0000b47c        0x0 /usr/local/msp430/bin/../lib/gcc/msp430/4.7.0/mcpu-430x/mmpy-16/libcrt0.a(_endless_loop__.o)
 .text          0x0000b47c        0x0 /usr/local/msp430/bin/../lib/gcc/msp430/4.7.0/mcpu-430x/mmpy-16/libcrt0.a(_unexpected_.o)
 .text.crt0     0x0000b47c        0x2 /usr/local/msp430/bin/../lib/gcc/msp430/4.7.0/mcpu-430x/mmpy-16/libcrt0.a(_unexpected_.o)
                0x0000b47c                _unexpected_
 *(.near.text .near.text.*)
 .near.text     0x0000b47e       0x64 obj_z1/uart0.o
                0x0000b47e                __isr_23
                0x0000b47e                uart0_rx_interrupt
 .near.text     0x0000b4e2        0x6 contiki-z1.a(watchdog.o)
                0x0000b4e2                __isr_26
                0x0000b4e2                watchdog_interrupt
 .near.text     0x0000b4e8       0x76 contiki-z1.a(button-sensor.o)
                0x0000b4e8                irq_p2
                0x0000b4e8                __isr_19
 .near.text     0x0000b55e       0xbe contiki-z1.a(adxl345.o)
                0x0000b55e                port1_isr
                0x0000b55e                __isr_18
 .near.text     0x0000b61c       0xea contiki-z1.a(clock.o)
                0x0000b61c                __isr_24
                0x0000b61c                timera1
 .near.text     0x0000b706       0x5c contiki-z1.a(rtimer-arch.o)
                0x0000b706                __isr_25
                0x0000b706                timera0
 .near.text     0x0000b762       0x98 contiki-z1.a(i2cmaster.o)
                0x0000b762                __isr_16
                0x0000b762                i2c_tx_interrupt
                0x0000b7e6                i2c_rx_interrupt
                0x0000b7e6                __isr_17

.rodata         0x0000b7fc      0x77f
                0x0000b7fc                . = ALIGN (0x2)
 *(.rodata .rodata.* .gnu.linkonce.r.*)
 .rodata        0x0000b7fc       0x24 app.co
                0x0000b7fc                autostart_processes
 .rodata        0x0000b820       0x2d obj_z1/ntp.o
 .rodata        0x0000b84d       0x3e obj_z1/timestamp.o
 .rodata        0x0000b88b       0xd4 obj_z1/contiki-z1-main.o
 *fill*         0x0000b95f        0x1 00
 .rodata        0x0000b960        0x2 contiki-z1.a(rimeaddr.o)
                0x0000b960                rimeaddr_null
 .rodata        0x0000b962        0xc contiki-z1.a(rime.o)
                0x0000b968                rime_driver
 .rodata        0x0000b96e        0x4 contiki-z1.a(broadcast-annou)
 .rodata        0x0000b972        0x8 contiki-z1.a(broadcast.o)
 .rodata        0x0000b97a        0x2 contiki-z1.a(abc.o)
 .rodata        0x0000b97c       0x10 contiki-z1.a(chameleon-bitop)
                0x0000b97c                chameleon_bitopt
 .rodata        0x0000b98c       0x16 contiki-z1.a(nullmac.o)
                0x0000b994                nullmac_driver
 .rodata        0x0000b9a2       0x18 contiki-z1.a(nullrdc.o)
                0x0000b9aa                nullrdc_driver
 .rodata        0x0000b9ba        0x4 contiki-z1.a(framer-802154.o)
                0x0000b9ba                framer_802154
 .rodata        0x0000b9be      0x4b0 contiki-z1.a(plb.o)
                0x0000be5e                plb_driver
 .rodata        0x0000be6e        0xe contiki-z1.a(serial-line.o)
 .rodata        0x0000be7c        0xc contiki-z1.a(etimer.o)
 .rodata        0x0000be88        0xf contiki-z1.a(ctimer.o)
 .rodata        0x0000be97       0x2c contiki-z1.a(xmem.o)
 *fill*         0x0000bec3        0x1 00
 .rodata        0x0000bec4       0x22 contiki-z1.a(cc2420.o)
                0x0000bec4                cc2420_driver
 .rodata        0x0000bee6        0x8 contiki-z1.a(sensors.o)
 .rodata        0x0000beee       0x10 contiki-z1.a(button-sensor.o)
                0x0000bef6                button_sensor
 .rodata        0x0000befe       0x16 contiki-z1.a(adxl345.o)
 .rodata        0x0000bf14        0x2 contiki-z1.a(frame802154.o)
 .rodata        0x0000bf16       0x26 contiki-z1.a(slip.o)
 .rodata        0x0000bf3c        0xd contiki-z1.a(tcpip.o)
 *fill*         0x0000bf49        0x3 00
 .rodata        0x0000bf4c       0x28 contiki-z1.a(uip.o)
                0x0000bf6c                uip_all_zeroes_addr
                0x0000bf70                uip_broadcast_addr
 .rodata.vuprintf
                0x0000bf74        0x7 /usr/local/msp430/bin/../lib/gcc/msp430/4.7.0/../../../../msp430/lib/mcpu-430x/mmpy-16/libc.a(vuprintf.o)
 *(.near.rodata .near.rodata.*)
                0x0000bf7c                . = ALIGN (0x2)
                0x0000bf7c                _etext = .

.data           0x00001100       0x9a load address 0x0000bf7c
                0x00001100                . = ALIGN (0x2)
                0x00001100                __data_start = .
 *(.data .data.* .gnu.linkonce.d.*)
 .data          0x00001100        0x0 /usr/local/msp430/bin/../lib/gcc/msp430/4.7.0/mcpu-430x/mmpy-16/crt0ivtbl32.o
 .data          0x00001100        0xa app.co
                0x00001100                app_layer_process
 .data          0x0000110a        0x0 obj_z1/ntp.o
 .data          0x0000110a        0x0 obj_z1/sclock.o
 .data          0x0000110a        0x0 obj_z1/timestamp.o
 .data          0x0000110a        0x0 obj_z1/uart0.o
 .data          0x0000110a        0x0 obj_z1/uart.o
 .data          0x0000110a        0x4 obj_z1/contiki-z1-main.o
                0x0000110a                sensors
 .data          0x0000110e        0x0 contiki-z1.a(rimeaddr.o)
 .data          0x0000110e        0x0 contiki-z1.a(rime.o)
 .data          0x0000110e        0x0 contiki-z1.a(announcement.o)
 .data          0x0000110e        0x0 contiki-z1.a(broadcast-annou)
 .data          0x0000110e        0x0 contiki-z1.a(broadcast.o)
 .data          0x0000110e        0x0 contiki-z1.a(abc.o)
 .data          0x0000110e        0x0 contiki-z1.a(chameleon.o)
 .data          0x0000110e        0x0 contiki-z1.a(channel.o)
 .data          0x0000110e        0x0 contiki-z1.a(chameleon-bitop)
 .data          0x0000110e        0x0 contiki-z1.a(nullmac.o)
 .data          0x0000110e        0x0 contiki-z1.a(nullrdc.o)
 .data          0x0000110e        0x0 contiki-z1.a(mac.o)
 .data          0x0000110e        0x0 contiki-z1.a(framer-802154.o)
 .data          0x0000110e        0x8 contiki-z1.a(plb.o)
                0x0000110e                plb_config
 .data          0x00001116        0x0 contiki-z1.a(process.o)
 .data          0x00001116        0x0 contiki-z1.a(autostart.o)
 .data          0x00001116        0xa contiki-z1.a(serial-line.o)
                0x00001116                serial_line_process
 .data          0x00001120        0x0 contiki-z1.a(list.o)
 .data          0x00001120        0xa contiki-z1.a(etimer.o)
                0x00001120                etimer_process
 .data          0x0000112a        0xa contiki-z1.a(ctimer.o)
                0x0000112a                ctimer_process
 .data          0x00001134        0x0 contiki-z1.a(energest.o)
 .data          0x00001134        0x0 contiki-z1.a(rtimer.o)
 .data          0x00001134        0x0 contiki-z1.a(random.o)
 .data          0x00001134        0x0 contiki-z1.a(ringbuf.o)
 .data          0x00001134        0x0 contiki-z1.a(packetbuf.o)
 .data          0x00001134       0x18 contiki-z1.a(queuebuf.o)
 .data          0x0000114c        0x0 contiki-z1.a(contiki-z1-plat)
 .data          0x0000114c        0x2 contiki-z1.a(msp430.o)
 .data          0x0000114e        0x0 contiki-z1.a(leds.o)
 .data          0x0000114e        0x0 contiki-z1.a(watchdog.o)
 .data          0x0000114e        0x0 contiki-z1.a(xmem.o)
 .data          0x0000114e        0x0 contiki-z1.a(spi.o)
 .data          0x0000114e        0xa contiki-z1.a(cc2420.o)
                0x0000114e                cc2420_process
 .data          0x00001158        0x0 contiki-z1.a(cc2420-arch.o)
 .data          0x00001158        0x0 contiki-z1.a(node-id.o)
 .data          0x00001158        0xa contiki-z1.a(sensors.o)
                0x00001158                sensors_process
 .data          0x00001162        0x0 contiki-z1.a(button-sensor.o)
 .data          0x00001162        0x0 contiki-z1.a(uart0-putchar.o)
 .data          0x00001162        0x0 contiki-z1.a(slip_uart0.o)
 .data          0x00001162       0x20 contiki-z1.a(adxl345.o)
                0x00001162                accmeter_process
 .data          0x00001182        0x0 contiki-z1.a(clock.o)
 .data          0x00001182        0x0 contiki-z1.a(leds-arch.o)
 .data          0x00001182        0x0 contiki-z1.a(rtimer-arch.o)
 .data          0x00001182        0x0 contiki-z1.a(frame802154.o)
 .data          0x00001182        0x0 contiki-z1.a(memb.o)
 .data          0x00001182        0x0 contiki-z1.a(timer.o)
 .data          0x00001182        0xa contiki-z1.a(slip.o)
                0x00001182                slip_process
 .data          0x0000118c        0x0 contiki-z1.a(i2cmaster.o)
 .data          0x0000118c        0xa contiki-z1.a(tcpip.o)
                0x0000118c                tcpip_process
 .data          0x00001196        0x0 contiki-z1.a(uip-fw.o)
 .data          0x00001196        0x0 contiki-z1.a(uip.o)
 .data          0x00001196        0x0 contiki-z1.a(uip-ipchksum.o)
 .data          0x00001196        0x0 /usr/local/msp430/bin/../lib/gcc/msp430/4.7.0/mcpu-430x/mmpy-16/libgcc.a(_mulsi3.o)
 .data          0x00001196        0x0 /usr/local/msp430/bin/../lib/gcc/msp430/4.7.0/mcpu-430x/mmpy-16/libgcc.a(_udivmod16.o)
 .data          0x00001196        0x0 /usr/local/msp430/bin/../lib/gcc/msp430/4.7.0/mcpu-430x/mmpy-16/libgcc.a(_udivmod32.o)
 .data          0x00001196        0x0 /usr/local/msp430/bin/../lib/gcc/msp430/4.7.0/../../../../msp430/lib/mcpu-430x/mmpy-16/libc.a(malloc.o)
 .data          0x00001196        0x0 /usr/local/msp430/bin/../lib/gcc/msp430/4.7.0/../../../../msp430/lib/mcpu-430x/mmpy-16/libc.a(printf.o)
 .data          0x00001196        0x0 /usr/local/msp430/bin/../lib/gcc/msp430/4.7.0/../../../../msp430/lib/mcpu-430x/mmpy-16/libc.a(vuprintf.o)
 .data          0x00001196        0x0 /usr/local/msp430/bin/../lib/gcc/msp430/4.7.0/../../../../msp430/lib/mcpu-430x/mmpy-16/libc.a(puts.o)
 .data          0x00001196        0x0 /usr/local/msp430/bin/../lib/gcc/msp430/4.7.0/../../../../msp430/lib/mcpu-430x/mmpy-16/libc.a(rand.o)
 .data.next     0x00001196        0x4 /usr/local/msp430/bin/../lib/gcc/msp430/4.7.0/../../../../msp430/lib/mcpu-430x/mmpy-16/libc.a(rand.o)
 .data          0x0000119a        0x0 /usr/local/msp430/bin/../lib/gcc/msp430/4.7.0/../../../../msp430/lib/mcpu-430x/mmpy-16/libc.a(strncmp.o)
 .data          0x0000119a        0x0 /usr/local/msp430/bin/../lib/gcc/msp430/4.7.0/../../../../msp430/lib/mcpu-430x/mmpy-16/libc.a(memcmp.o)
 .data          0x0000119a        0x0 /usr/local/msp430/bin/../lib/gcc/msp430/4.7.0/../../../../msp430/lib/mcpu-430x/mmpy-16/libc.a(memcpy.o)
 .data          0x0000119a        0x0 /usr/local/msp430/bin/../lib/gcc/msp430/4.7.0/../../../../msp430/lib/mcpu-430x/mmpy-16/libc.a(memset.o)
 .data          0x0000119a        0x0 /usr/local/msp430/bin/../lib/gcc/msp430/4.7.0/mcpu-430x/mmpy-16/libgcc.a(_udivmod64.o)
 .data          0x0000119a        0x0 /usr/local/msp430/bin/../lib/gcc/msp430/4.7.0/mcpu-430x/mmpy-16/libcrt0.a(_reset_vector__.o)
 .data          0x0000119a        0x0 /usr/local/msp430/bin/../lib/gcc/msp430/4.7.0/mcpu-430x/mmpy-16/libcrt0.a(__watchdog_support.o)
 .data          0x0000119a        0x0 /usr/local/msp430/bin/../lib/gcc/msp430/4.7.0/mcpu-430x/mmpy-16/libcrt0.a(__init_stack.o)
 .data          0x0000119a        0x0 /usr/local/msp430/bin/../lib/gcc/msp430/4.7.0/mcpu-430x/mmpy-16/libcrt0.a(__low_level_init.o)
 .data          0x0000119a        0x0 /usr/local/msp430/bin/../lib/gcc/msp430/4.7.0/mcpu-430x/mmpy-16/libcrt0.a(_copy_data.o)
 .data          0x0000119a        0x0 /usr/local/msp430/bin/../lib/gcc/msp430/4.7.0/mcpu-430x/mmpy-16/libcrt0.a(_clear_bss.o)
 .data          0x0000119a        0x0 /usr/local/msp430/bin/../lib/gcc/msp430/4.7.0/mcpu-430x/mmpy-16/libcrt0.a(__stop_progExec__.o)
 .data          0x0000119a        0x0 /usr/local/msp430/bin/../lib/gcc/msp430/4.7.0/mcpu-430x/mmpy-16/libcrt0.a(_endless_loop__.o)
 .data          0x0000119a        0x0 /usr/local/msp430/bin/../lib/gcc/msp430/4.7.0/mcpu-430x/mmpy-16/libcrt0.a(_unexpected_.o)
 *(.near.data .near.data.*)
                0x0000119a                . = ALIGN (0x2)
                0x0000119a                _edata = .
                0x0000bf7c                __data_load_start = LOADADDR (.data)
                0x0000009a                __data_size = SIZEOF (.data)

.bss            0x0000119a      0xece load address 0x0000c016
                0x0000119a                __bss_start = .
 *(.bss .bss.*)
 .bss           0x0000119a        0x0 /usr/local/msp430/bin/../lib/gcc/msp430/4.7.0/mcpu-430x/mmpy-16/crt0ivtbl32.o
 .bss           0x0000119a        0xc app.co
 .bss           0x000011a6       0x22 obj_z1/ntp.o
 .bss           0x000011c8       0x1c obj_z1/sclock.o
 .bss           0x000011e4        0x0 obj_z1/timestamp.o
 .bss           0x000011e4        0x4 obj_z1/uart0.o
 .bss           0x000011e8        0x0 obj_z1/uart.o
 .bss           0x000011e8        0x4 obj_z1/contiki-z1-main.o
 .bss           0x000011ec        0x0 contiki-z1.a(rimeaddr.o)
 .bss           0x000011ec        0x2 contiki-z1.a(rime.o)
 .bss           0x000011ee        0x6 contiki-z1.a(announcement.o)
 .bss           0x000011f4       0x48 contiki-z1.a(broadcast-annou)
 .bss           0x0000123c        0x0 contiki-z1.a(broadcast.o)
 .bss           0x0000123c        0x0 contiki-z1.a(abc.o)
 .bss           0x0000123c        0x0 contiki-z1.a(chameleon.o)
 .bss           0x0000123c        0x2 contiki-z1.a(channel.o)
 .bss           0x0000123e        0x0 contiki-z1.a(chameleon-bitop)
 .bss           0x0000123e        0x0 contiki-z1.a(nullmac.o)
 .bss           0x0000123e        0x0 contiki-z1.a(nullrdc.o)
 .bss           0x0000123e        0x0 contiki-z1.a(mac.o)
 .bss           0x0000123e        0x2 contiki-z1.a(framer-802154.o)
 .bss           0x00001240       0x38 contiki-z1.a(plb.o)
 .bss           0x00001278       0x42 contiki-z1.a(process.o)
                0x00001278                process_current
                0x0000127a                process_list
 .bss           0x000012ba        0x0 contiki-z1.a(autostart.o)
 .bss           0x000012ba      0x10a contiki-z1.a(serial-line.o)
 .bss           0x000013c4        0x0 contiki-z1.a(list.o)
 .bss           0x000013c4        0x6 contiki-z1.a(etimer.o)
 .bss           0x000013ca        0x4 contiki-z1.a(ctimer.o)
 .bss           0x000013ce        0x0 contiki-z1.a(energest.o)
 .bss           0x000013ce        0x2 contiki-z1.a(rtimer.o)
 .bss           0x000013d0        0x0 contiki-z1.a(random.o)
 .bss           0x000013d0        0x0 contiki-z1.a(ringbuf.o)
 .bss           0x000013d0       0xba contiki-z1.a(packetbuf.o)
 .bss           0x0000148a      0x68e contiki-z1.a(queuebuf.o)
 .bss           0x00001b18        0x0 contiki-z1.a(contiki-z1-plat)
 .bss           0x00001b18        0x0 contiki-z1.a(msp430.o)
 .bss           0x00001b18        0x2 contiki-z1.a(leds.o)
 .bss           0x00001b1a        0x2 contiki-z1.a(watchdog.o)
 .bss           0x00001b1c        0x0 contiki-z1.a(xmem.o)
 .bss           0x00001b1c        0x1 contiki-z1.a(spi.o)
                0x00001b1c                spi_busy
 *fill*         0x00001b1d        0x1 00
 .bss           0x00001b1e        0xa contiki-z1.a(cc2420.o)
 .bss           0x00001b28        0x0 contiki-z1.a(cc2420-arch.o)
 .bss           0x00001b28        0x2 contiki-z1.a(node-id.o)
                0x00001b28                node_id
 .bss           0x00001b2a        0x6 contiki-z1.a(sensors.o)
 .bss           0x00001b30        0x8 contiki-z1.a(button-sensor.o)
 .bss           0x00001b38        0x0 contiki-z1.a(uart0-putchar.o)
 .bss           0x00001b38        0x0 contiki-z1.a(slip_uart0.o)
 .bss           0x00001b38       0x16 contiki-z1.a(adxl345.o)
 .bss           0x00001b4e        0xa contiki-z1.a(clock.o)
 .bss           0x00001b58        0x0 contiki-z1.a(leds-arch.o)
 .bss           0x00001b58        0x0 contiki-z1.a(rtimer-arch.o)
 .bss           0x00001b58        0x0 contiki-z1.a(frame802154.o)
 .bss           0x00001b58        0x0 contiki-z1.a(memb.o)
 .bss           0x00001b58        0x0 contiki-z1.a(timer.o)
 .bss           0x00001b58       0x88 contiki-z1.a(slip.o)
 .bss           0x00001be0        0x2 contiki-z1.a(i2cmaster.o)
 .bss           0x00001be2       0x36 contiki-z1.a(tcpip.o)
 .bss           0x00001c18      0x1a8 contiki-z1.a(uip-fw.o)
 .bss           0x00001dc0       0x14 contiki-z1.a(uip.o)
                0x00001dc0                uip_lladdr
 .bss           0x00001dd4        0x0 contiki-z1.a(uip-ipchksum.o)
 .bss           0x00001dd4        0x0 /usr/local/msp430/bin/../lib/gcc/msp430/4.7.0/mcpu-430x/mmpy-16/libgcc.a(_mulsi3.o)
 .bss           0x00001dd4        0x0 /usr/local/msp430/bin/../lib/gcc/msp430/4.7.0/mcpu-430x/mmpy-16/libgcc.a(_udivmod16.o)
 .bss           0x00001dd4        0x0 /usr/local/msp430/bin/../lib/gcc/msp430/4.7.0/mcpu-430x/mmpy-16/libgcc.a(_udivmod32.o)
 .bss           0x00001dd4        0x0 /usr/local/msp430/bin/../lib/gcc/msp430/4.7.0/../../../../msp430/lib/mcpu-430x/mmpy-16/libc.a(malloc.o)
 .bss.once.1522
                0x00001dd4        0x1 /usr/local/msp430/bin/../lib/gcc/msp430/4.7.0/../../../../msp430/lib/mcpu-430x/mmpy-16/libc.a(malloc.o)
 .bss           0x00001dd5        0x0 /usr/local/msp430/bin/../lib/gcc/msp430/4.7.0/../../../../msp430/lib/mcpu-430x/mmpy-16/libc.a(printf.o)
 .bss           0x00001dd5        0x0 /usr/local/msp430/bin/../lib/gcc/msp430/4.7.0/../../../../msp430/lib/mcpu-430x/mmpy-16/libc.a(vuprintf.o)
 .bss           0x00001dd5        0x0 /usr/local/msp430/bin/../lib/gcc/msp430/4.7.0/../../../../msp430/lib/mcpu-430x/mmpy-16/libc.a(puts.o)
 .bss           0x00001dd5        0x0 /usr/local/msp430/bin/../lib/gcc/msp430/4.7.0/../../../../msp430/lib/mcpu-430x/mmpy-16/libc.a(rand.o)
 .bss           0x00001dd5        0x0 /usr/local/msp430/bin/../lib/gcc/msp430/4.7.0/../../../../msp430/lib/mcpu-430x/mmpy-16/libc.a(strncmp.o)
 .bss           0x00001dd5        0x0 /usr/local/msp430/bin/../lib/gcc/msp430/4.7.0/../../../../msp430/lib/mcpu-430x/mmpy-16/libc.a(memcmp.o)
 .bss           0x00001dd5        0x0 /usr/local/msp430/bin/../lib/gcc/msp430/4.7.0/../../../../msp430/lib/mcpu-430x/mmpy-16/libc.a(memcpy.o)
 .bss           0x00001dd5        0x0 /usr/local/msp430/bin/../lib/gcc/msp430/4.7.0/../../../../msp430/lib/mcpu-430x/mmpy-16/libc.a(memset.o)
 .bss           0x00001dd5        0x0 /usr/local/msp430/bin/../lib/gcc/msp430/4.7.0/mcpu-430x/mmpy-16/libgcc.a(_udivmod64.o)
 .bss           0x00001dd5        0x0 /usr/local/msp430/bin/../lib/gcc/msp430/4.7.0/mcpu-430x/mmpy-16/libcrt0.a(_reset_vector__.o)
 .bss           0x00001dd5        0x0 /usr/local/msp430/bin/../lib/gcc/msp430/4.7.0/mcpu-430x/mmpy-16/libcrt0.a(__watchdog_support.o)
 .bss           0x00001dd5        0x0 /usr/local/msp430/bin/../lib/gcc/msp430/4.7.0/mcpu-430x/mmpy-16/libcrt0.a(__init_stack.o)
 .bss           0x00001dd5        0x0 /usr/local/msp430/bin/../lib/gcc/msp430/4.7.0/mcpu-430x/mmpy-16/libcrt0.a(__low_level_init.o)
 .bss           0x00001dd5        0x0 /usr/local/msp430/bin/../lib/gcc/msp430/4.7.0/mcpu-430x/mmpy-16/libcrt0.a(_copy_data.o)
 .bss           0x00001dd5        0x0 /usr/local/msp430/bin/../lib/gcc/msp430/4.7.0/mcpu-430x/mmpy-16/libcrt0.a(_clear_bss.o)
 .bss           0x00001dd5        0x0 /usr/local/msp430/bin/../lib/gcc/msp430/4.7.0/mcpu-430x/mmpy-16/libcrt0.a(__stop_progExec__.o)
 .bss           0x00001dd5        0x0 /usr/local/msp430/bin/../lib/gcc/msp430/4.7.0/mcpu-430x/mmpy-16/libcrt0.a(_endless_loop__.o)
 .bss           0x00001dd5        0x0 /usr/local/msp430/bin/../lib/gcc/msp430/4.7.0/mcpu-430x/mmpy-16/libcrt0.a(_unexpected_.o)
 *(.near.bss .near.bss.*)
 *(COMMON)
 COMMON         0x00001dd5        0x2 obj_z1/contiki-z1-main.o
                0x00001dd5                sensors_flags
 *fill*         0x00001dd7        0x1 00
 COMMON         0x00001dd8        0x2 contiki-z1.a(rimeaddr.o)
                0x00001dd8                rimeaddr_node_addr
 COMMON         0x00001dda        0x1 contiki-z1.a(process.o)
                0x00001dda                process_maxevents
 COMMON         0x00001ddb        0x1 contiki-z1.a(serial-line.o)
                0x00001ddb                serial_line_event_message
 COMMON         0x00001ddc       0x56 contiki-z1.a(energest.o)
                0x00001ddc                energest_total_time
                0x00001e0c                energest_total_count
                0x00001e0e                energest_current_mode
                0x00001e1a                energest_current_time
 COMMON         0x00001e32       0x3e contiki-z1.a(packetbuf.o)
                0x00001e32                packetbuf_addrs
                0x00001e3a                packetbuf_attrs
 COMMON         0x00001e70       0x14 contiki-z1.a(cc2420.o)
                0x00001e70                cc2420_last_rssi
                0x00001e72                cc2420_packets_read
                0x00001e74                cc2420_packets_seen
                0x00001e76                cc2420_sfd_start_time
                0x00001e78                cc2420_time_of_departure
                0x00001e7a                cc2420_time_of_arrival
                0x00001e7c                cc2420_last_correlation
                0x00001e7e                cc2420_authority_level_of_sender
                0x00001e80                cc2420_sfd_counter
                0x00001e82                cc2420_sfd_end_time
 COMMON         0x00001e84        0x8 contiki-z1.a(node-id.o)
                0x00001e84                node_mac
 COMMON         0x00001e8c        0x1 contiki-z1.a(sensors.o)
                0x00001e8c                sensors_event
 *fill*         0x00001e8d        0x1 00
 COMMON         0x00001e8e        0x7 contiki-z1.a(adxl345.o)
                0x00001e8e                accm_int2_cb
                0x00001e90                int2_event
                0x00001e92                accm_int1_cb
                0x00001e94                int1_event
 COMMON         0x00001e95        0x1 contiki-z1.a(slip.o)
                0x00001e95                slip_active
 COMMON         0x00001e96        0xe contiki-z1.a(i2cmaster.o)
                0x00001e96                transmit_data1
                0x00001e97                rx_byte_ctr
                0x00001e98                tx_buf_ptr
                0x00001e9a                tx_byte_ctr
                0x00001e9c                i
                0x00001e9e                receive_data
                0x00001e9f                rx_buf
                0x00001ea1                transmit_data2
                0x00001ea2                rx_buf_ptr
 COMMON         0x00001ea4        0x2 contiki-z1.a(tcpip.o)
                0x00001ea4                tcpip_is_forwarding
                0x00001ea5                tcpip_event
 COMMON         0x00001ea6      0x1c2 contiki-z1.a(uip.o)
                0x00001ea6                uip_len
                0x00001ea8                uip_sappdata
                0x00001eaa                uip_acc32
                0x00001eae                uip_aligned_buf
                0x00001f1a                uip_flags
                0x00001f1c                uip_udp_conn
                0x00001f1e                uip_appdata
                0x00001f20                uip_conn
                0x00001f22                uip_conns
                0x00001fa2                uip_listenports
                0x00001fb2                uip_draddr
                0x00001fb6                uip_netmask
                0x00001fba                uip_hostaddr
                0x00001fbe                uip_slen
                0x00001fc0                uip_udp_conns
                0x00002068                . = ALIGN (0x2)
                0x00002068                __bss_end = .
                0x00000ece                __bss_size = SIZEOF (.bss)

.noinit         0x00002068        0x2 load address 0x0000c016
                0x00002068                . = ALIGN (0x2)
                0x00002068                __noinit_start = .
 *(.noinit .noinit.*)
 .noinit.crt0   0x00002068        0x2 /usr/local/msp430/bin/../lib/gcc/msp430/4.7.0/mcpu-430x/mmpy-16/libcrt0.a(__watchdog_support.o)
                0x00002068                __wdt_clear_value
                0x0000206a                . = ALIGN (0x2)
                0x0000206a                __noinit_end = .
                0x0000206a                . = ALIGN (0x2)
                0x0000206a                _end = .

.infomem        0x00001000        0x0
                0x00001000                . = ALIGN (0x2)
 *(.infomem .infomem.*)

.infomemnobits  0x00001000        0x0
                0x00001000                . = ALIGN (0x2)
 *(.infomemnobits .infomemnobits.*)

.infoa          0x000010c0        0x0
                0x000010c0                . = ALIGN (0x2)
 *(.infoa .infoa.*)

.infob          0x00001080        0x0
                0x00001080                . = ALIGN (0x2)
 *(.infob .infob.*)

.infoc          0x00001040        0x0
                0x00001040                . = ALIGN (0x2)
 *(.infoc .infoc.*)

.infod          0x00001000        0x0
                0x00001000                . = ALIGN (0x2)
 *(.infod .infod.*)

.vectors        0x0000ffc0       0x40
                0x0000ffc0                __vectors_start = .
 *(.vectors*)
 .vectors       0x0000ffc0       0x40 /usr/local/msp430/bin/../lib/gcc/msp430/4.7.0/mcpu-430x/mmpy-16/crt0ivtbl32.o
                0x0000ffc0                __ivtbl_32
                0x00010000                _vectors_end = .

.fartext        0x00010000        0x0
                0x00010000                . = ALIGN (0x2)
 *(.fartext .fartext.*)

.far.text       0x00010000        0x0
                0x00010000                . = ALIGN (0x2)
 *(.far.text .far.text.*)

.far.rodata     0x00010000        0x0
                0x00010000                . = ALIGN (0x2)
 *(.far.rodata .far.rodata.*)
                0x00010000                . = ALIGN (0x2)
                0x00010000                _efartext = .

.far.data       0x00000000        0x0 load address 0x00010000
                0x00000000                . = ALIGN (0x2)
                0x00000000                __far_data_start = .
 *(.far.data .far.data.*)
                0x00000000                . = ALIGN (0x2)
                0x00000000                _efardata = .
                0x00010000                __far_data_load_start = LOADADDR (.far.data)
                0x00000000                __far_data_size = SIZEOF (.far.data)

.far.bss        0x00000000        0x0 load address 0x00010000
                0x00000000                . = ALIGN (0x2)
                0x00000000                __far_bss_start = .
 *(.far.bss .far.bss.*)
                0x00000000                . = ALIGN (0x2)
                0x00000000                __far_bss_end = .
                0x00000000                __far_bss_size = SIZEOF (.far.bss)
                0x00000000                . = ALIGN (0x2)
                0x00000000                _far_end = .

.profiler
 *(.profiler)

.stab
 *(.stab)

.stabstr
 *(.stabstr)

.stab.excl
 *(.stab.excl)

.stab.exclstr
 *(.stab.exclstr)

.stab.index
 *(.stab.index)

.stab.indexstr
 *(.stab.indexstr)

.comment        0x00000000       0x30
 *(.comment)
 .comment       0x00000000       0x30 app.co
                                 0x31 (size before relaxing)
 .comment       0x00000000       0x31 obj_z1/ntp.o
 .comment       0x00000000       0x31 obj_z1/sclock.o
 .comment       0x00000000       0x31 obj_z1/timestamp.o
 .comment       0x00000000       0x31 obj_z1/uart0.o
 .comment       0x00000000       0x31 obj_z1/uart.o
 .comment       0x00000000       0x31 obj_z1/contiki-z1-main.o
 .comment       0x00000000       0x31 contiki-z1.a(rimeaddr.o)
 .comment       0x00000000       0x31 contiki-z1.a(rime.o)
 .comment       0x00000000       0x31 contiki-z1.a(announcement.o)
 .comment       0x00000000       0x31 contiki-z1.a(broadcast-annou)
 .comment       0x00000000       0x31 contiki-z1.a(broadcast.o)
 .comment       0x00000000       0x31 contiki-z1.a(abc.o)
 .comment       0x00000000       0x31 contiki-z1.a(chameleon.o)
 .comment       0x00000000       0x31 contiki-z1.a(channel.o)
 .comment       0x00000000       0x31 contiki-z1.a(chameleon-bitop)
 .comment       0x00000000       0x31 contiki-z1.a(nullmac.o)
 .comment       0x00000000       0x31 contiki-z1.a(nullrdc.o)
 .comment       0x00000000       0x31 contiki-z1.a(mac.o)
 .comment       0x00000000       0x31 contiki-z1.a(framer-802154.o)
 .comment       0x00000000       0x31 contiki-z1.a(plb.o)
 .comment       0x00000000       0x31 contiki-z1.a(process.o)
 .comment       0x00000000       0x31 contiki-z1.a(autostart.o)
 .comment       0x00000000       0x31 contiki-z1.a(serial-line.o)
 .comment       0x00000000       0x31 contiki-z1.a(list.o)
 .comment       0x00000000       0x31 contiki-z1.a(etimer.o)
 .comment       0x00000000       0x31 contiki-z1.a(ctimer.o)
 .comment       0x00000000       0x31 contiki-z1.a(energest.o)
 .comment       0x00000000       0x31 contiki-z1.a(rtimer.o)
 .comment       0x00000000       0x31 contiki-z1.a(random.o)
 .comment       0x00000000       0x31 contiki-z1.a(ringbuf.o)
 .comment       0x00000000       0x31 contiki-z1.a(packetbuf.o)
 .comment       0x00000000       0x31 contiki-z1.a(queuebuf.o)
 .comment       0x00000000       0x31 contiki-z1.a(contiki-z1-plat)
 .comment       0x00000000       0x31 contiki-z1.a(msp430.o)
 .comment       0x00000000       0x31 contiki-z1.a(leds.o)
 .comment       0x00000000       0x31 contiki-z1.a(watchdog.o)
 .comment       0x00000000       0x31 contiki-z1.a(xmem.o)
 .comment       0x00000000       0x31 contiki-z1.a(spi.o)
 .comment       0x00000000       0x31 contiki-z1.a(cc2420.o)
 .comment       0x00000000       0x31 contiki-z1.a(cc2420-arch.o)
 .comment       0x00000000       0x31 contiki-z1.a(node-id.o)
 .comment       0x00000000       0x31 contiki-z1.a(sensors.o)
 .comment       0x00000000       0x31 contiki-z1.a(button-sensor.o)
 .comment       0x00000000       0x31 contiki-z1.a(uart0-putchar.o)
 .comment       0x00000000       0x31 contiki-z1.a(slip_uart0.o)
 .comment       0x00000000       0x31 contiki-z1.a(adxl345.o)
 .comment       0x00000000       0x31 contiki-z1.a(clock.o)
 .comment       0x00000000       0x31 contiki-z1.a(leds-arch.o)
 .comment       0x00000000       0x31 contiki-z1.a(rtimer-arch.o)
 .comment       0x00000000       0x31 contiki-z1.a(frame802154.o)
 .comment       0x00000000       0x31 contiki-z1.a(memb.o)
 .comment       0x00000000       0x31 contiki-z1.a(timer.o)
 .comment       0x00000000       0x31 contiki-z1.a(slip.o)
 .comment       0x00000000       0x31 contiki-z1.a(i2cmaster.o)
 .comment       0x00000000       0x31 contiki-z1.a(tcpip.o)
 .comment       0x00000000       0x31 contiki-z1.a(uip-fw.o)
 .comment       0x00000000       0x31 contiki-z1.a(uip.o)
 .comment       0x00000000       0x31 contiki-z1.a(uip-ipchksum.o)
 .comment       0x00000000       0x31 /usr/local/msp430/bin/../lib/gcc/msp430/4.7.0/../../../../msp430/lib/mcpu-430x/mmpy-16/libc.a(malloc.o)
 .comment       0x00000000       0x31 /usr/local/msp430/bin/../lib/gcc/msp430/4.7.0/../../../../msp430/lib/mcpu-430x/mmpy-16/libc.a(printf.o)
 .comment       0x00000000       0x31 /usr/local/msp430/bin/../lib/gcc/msp430/4.7.0/../../../../msp430/lib/mcpu-430x/mmpy-16/libc.a(vuprintf.o)
 .comment       0x00000000       0x31 /usr/local/msp430/bin/../lib/gcc/msp430/4.7.0/../../../../msp430/lib/mcpu-430x/mmpy-16/libc.a(puts.o)
 .comment       0x00000000       0x31 /usr/local/msp430/bin/../lib/gcc/msp430/4.7.0/../../../../msp430/lib/mcpu-430x/mmpy-16/libc.a(rand.o)
 .comment       0x00000000       0x31 /usr/local/msp430/bin/../lib/gcc/msp430/4.7.0/../../../../msp430/lib/mcpu-430x/mmpy-16/libc.a(strncmp.o)
 .comment       0x00000000       0x31 /usr/local/msp430/bin/../lib/gcc/msp430/4.7.0/../../../../msp430/lib/mcpu-430x/mmpy-16/libc.a(memcmp.o)
 .comment       0x00000000       0x31 /usr/local/msp430/bin/../lib/gcc/msp430/4.7.0/../../../../msp430/lib/mcpu-430x/mmpy-16/libc.a(memcpy.o)
 .comment       0x00000000       0x31 /usr/local/msp430/bin/../lib/gcc/msp430/4.7.0/../../../../msp430/lib/mcpu-430x/mmpy-16/libc.a(memset.o)

.debug
 *(.debug)

.line
 *(.line)

.debug_srcinfo
 *(.debug_srcinfo)

.debug_sfnames
 *(.debug_sfnames)

.debug_aranges  0x00000000      0x2a8
 *(.debug_aranges)
 .debug_aranges
                0x00000000       0x20 /usr/local/msp430/bin/../lib/gcc/msp430/4.7.0/mcpu-430x/mmpy-16/crt0ivtbl32.o
 .debug_aranges
                0x00000020       0x20 /usr/local/msp430/bin/../lib/gcc/msp430/4.7.0/mcpu-430x/mmpy-16/libgcc.a(_mulsi3.o)
 .debug_aranges
                0x00000040       0x20 /usr/local/msp430/bin/../lib/gcc/msp430/4.7.0/mcpu-430x/mmpy-16/libgcc.a(_udivmod16.o)
 .debug_aranges
                0x00000060       0x20 /usr/local/msp430/bin/../lib/gcc/msp430/4.7.0/mcpu-430x/mmpy-16/libgcc.a(_udivmod32.o)
 .debug_aranges
                0x00000080       0x28 /usr/local/msp430/bin/../lib/gcc/msp430/4.7.0/../../../../msp430/lib/mcpu-430x/mmpy-16/libc.a(malloc.o)
 .debug_aranges
                0x000000a8       0x28 /usr/local/msp430/bin/../lib/gcc/msp430/4.7.0/../../../../msp430/lib/mcpu-430x/mmpy-16/libc.a(printf.o)
 .debug_aranges
                0x000000d0       0x28 /usr/local/msp430/bin/../lib/gcc/msp430/4.7.0/../../../../msp430/lib/mcpu-430x/mmpy-16/libc.a(vuprintf.o)
 .debug_aranges
                0x000000f8       0x20 /usr/local/msp430/bin/../lib/gcc/msp430/4.7.0/../../../../msp430/lib/mcpu-430x/mmpy-16/libc.a(puts.o)
 .debug_aranges
                0x00000118       0x30 /usr/local/msp430/bin/../lib/gcc/msp430/4.7.0/../../../../msp430/lib/mcpu-430x/mmpy-16/libc.a(rand.o)
 .debug_aranges
                0x00000148       0x20 /usr/local/msp430/bin/../lib/gcc/msp430/4.7.0/../../../../msp430/lib/mcpu-430x/mmpy-16/libc.a(strncmp.o)
 .debug_aranges
                0x00000168       0x20 /usr/local/msp430/bin/../lib/gcc/msp430/4.7.0/../../../../msp430/lib/mcpu-430x/mmpy-16/libc.a(memcmp.o)
 .debug_aranges
                0x00000188       0x20 /usr/local/msp430/bin/../lib/gcc/msp430/4.7.0/../../../../msp430/lib/mcpu-430x/mmpy-16/libc.a(memcpy.o)
 .debug_aranges
                0x000001a8       0x20 /usr/local/msp430/bin/../lib/gcc/msp430/4.7.0/../../../../msp430/lib/mcpu-430x/mmpy-16/libc.a(memset.o)
 .debug_aranges
                0x000001c8       0x20 /usr/local/msp430/bin/../lib/gcc/msp430/4.7.0/mcpu-430x/mmpy-16/libgcc.a(_udivmod64.o)
 .debug_aranges
                0x000001e8       0x20 /usr/local/msp430/bin/../lib/gcc/msp430/4.7.0/mcpu-430x/mmpy-16/libcrt0.a(__watchdog_support.o)
 .debug_aranges
                0x00000208       0x20 /usr/local/msp430/bin/../lib/gcc/msp430/4.7.0/mcpu-430x/mmpy-16/libcrt0.a(__init_stack.o)
 .debug_aranges
                0x00000228       0x20 /usr/local/msp430/bin/../lib/gcc/msp430/4.7.0/mcpu-430x/mmpy-16/libcrt0.a(_copy_data.o)
 .debug_aranges
                0x00000248       0x20 /usr/local/msp430/bin/../lib/gcc/msp430/4.7.0/mcpu-430x/mmpy-16/libcrt0.a(_clear_bss.o)
 .debug_aranges
                0x00000268       0x20 /usr/local/msp430/bin/../lib/gcc/msp430/4.7.0/mcpu-430x/mmpy-16/libcrt0.a(_endless_loop__.o)
 .debug_aranges
                0x00000288       0x20 /usr/local/msp430/bin/../lib/gcc/msp430/4.7.0/mcpu-430x/mmpy-16/libcrt0.a(_unexpected_.o)

.debug_pubnames
 *(.debug_pubnames)

.debug_info     0x00000000     0x1754
 *(.debug_info)
 .debug_info    0x00000000       0xac /usr/local/msp430/bin/../lib/gcc/msp430/4.7.0/mcpu-430x/mmpy-16/crt0ivtbl32.o
 .debug_info    0x000000ac       0xa9 /usr/local/msp430/bin/../lib/gcc/msp430/4.7.0/mcpu-430x/mmpy-16/libgcc.a(_mulsi3.o)
 .debug_info    0x00000155       0xa9 /usr/local/msp430/bin/../lib/gcc/msp430/4.7.0/mcpu-430x/mmpy-16/libgcc.a(_udivmod16.o)
 .debug_info    0x000001fe       0xa9 /usr/local/msp430/bin/../lib/gcc/msp430/4.7.0/mcpu-430x/mmpy-16/libgcc.a(_udivmod32.o)
 .debug_info    0x000002a7      0x185 /usr/local/msp430/bin/../lib/gcc/msp430/4.7.0/../../../../msp430/lib/mcpu-430x/mmpy-16/libc.a(malloc.o)
 .debug_info    0x0000042c      0x18d /usr/local/msp430/bin/../lib/gcc/msp430/4.7.0/../../../../msp430/lib/mcpu-430x/mmpy-16/libc.a(printf.o)
 .debug_info    0x000005b9      0x66d /usr/local/msp430/bin/../lib/gcc/msp430/4.7.0/../../../../msp430/lib/mcpu-430x/mmpy-16/libc.a(vuprintf.o)
 .debug_info    0x00000c26       0xe1 /usr/local/msp430/bin/../lib/gcc/msp430/4.7.0/../../../../msp430/lib/mcpu-430x/mmpy-16/libc.a(puts.o)
 .debug_info    0x00000d07      0x172 /usr/local/msp430/bin/../lib/gcc/msp430/4.7.0/../../../../msp430/lib/mcpu-430x/mmpy-16/libc.a(rand.o)
 .debug_info    0x00000e79       0xd8 /usr/local/msp430/bin/../lib/gcc/msp430/4.7.0/../../../../msp430/lib/mcpu-430x/mmpy-16/libc.a(strncmp.o)
 .debug_info    0x00000f51       0xff /usr/local/msp430/bin/../lib/gcc/msp430/4.7.0/../../../../msp430/lib/mcpu-430x/mmpy-16/libc.a(memcmp.o)
 .debug_info    0x00001050      0x144 /usr/local/msp430/bin/../lib/gcc/msp430/4.7.0/../../../../msp430/lib/mcpu-430x/mmpy-16/libc.a(memcpy.o)
 .debug_info    0x00001194      0x12d /usr/local/msp430/bin/../lib/gcc/msp430/4.7.0/../../../../msp430/lib/mcpu-430x/mmpy-16/libc.a(memset.o)
 .debug_info    0x000012c1       0xa9 /usr/local/msp430/bin/../lib/gcc/msp430/4.7.0/mcpu-430x/mmpy-16/libgcc.a(_udivmod64.o)
 .debug_info    0x0000136a       0xa7 /usr/local/msp430/bin/../lib/gcc/msp430/4.7.0/mcpu-430x/mmpy-16/libcrt0.a(__watchdog_support.o)
 .debug_info    0x00001411       0xa7 /usr/local/msp430/bin/../lib/gcc/msp430/4.7.0/mcpu-430x/mmpy-16/libcrt0.a(__init_stack.o)
 .debug_info    0x000014b8       0xa7 /usr/local/msp430/bin/../lib/gcc/msp430/4.7.0/mcpu-430x/mmpy-16/libcrt0.a(_copy_data.o)
 .debug_info    0x0000155f       0xa7 /usr/local/msp430/bin/../lib/gcc/msp430/4.7.0/mcpu-430x/mmpy-16/libcrt0.a(_clear_bss.o)
 .debug_info    0x00001606       0xa7 /usr/local/msp430/bin/../lib/gcc/msp430/4.7.0/mcpu-430x/mmpy-16/libcrt0.a(_endless_loop__.o)
 .debug_info    0x000016ad       0xa7 /usr/local/msp430/bin/../lib/gcc/msp430/4.7.0/mcpu-430x/mmpy-16/libcrt0.a(_unexpected_.o)
 *(.gnu.linkonce.wi.*)

.debug_abbrev   0x00000000      0x91a
 *(.debug_abbrev)
 .debug_abbrev  0x00000000       0x14 /usr/local/msp430/bin/../lib/gcc/msp430/4.7.0/mcpu-430x/mmpy-16/crt0ivtbl32.o
 .debug_abbrev  0x00000014       0x14 /usr/local/msp430/bin/../lib/gcc/msp430/4.7.0/mcpu-430x/mmpy-16/libgcc.a(_mulsi3.o)
 .debug_abbrev  0x00000028       0x14 /usr/local/msp430/bin/../lib/gcc/msp430/4.7.0/mcpu-430x/mmpy-16/libgcc.a(_udivmod16.o)
 .debug_abbrev  0x0000003c       0x14 /usr/local/msp430/bin/../lib/gcc/msp430/4.7.0/mcpu-430x/mmpy-16/libgcc.a(_udivmod32.o)
 .debug_abbrev  0x00000050      0x10c /usr/local/msp430/bin/../lib/gcc/msp430/4.7.0/../../../../msp430/lib/mcpu-430x/mmpy-16/libc.a(malloc.o)
 .debug_abbrev  0x0000015c       0xfa /usr/local/msp430/bin/../lib/gcc/msp430/4.7.0/../../../../msp430/lib/mcpu-430x/mmpy-16/libc.a(printf.o)
 .debug_abbrev  0x00000256      0x23e /usr/local/msp430/bin/../lib/gcc/msp430/4.7.0/../../../../msp430/lib/mcpu-430x/mmpy-16/libc.a(vuprintf.o)
 .debug_abbrev  0x00000494       0xa3 /usr/local/msp430/bin/../lib/gcc/msp430/4.7.0/../../../../msp430/lib/mcpu-430x/mmpy-16/libc.a(puts.o)
 .debug_abbrev  0x00000537       0xfb /usr/local/msp430/bin/../lib/gcc/msp430/4.7.0/../../../../msp430/lib/mcpu-430x/mmpy-16/libc.a(rand.o)
 .debug_abbrev  0x00000632       0x72 /usr/local/msp430/bin/../lib/gcc/msp430/4.7.0/../../../../msp430/lib/mcpu-430x/mmpy-16/libc.a(strncmp.o)
 .debug_abbrev  0x000006a4       0x9e /usr/local/msp430/bin/../lib/gcc/msp430/4.7.0/../../../../msp430/lib/mcpu-430x/mmpy-16/libc.a(memcmp.o)
 .debug_abbrev  0x00000742       0xab /usr/local/msp430/bin/../lib/gcc/msp430/4.7.0/../../../../msp430/lib/mcpu-430x/mmpy-16/libc.a(memcpy.o)
 .debug_abbrev  0x000007ed       0xa1 /usr/local/msp430/bin/../lib/gcc/msp430/4.7.0/../../../../msp430/lib/mcpu-430x/mmpy-16/libc.a(memset.o)
 .debug_abbrev  0x0000088e       0x14 /usr/local/msp430/bin/../lib/gcc/msp430/4.7.0/mcpu-430x/mmpy-16/libgcc.a(_udivmod64.o)
 .debug_abbrev  0x000008a2       0x14 /usr/local/msp430/bin/../lib/gcc/msp430/4.7.0/mcpu-430x/mmpy-16/libcrt0.a(__watchdog_support.o)
 .debug_abbrev  0x000008b6       0x14 /usr/local/msp430/bin/../lib/gcc/msp430/4.7.0/mcpu-430x/mmpy-16/libcrt0.a(__init_stack.o)
 .debug_abbrev  0x000008ca       0x14 /usr/local/msp430/bin/../lib/gcc/msp430/4.7.0/mcpu-430x/mmpy-16/libcrt0.a(_copy_data.o)
 .debug_abbrev  0x000008de       0x14 /usr/local/msp430/bin/../lib/gcc/msp430/4.7.0/mcpu-430x/mmpy-16/libcrt0.a(_clear_bss.o)
 .debug_abbrev  0x000008f2       0x14 /usr/local/msp430/bin/../lib/gcc/msp430/4.7.0/mcpu-430x/mmpy-16/libcrt0.a(_endless_loop__.o)
 .debug_abbrev  0x00000906       0x14 /usr/local/msp430/bin/../lib/gcc/msp430/4.7.0/mcpu-430x/mmpy-16/libcrt0.a(_unexpected_.o)

.debug_line     0x00000000      0xdf5
 *(.debug_line)
 .debug_line    0x00000000       0x69 /usr/local/msp430/bin/../lib/gcc/msp430/4.7.0/mcpu-430x/mmpy-16/crt0ivtbl32.o
 .debug_line    0x00000069       0x79 /usr/local/msp430/bin/../lib/gcc/msp430/4.7.0/mcpu-430x/mmpy-16/libgcc.a(_mulsi3.o)
 .debug_line    0x000000e2       0x75 /usr/local/msp430/bin/../lib/gcc/msp430/4.7.0/mcpu-430x/mmpy-16/libgcc.a(_udivmod16.o)
 .debug_line    0x00000157       0x80 /usr/local/msp430/bin/../lib/gcc/msp430/4.7.0/mcpu-430x/mmpy-16/libgcc.a(_udivmod32.o)
 .debug_line    0x000001d7       0xf2 /usr/local/msp430/bin/../lib/gcc/msp430/4.7.0/../../../../msp430/lib/mcpu-430x/mmpy-16/libc.a(malloc.o)
 .debug_line    0x000002c9       0xad /usr/local/msp430/bin/../lib/gcc/msp430/4.7.0/../../../../msp430/lib/mcpu-430x/mmpy-16/libc.a(printf.o)
 .debug_line    0x00000376      0x35d /usr/local/msp430/bin/../lib/gcc/msp430/4.7.0/../../../../msp430/lib/mcpu-430x/mmpy-16/libc.a(vuprintf.o)
 .debug_line    0x000006d3       0x67 /usr/local/msp430/bin/../lib/gcc/msp430/4.7.0/../../../../msp430/lib/mcpu-430x/mmpy-16/libc.a(puts.o)
 .debug_line    0x0000073a       0x6e /usr/local/msp430/bin/../lib/gcc/msp430/4.7.0/../../../../msp430/lib/mcpu-430x/mmpy-16/libc.a(rand.o)
 .debug_line    0x000007a8       0x91 /usr/local/msp430/bin/../lib/gcc/msp430/4.7.0/../../../../msp430/lib/mcpu-430x/mmpy-16/libc.a(strncmp.o)
 .debug_line    0x00000839       0x91 /usr/local/msp430/bin/../lib/gcc/msp430/4.7.0/../../../../msp430/lib/mcpu-430x/mmpy-16/libc.a(memcmp.o)
 .debug_line    0x000008ca      0x11a /usr/local/msp430/bin/../lib/gcc/msp430/4.7.0/../../../../msp430/lib/mcpu-430x/mmpy-16/libc.a(memcpy.o)
 .debug_line    0x000009e4       0xf4 /usr/local/msp430/bin/../lib/gcc/msp430/4.7.0/../../../../msp430/lib/mcpu-430x/mmpy-16/libc.a(memset.o)
 .debug_line    0x00000ad8       0xb0 /usr/local/msp430/bin/../lib/gcc/msp430/4.7.0/mcpu-430x/mmpy-16/libgcc.a(_udivmod64.o)
 .debug_line    0x00000b88       0x67 /usr/local/msp430/bin/../lib/gcc/msp430/4.7.0/mcpu-430x/mmpy-16/libcrt0.a(__watchdog_support.o)
 .debug_line    0x00000bef       0x65 /usr/local/msp430/bin/../lib/gcc/msp430/4.7.0/mcpu-430x/mmpy-16/libcrt0.a(__init_stack.o)
 .debug_line    0x00000c54       0x6b /usr/local/msp430/bin/../lib/gcc/msp430/4.7.0/mcpu-430x/mmpy-16/libcrt0.a(_copy_data.o)
 .debug_line    0x00000cbf       0x6b /usr/local/msp430/bin/../lib/gcc/msp430/4.7.0/mcpu-430x/mmpy-16/libcrt0.a(_clear_bss.o)
 .debug_line    0x00000d2a       0x66 /usr/local/msp430/bin/../lib/gcc/msp430/4.7.0/mcpu-430x/mmpy-16/libcrt0.a(_endless_loop__.o)
 .debug_line    0x00000d90       0x65 /usr/local/msp430/bin/../lib/gcc/msp430/4.7.0/mcpu-430x/mmpy-16/libcrt0.a(_unexpected_.o)

.debug_frame    0x00000000      0x228
 *(.debug_frame)
 .debug_frame   0x00000000       0x40 /usr/local/msp430/bin/../lib/gcc/msp430/4.7.0/../../../../msp430/lib/mcpu-430x/mmpy-16/libc.a(malloc.o)
 .debug_frame   0x00000040       0x34 /usr/local/msp430/bin/../lib/gcc/msp430/4.7.0/../../../../msp430/lib/mcpu-430x/mmpy-16/libc.a(printf.o)
 .debug_frame   0x00000074       0x84 /usr/local/msp430/bin/../lib/gcc/msp430/4.7.0/../../../../msp430/lib/mcpu-430x/mmpy-16/libc.a(vuprintf.o)
 .debug_frame   0x000000f8       0x2c /usr/local/msp430/bin/../lib/gcc/msp430/4.7.0/../../../../msp430/lib/mcpu-430x/mmpy-16/libc.a(puts.o)
 .debug_frame   0x00000124       0x4c /usr/local/msp430/bin/../lib/gcc/msp430/4.7.0/../../../../msp430/lib/mcpu-430x/mmpy-16/libc.a(rand.o)
 .debug_frame   0x00000170       0x2c /usr/local/msp430/bin/../lib/gcc/msp430/4.7.0/../../../../msp430/lib/mcpu-430x/mmpy-16/libc.a(strncmp.o)
 .debug_frame   0x0000019c       0x2c /usr/local/msp430/bin/../lib/gcc/msp430/4.7.0/../../../../msp430/lib/mcpu-430x/mmpy-16/libc.a(memcmp.o)
 .debug_frame   0x000001c8       0x30 /usr/local/msp430/bin/../lib/gcc/msp430/4.7.0/../../../../msp430/lib/mcpu-430x/mmpy-16/libc.a(memcpy.o)
 .debug_frame   0x000001f8       0x30 /usr/local/msp430/bin/../lib/gcc/msp430/4.7.0/../../../../msp430/lib/mcpu-430x/mmpy-16/libc.a(memset.o)

.debug_str      0x00000000      0x465
 *(.debug_str)
 .debug_str     0x00000000      0x112 /usr/local/msp430/bin/../lib/gcc/msp430/4.7.0/../../../../msp430/lib/mcpu-430x/mmpy-16/libc.a(malloc.o)
                                0x161 (size before relaxing)
 .debug_str     0x00000112       0x49 /usr/local/msp430/bin/../lib/gcc/msp430/4.7.0/../../../../msp430/lib/mcpu-430x/mmpy-16/libc.a(printf.o)
                                0x147 (size before relaxing)
 .debug_str     0x0000015b      0x22b /usr/local/msp430/bin/../lib/gcc/msp430/4.7.0/../../../../msp430/lib/mcpu-430x/mmpy-16/libc.a(vuprintf.o)
                                0x3ad (size before relaxing)
 .debug_str     0x00000386       0x1d /usr/local/msp430/bin/../lib/gcc/msp430/4.7.0/../../../../msp430/lib/mcpu-430x/mmpy-16/libc.a(puts.o)
                                0x10c (size before relaxing)
 .debug_str     0x000003a3       0x2a /usr/local/msp430/bin/../lib/gcc/msp430/4.7.0/../../../../msp430/lib/mcpu-430x/mmpy-16/libc.a(rand.o)
                                0x123 (size before relaxing)
 .debug_str     0x000003cd       0x1b /usr/local/msp430/bin/../lib/gcc/msp430/4.7.0/../../../../msp430/lib/mcpu-430x/mmpy-16/libc.a(strncmp.o)
                                0x111 (size before relaxing)
 .debug_str     0x000003e8       0x19 /usr/local/msp430/bin/../lib/gcc/msp430/4.7.0/../../../../msp430/lib/mcpu-430x/mmpy-16/libc.a(memcmp.o)
                                0x10f (size before relaxing)
 .debug_str     0x00000401       0x3e /usr/local/msp430/bin/../lib/gcc/msp430/4.7.0/../../../../msp430/lib/mcpu-430x/mmpy-16/libc.a(memcpy.o)
                                0x13d (size before relaxing)
 .debug_str     0x0000043f       0x26 /usr/local/msp430/bin/../lib/gcc/msp430/4.7.0/../../../../msp430/lib/mcpu-430x/mmpy-16/libc.a(memset.o)
                                0x13b (size before relaxing)

.debug_loc      0x00000000     0x13af
 *(.debug_loc)
 .debug_loc     0x00000000      0x166 /usr/local/msp430/bin/../lib/gcc/msp430/4.7.0/../../../../msp430/lib/mcpu-430x/mmpy-16/libc.a(malloc.o)
 .debug_loc     0x00000166       0x78 /usr/local/msp430/bin/../lib/gcc/msp430/4.7.0/../../../../msp430/lib/mcpu-430x/mmpy-16/libc.a(printf.o)
 .debug_loc     0x000001de      0xc38 /usr/local/msp430/bin/../lib/gcc/msp430/4.7.0/../../../../msp430/lib/mcpu-430x/mmpy-16/libc.a(vuprintf.o)
 .debug_loc     0x00000e16       0x3e /usr/local/msp430/bin/../lib/gcc/msp430/4.7.0/../../../../msp430/lib/mcpu-430x/mmpy-16/libc.a(puts.o)
 .debug_loc     0x00000e54       0x78 /usr/local/msp430/bin/../lib/gcc/msp430/4.7.0/../../../../msp430/lib/mcpu-430x/mmpy-16/libc.a(rand.o)
 .debug_loc     0x00000ecc       0x7a /usr/local/msp430/bin/../lib/gcc/msp430/4.7.0/../../../../msp430/lib/mcpu-430x/mmpy-16/libc.a(strncmp.o)