Archive member included because of file (symbol)

contiki-z1.a(rimeaddr.o)      app.co (rimeaddr_copy)
contiki-z1.a(rime.o)          obj_z1/contiki-z1-main.o (rime_driver)
contiki-z1.a(announcement.o)  contiki-z1.a(rime.o) (announcement_init)
contiki-z1.a(broadcast-annou)
                              contiki-z1.a(rime.o) (broadcast_announcement_init)
contiki-z1.a(broadcast.o)     contiki-z1.a(broadcast-annou) (broadcast_open)
contiki-z1.a(unicast.o)       app.co (unicast_open)
contiki-z1.a(abc.o)           contiki-z1.a(broadcast.o) (abc_open)
contiki-z1.a(chameleon.o)     contiki-z1.a(rime.o) (chameleon_init)
contiki-z1.a(channel.o)       contiki-z1.a(chameleon.o) (channel_init)
contiki-z1.a(chameleon-bitop)
                              contiki-z1.a(chameleon.o) (chameleon_bitopt)
contiki-z1.a(nullmac.o)       obj_z1/contiki-z1-main.o (nullmac_driver)
contiki-z1.a(plb.o)           app.co (plb_driver)
contiki-z1.a(process.o)       obj_z1/contiki-z1-main.o (process_init)
contiki-z1.a(autostart.o)     obj_z1/contiki-z1-main.o (autostart_start)
contiki-z1.a(serial-line.o)   obj_z1/contiki-z1-main.o (serial_line_input_byte)
contiki-z1.a(list.o)          contiki-z1.a(announcement.o) (list_init)
contiki-z1.a(etimer.o)        obj_z1/contiki-z1-main.o (etimer_process)
contiki-z1.a(ctimer.o)        obj_z1/contiki-z1-main.o (ctimer_init)
contiki-z1.a(energest.o)      obj_z1/contiki-z1-main.o (energest_init)
contiki-z1.a(rtimer.o)        obj_z1/contiki-z1-main.o (rtimer_init)
contiki-z1.a(random.o)        app.co (random_rand)
contiki-z1.a(ringbuf.o)       contiki-z1.a(serial-line.o) (ringbuf_init)
contiki-z1.a(packetbuf.o)     app.co (packetbuf_copyto)
contiki-z1.a(queuebuf.o)      contiki-z1.a(rime.o) (queuebuf_init)
contiki-z1.a(contiki-z1-plat)
                              obj_z1/contiki-z1-main.o (init_platform)
contiki-z1.a(msp430.o)        obj_z1/contiki-z1-main.o (msp430_cpu_init)
contiki-z1.a(leds.o)          obj_z1/contiki-z1-main.o (leds_init)
contiki-z1.a(watchdog.o)      obj_z1/contiki-z1-main.o (watchdog_start)
contiki-z1.a(xmem.o)          obj_z1/contiki-z1-main.o (xmem_init)
contiki-z1.a(spi.o)           contiki-z1.a(xmem.o) (spi_init)
contiki-z1.a(cc2420.o)        obj_z1/contiki-z1-main.o (cc2420_set_channel)
contiki-z1.a(cc2420-arch.o)   contiki-z1.a(cc2420.o) (cc2420_arch_init)
contiki-z1.a(node-id.o)       obj_z1/contiki-z1-main.o (node_id_restore)
contiki-z1.a(sensors.o)       app.co (sensors_event)
contiki-z1.a(button-sensor.o)
                              app.co (button_sensor)
contiki-z1.a(uart0-putchar.o)
                              obj_z1/ntp.o (putchar)
contiki-z1.a(slip_uart0.o)    obj_z1/uart.o (slip_arch_writeb)
contiki-z1.a(adxl345.o)       obj_z1/contiki-z1-main.o (accm_init)
contiki-z1.a(clock.o)         obj_z1/sclock.o (clock_time)
contiki-z1.a(leds-arch.o)     contiki-z1.a(leds.o) (leds_arch_init)
contiki-z1.a(rtimer-arch.o)   contiki-z1.a(rtimer.o) (rtimer_arch_init)
contiki-z1.a(mac.o)           contiki-z1.a(plb.o) (mac_call_sent_callback)
contiki-z1.a(framer-802154.o)
                              contiki-z1.a(plb.o) (framer_802154)
contiki-z1.a(memb.o)          contiki-z1.a(queuebuf.o) (memb_init)
contiki-z1.a(timer.o)         contiki-z1.a(etimer.o) (timer_set)
contiki-z1.a(slip.o)          contiki-z1.a(slip_uart0.o) (slip_input_byte)
contiki-z1.a(i2cmaster.o)     contiki-z1.a(adxl345.o) (i2c_receiveinit)
contiki-z1.a(frame802154.o)   contiki-z1.a(framer-802154.o) (frame802154_hdrlen)
contiki-z1.a(tcpip.o)         contiki-z1.a(slip.o) (tcpip_input)
contiki-z1.a(uip-fw.o)        contiki-z1.a(tcpip.o) (uip_fw_forward)
contiki-z1.a(uip.o)           contiki-z1.a(slip.o) (uip_aligned_buf)
contiki-z1.a(uip-ipchksum.o)  contiki-z1.a(slip.o) (uip_ipchksum)
/usr/local/msp430/bin/../lib/gcc/msp430/4.7.0/mcpu-430x/mmpy-16/libgcc.a(_udivmod16.o)
                              obj_z1/sclock.o (__udivhi3)
/usr/local/msp430/bin/../lib/gcc/msp430/4.7.0/mcpu-430x/mmpy-16/libgcc.a(_udivmod32.o)
                              obj_z1/sclock.o (__udivsi3)
/usr/local/msp430/bin/../lib/gcc/msp430/4.7.0/../../../../msp430/lib/mcpu-430x/mmpy-16/libc.a(malloc.o)
                              contiki-z1.a(plb.o) (malloc)
/usr/local/msp430/bin/../lib/gcc/msp430/4.7.0/../../../../msp430/lib/mcpu-430x/mmpy-16/libc.a(printf.o)
                              app.co (printf)
/usr/local/msp430/bin/../lib/gcc/msp430/4.7.0/../../../../msp430/lib/mcpu-430x/mmpy-16/libc.a(vuprintf.o)
                              /usr/local/msp430/bin/../lib/gcc/msp430/4.7.0/../../../../msp430/lib/mcpu-430x/mmpy-16/libc.a(printf.o) (vuprintf)
/usr/local/msp430/bin/../lib/gcc/msp430/4.7.0/../../../../msp430/lib/mcpu-430x/mmpy-16/libc.a(puts.o)
                              app.co (puts)
/usr/local/msp430/bin/../lib/gcc/msp430/4.7.0/../../../../msp430/lib/mcpu-430x/mmpy-16/libc.a(rand.o)
                              contiki-z1.a(random.o) (rand)
[...]
Memory Configuration

Name             Origin             Length             Attributes
sfr              0x00000000         0x00000010
peripheral_8bit  0x00000010         0x000000f0
peripheral_16bit 0x00000100         0x00000100
ram_mirror       0x00000200         0x00000800         xw
infomem          0x00001000         0x00000100
infod            0x00001000         0x00000040
infoc            0x00001040         0x00000040
infob            0x00001080         0x00000040
infoa            0x000010c0         0x00000040
ram              0x00001100         0x00002000         xw
rom              0x00003100         0x0000cebe         xr
vectors          0x0000ffc0         0x00000040
far_rom          0x00010000         0x0000a000
bsl              0x00000000         0x00000000
ram2             0x00000000         0x00000000         xw
usbram           0x00000000         0x00000000         xw
*default*        0x00000000         0xffffffff

Linker script and memory map

LOAD /usr/local/msp430/bin/../lib/gcc/msp430/4.7.0/mcpu-430x/mmpy-16/crt0ivtbl32.o
                0x00000041                __P1SEL2 = 0x41
                0x00000045                __P5SEL2 = 0x45
LOAD app.co
LOAD obj_z1/ntp.o
LOAD obj_z1/sclock.o
LOAD obj_z1/timestamp.o
LOAD obj_z1/uart0.o
LOAD obj_z1/uart.o
LOAD obj_z1/contiki-z1-main.o
LOAD contiki-z1.a
LOAD /usr/local/msp430/bin/../lib/gcc/msp430/4.7.0/mcpu-430x/mmpy-16/libgcc.a
LOAD /usr/local/msp430/bin/../lib/gcc/msp430/4.7.0/../../../../msp430/lib/mcpu-430x/mmpy-16/libc.a
LOAD /usr/local/msp430/bin/../lib/gcc/msp430/4.7.0/mcpu-430x/mmpy-16/libgcc.a
LOAD /usr/local/msp430/bin/../lib/gcc/msp430/4.7.0/mcpu-430x/mmpy-16/libcrt0.a
                0x00000040                PROVIDE (__info_segment_size, 0x40)
                0x00001000                PROVIDE (__infod, 0x1000)
                0x00001040                PROVIDE (__infoc, 0x1040)
                0x00001080                PROVIDE (__infob, 0x1080)
                0x000010c0                PROVIDE (__infoa, 0x10c0)
                0x00000000                __IE1 = 0x0
                0x00000002                __IFG1 = 0x2
                0x00000001                __IE2 = 0x1
                0x00000003                __IFG2 = 0x3
                0x00000006                __UC1IE = 0x6
                0x00000007                __UC1IFG = 0x7
                0x000001a0                __ADC12CTL0 = 0x1a0
                0x000001a2                __ADC12CTL1 = 0x1a2
                0x000001a4                __ADC12IFG = 0x1a4
                0x000001a6                __ADC12IE = 0x1a6
                0x000001a8                __ADC12IV = 0x1a8
                0x00000140                __ADC12MEM0 = 0x140
                0x00000142                __ADC12MEM1 = 0x142
                0x00000144                __ADC12MEM2 = 0x144
                0x00000146                __ADC12MEM3 = 0x146
                0x00000148                __ADC12MEM4 = 0x148
                0x0000014a                __ADC12MEM5 = 0x14a
                0x0000014c                __ADC12MEM6 = 0x14c
                0x0000014e                __ADC12MEM7 = 0x14e
                0x00000150                __ADC12MEM8 = 0x150
                0x00000152                __ADC12MEM9 = 0x152
                0x00000154                __ADC12MEM10 = 0x154
                0x00000156                __ADC12MEM11 = 0x156
                0x00000158                __ADC12MEM12 = 0x158
                0x0000015a                __ADC12MEM13 = 0x15a
                0x0000015c                __ADC12MEM14 = 0x15c
                0x0000015e                __ADC12MEM15 = 0x15e
                0x00000080                __ADC12MCTL0 = 0x80
                0x00000081                __ADC12MCTL1 = 0x81
                0x00000082                __ADC12MCTL2 = 0x82
                0x00000083                __ADC12MCTL3 = 0x83
                0x00000084                __ADC12MCTL4 = 0x84
                0x00000085                __ADC12MCTL5 = 0x85
                0x00000086                __ADC12MCTL6 = 0x86
                0x00000087                __ADC12MCTL7 = 0x87
                0x00000088                __ADC12MCTL8 = 0x88
                0x00000089                __ADC12MCTL9 = 0x89
                0x0000008a                __ADC12MCTL10 = 0x8a
                0x0000008b                __ADC12MCTL11 = 0x8b
                0x0000008c                __ADC12MCTL12 = 0x8c
                0x0000008d                __ADC12MCTL13 = 0x8d
                0x0000008e                __ADC12MCTL14 = 0x8e
                0x0000008f                __ADC12MCTL15 = 0x8f
                0x00000056                __DCOCTL = 0x56
                0x00000057                __BCSCTL1 = 0x57
                0x00000058                __BCSCTL2 = 0x58
                0x00000053                __BCSCTL3 = 0x53
                0x00000059                __CACTL1 = 0x59
                0x0000005a                __CACTL2 = 0x5a
                0x0000005b                __CAPD = 0x5b
                0x000001c0                __DAC12_0CTL = 0x1c0
                0x000001c2                __DAC12_1CTL = 0x1c2
                0x000001c8                __DAC12_0DAT = 0x1c8
                0x000001ca                __DAC12_1DAT = 0x1ca
                0x00000122                __DMACTL0 = 0x122
                0x00000124                __DMACTL1 = 0x124
                0x00000126                __DMAIV = 0x126
                0x000001d0                __DMA0CTL = 0x1d0
                0x000001dc                __DMA1CTL = 0x1dc
                0x000001e8                __DMA2CTL = 0x1e8
                0x000001d2                __DMA0SA = 0x1d2
                0x000001d2                __DMA0SAL = 0x1d2
                0x000001d6                __DMA0DA = 0x1d6
                0x000001d6                __DMA0DAL = 0x1d6
                0x000001da                __DMA0SZ = 0x1da
                0x000001de                __DMA1SA = 0x1de
                0x000001de                __DMA1SAL = 0x1de
                0x000001e2                __DMA1DA = 0x1e2
                0x000001e2                __DMA1DAL = 0x1e2
                0x000001e6                __DMA1SZ = 0x1e6
                0x000001ea                __DMA2SA = 0x1ea
                0x000001ea                __DMA2SAL = 0x1ea
                0x000001ee                __DMA2DA = 0x1ee
                0x000001ee                __DMA2DAL = 0x1ee
                0x000001f2                __DMA2SZ = 0x1f2
                0x00000128                __FCTL1 = 0x128
                0x0000012a                __FCTL2 = 0x12a
                0x0000012c                __FCTL3 = 0x12c
                0x000001be                __FCTL4 = 0x1be
                0x00000130                __MPY = 0x130
                0x00000132                __MPYS = 0x132
                0x00000134                __MAC = 0x134
                0x00000136                __MACS = 0x136
                0x00000138                __OP2 = 0x138
                0x0000013a                __RESLO = 0x13a
                0x0000013c                __RESHI = 0x13c
                0x0000013e                __SUMEXT = 0x13e
                0x00000020                __P1IN = 0x20
                0x00000021                __P1OUT = 0x21
                0x00000022                __P1DIR = 0x22
                0x00000023                __P1IFG = 0x23
                0x00000024                __P1IES = 0x24
                0x00000025                __P1IE = 0x25
                0x00000026                __P1SEL = 0x26
                0x00000027                __P1REN = 0x27
                0x00000028                __P2IN = 0x28
                0x00000029                __P2OUT = 0x29
                0x0000002a                __P2DIR = 0x2a
                0x0000002b                __P2IFG = 0x2b
                0x0000002c                __P2IES = 0x2c
                0x0000002d                __P2IE = 0x2d
                0x0000002e                __P2SEL = 0x2e
                0x0000002f                __P2REN = 0x2f
                0x00000018                __P3IN = 0x18
                0x00000019                __P3OUT = 0x19
                0x0000001a                __P3DIR = 0x1a
                0x0000001b                __P3SEL = 0x1b
                0x00000010                __P3REN = 0x10
                0x0000001c                __P4IN = 0x1c
                0x0000001d                __P4OUT = 0x1d
                0x0000001e                __P4DIR = 0x1e
                0x0000001f                __P4SEL = 0x1f
                0x00000011                __P4REN = 0x11
                0x00000030                __P5IN = 0x30
                0x00000031                __P5OUT = 0x31
                0x00000032                __P5DIR = 0x32
                0x00000033                __P5SEL = 0x33
                0x00000012                __P5REN = 0x12
                0x00000034                __P6IN = 0x34
                0x00000035                __P6OUT = 0x35
                0x00000036                __P6DIR = 0x36
                0x00000037                __P6SEL = 0x37
                0x00000013                __P6REN = 0x13
                0x00000038                __P7IN = 0x38
                0x0000003a                __P7OUT = 0x3a
                0x0000003c                __P7DIR = 0x3c
                0x0000003e                __P7SEL = 0x3e
                0x00000014                __P7REN = 0x14
                0x00000039                __P8IN = 0x39
                0x0000003b                __P8OUT = 0x3b
                0x0000003d                __P8DIR = 0x3d
                0x0000003f                __P8SEL = 0x3f
                0x00000015                __P8REN = 0x15
                0x00000038                __PAIN = 0x38
                0x0000003a                __PAOUT = 0x3a
                0x0000003c                __PADIR = 0x3c
                0x0000003e                __PASEL = 0x3e
                0x00000014                __PAREN = 0x14
                0x00000055                __SVSCTL = 0x55
                0x0000012e                __TAIV = 0x12e
                0x00000160                __TACTL = 0x160
                0x00000162                __TACCTL0 = 0x162
                0x00000164                __TACCTL1 = 0x164
                0x00000166                __TACCTL2 = 0x166
                0x00000170                __TAR = 0x170
                0x00000172                __TACCR0 = 0x172
                0x00000174                __TACCR1 = 0x174
                0x00000176                __TACCR2 = 0x176
                0x0000011e                __TBIV = 0x11e
                0x00000180                __TBCTL = 0x180
                0x00000182                __TBCCTL0 = 0x182
                0x00000184                __TBCCTL1 = 0x184
                0x00000186                __TBCCTL2 = 0x186
                0x00000188                __TBCCTL3 = 0x188
                0x0000018a                __TBCCTL4 = 0x18a
                0x0000018c                __TBCCTL5 = 0x18c
                0x0000018e                __TBCCTL6 = 0x18e
                0x00000190                __TBR = 0x190
                0x00000192                __TBCCR0 = 0x192
                0x00000194                __TBCCR1 = 0x194
                0x00000196                __TBCCR2 = 0x196
                0x00000198                __TBCCR3 = 0x198
                0x0000019a                __TBCCR4 = 0x19a
                0x0000019c                __TBCCR5 = 0x19c
                0x0000019e                __TBCCR6 = 0x19e
                0x00000060                __UCA0CTL0 = 0x60
                0x00000061                __UCA0CTL1 = 0x61
                0x00000062                __UCA0BR0 = 0x62
                0x00000063                __UCA0BR1 = 0x63
                0x00000064                __UCA0MCTL = 0x64
                0x00000065                __UCA0STAT = 0x65
                0x00000066                __UCA0RXBUF = 0x66
                0x00000067                __UCA0TXBUF = 0x67
                0x0000005d                __UCA0ABCTL = 0x5d
                0x0000005e                __UCA0IRTCTL = 0x5e
                0x0000005f                __UCA0IRRCTL = 0x5f
                0x00000068                __UCB0CTL0 = 0x68
                0x00000069                __UCB0CTL1 = 0x69
                0x0000006a                __UCB0BR0 = 0x6a
                0x0000006b                __UCB0BR1 = 0x6b
                0x0000006c                __UCB0I2CIE = 0x6c
                0x0000006d                __UCB0STAT = 0x6d
                0x0000006e                __UCB0RXBUF = 0x6e
                0x0000006f                __UCB0TXBUF = 0x6f
                0x00000118                __UCB0I2COA = 0x118
                0x0000011a                __UCB0I2CSA = 0x11a
                0x000000d0                __UCA1CTL0 = 0xd0
                0x000000d1                __UCA1CTL1 = 0xd1
                0x000000d2                __UCA1BR0 = 0xd2
                0x000000d3                __UCA1BR1 = 0xd3
                0x000000d4                __UCA1MCTL = 0xd4
                0x000000d5                __UCA1STAT = 0xd5
                0x000000d6                __UCA1RXBUF = 0xd6
                0x000000d7                __UCA1TXBUF = 0xd7
                0x000000cd                __UCA1ABCTL = 0xcd
                0x000000ce                __UCA1IRTCTL = 0xce
                0x000000cf                __UCA1IRRCTL = 0xcf
                0x000000d8                __UCB1CTL0 = 0xd8
                0x000000d9                __UCB1CTL1 = 0xd9
                0x000000da                __UCB1BR0 = 0xda
                0x000000db                __UCB1BR1 = 0xdb
                0x000000dc                __UCB1I2CIE = 0xdc
                0x000000dd                __UCB1STAT = 0xdd
                0x000000de                __UCB1RXBUF = 0xde
                0x000000df                __UCB1TXBUF = 0xdf
                0x0000017c                __UCB1I2COA = 0x17c
                0x0000017e                __UCB1I2CSA = 0x17e
                0x00000120                __WDTCTL = 0x120
                0x000010c0                __TLV_CHECKSUM = 0x10c0
                0x000010f6                __TLV_DCO_30_TAG = 0x10f6
                0x000010f7                __TLV_DCO_30_LEN = 0x10f7
                0x000010da                __TLV_ADC12_1_TAG = 0x10da
                0x000010db                __TLV_ADC12_1_LEN = 0x10db
                0x000010f8                __CALDCO_16MHZ = 0x10f8
                0x000010f9                __CALBC1_16MHZ = 0x10f9
                0x000010fa                __CALDCO_12MHZ = 0x10fa
                0x000010fb                __CALBC1_12MHZ = 0x10fb
                0x000010fc                __CALDCO_8MHZ = 0x10fc
                0x000010fd                __CALBC1_8MHZ = 0x10fd
                0x000010fe                __CALDCO_1MHZ = 0x10fe
                0x000010ff                __CALBC1_1MHZ = 0x10ff

.hash
 *(.hash)

.dynsym
 *(.dynsym)

.dynstr
 *(.dynstr)

.gnu.version
 *(.gnu.version)

.gnu.version_d
 *(.gnu.version_d)

.gnu.version_r
 *(.gnu.version_r)

.rel.init
 *(.rel.init)

.rela.init
 *(.rela.init)

.rel.fini
 *(.rel.fini)

.rela.fini
 *(.rela.fini)

.rel.text
 *(.rel.text .rel.text.* .rel.gnu.linkonce.t.*)

.rela.text
 *(.rela.text .rela.text.* .rela.gnu.linkonce.t.*)

.rel.rodata
 *(.rel.rodata .rel.rodata.* .rel.gnu.linkonce.r.*)

.rela.rodata
 *(.rela.rodata .rela.rodata.* .rela.gnu.linkonce.r.*)

.rel.data
 *(.rel.data .rel.data.* .rel.gnu.linkonce.d.*)

.rela.data
 *(.rela.data .rela.data.* .rela.gnu.linkonce.d.*)

.rel.bss
 *(.rel.bss .rel.bss.* .rel.gnu.linkonce.b.*)

.rela.bss
 *(.rela.bss .rela.bss.* .rela.gnu.linkonce.b.*)

.rel.ctors
 *(.rel.ctors)

.rela.ctors
 *(.rela.ctors)

.rel.dtors
 *(.rel.dtors)

.rela.dtors
 *(.rela.dtors)

.rel.got
 *(.rel.got)

.rela.got
 *(.rela.got)

.rel.plt
 *(.rel.plt)

.rela.plt
 *(.rela.plt)

.text           0x00003100     0x81be
                0x00003100                . = ALIGN (0x2)
 *(.init .init.*)
 *(.init0)
 .init0         0x00003100        0x0 /usr/local/msp430/bin/../lib/gcc/msp430/4.7.0/mcpu-430x/mmpy-16/libcrt0.a(_reset_vector__.o)
                0x00003100                _reset_vector__
 *(.init1)
 .init1         0x00003100        0xc /usr/local/msp430/bin/../lib/gcc/msp430/4.7.0/mcpu-430x/mmpy-16/libcrt0.a(__watchdog_support.o)
                0x00003100                __watchdog_support
 *(.init2)
 .init2         0x0000310c        0x4 /usr/local/msp430/bin/../lib/gcc/msp430/4.7.0/mcpu-430x/mmpy-16/libcrt0.a(__init_stack.o)
                0x0000310c                __init_stack
 *(.init3)
 .init3         0x00003110        0x0 /usr/local/msp430/bin/../lib/gcc/msp430/4.7.0/mcpu-430x/mmpy-16/libcrt0.a(__low_level_init.o)
                0x00003110                __low_level_init
 *(.init4)
 .init4         0x00003110       0x18 /usr/local/msp430/bin/../lib/gcc/msp430/4.7.0/mcpu-430x/mmpy-16/libcrt0.a(_copy_data.o)
                0x00003110                __do_copy_data
 .init4         0x00003128       0x16 /usr/local/msp430/bin/../lib/gcc/msp430/4.7.0/mcpu-430x/mmpy-16/libcrt0.a(_clear_bss.o)
                0x00003128                __do_clear_bss
 *(.init5)
 *(.init6)
 *(.init7)
 *(.init8)
 *(.init9)
 .init9         0x0000313e      0x302 obj_z1/contiki-z1-main.o
                0x0000313e                main
 *(.fini9)
 .fini9         0x00003440        0x0 /usr/local/msp430/bin/../lib/gcc/msp430/4.7.0/mcpu-430x/mmpy-16/libcrt0.a(__stop_progExec__.o)
                0x00003440                __stop_progExec__
 *(.fini8)
 *(.fini7)
 *(.fini6)
 *(.fini5)
 *(.fini4)
 *(.fini3)
 *(.fini2)
 *(.fini1)
 *(.fini0)
 .fini0         0x00003440        0x6 /usr/local/msp430/bin/../lib/gcc/msp430/4.7.0/mcpu-430x/mmpy-16/libcrt0.a(_endless_loop__.o)
                0x00003440                _endless_loop__
 *(.fini .fini.*)
                0x00003446                . = ALIGN (0x2)
                0x00003446                __ctors_start = .
 *(.ctors)
                0x00003446                __ctors_end = .
                0x00003446                __dtors_start = .
 *(.dtors)
                0x00003446                __dtors_end = .
                0x00003446                . = ALIGN (0x2)
 *(.text .text.* .gnu.linkonce.t.*)
 .text          0x00003446        0x4 /usr/local/msp430/bin/../lib/gcc/msp430/4.7.0/mcpu-430x/mmpy-16/crt0ivtbl32.o
                0x00003446                __isr_14
                0x00003446                __isr_4
                0x00003446                __isr_29
                0x00003446                __isr_11
                0x00003446                __isr_5
                0x00003446                __isr_2
                0x00003446                __isr_10
                0x00003446                __isr_7
                0x00003446                __isr_0
                0x00003446                __isr_28
                0x00003446                __isr_8
                0x00003446                __isr_20
                0x00003446                __isr_3
                0x00003446                __isr_12
                0x00003446                __isr_13
                0x00003446                __isr_27
                0x00003446                __isr_9
                0x00003446                __isr_30
                0x00003446                __isr_6
                0x00003446                __isr_22
                0x00003446                __isr_1
                0x00003446                __isr_15
                0x00003446                __isr_21
 .text.crt0     0x0000344a        0x0 /usr/local/msp430/bin/../lib/gcc/msp430/4.7.0/mcpu-430x/mmpy-16/crt0ivtbl32.o
 .text          0x0000344a      0x3b6 app.co
 .text          0x00003800      0x412 obj_z1/ntp.o
                0x00003800                print_packet
                0x00003856                ntp_create
                0x0000385e                ntp_init
                0x0000388e                ntp_put_t1
                0x000038b4                ntp_put_t2
                0x000038de                ntp_put_t3
                0x00003908                ntp_make_request
                0x0000390e                ntp_make_ack
                0x00003948                ntp_calc
                0x00003b5c                ntp_handle_ack
                0x00003bc4                print_ntp
 .text          0x00003c12      0x49e obj_z1/sclock.o
                0x00003c12                sclock_create
                0x00003c2a                sclock_init
                0x00003c60                sclock_update
                0x00003d28                sclock_now
                0x00003d3e                sclock_tick_to_timestamp
                0x00003e80                sclock_rtimer_set
                0x00003f0e                sclock_hold_time
                0x00003fb8                sclock_etimer_set
                0x00004054                sclock_etimer_set_long
 .text          0x000040b0      0xa8c obj_z1/timestamp.o
                0x000040b0                timestamp_arrange
                0x000042a8                timestamp_is_overflow
                0x000042e8                timestamp_is_empty
                0x0000430c                timestamp_init
                0x0000432a                timestamp_add
                0x00004358                timestamp_plus
                0x000043b2                timestamp_subtract
                0x0000447c                timestamp_minus
                0x0000454a                timestamp_divide
                0x00004672                packet_get_index
                0x0000468e                timestamp_to_packet
                0x00004812                timestamp_from_packet
                0x00004a56                timestamp_cmp
                0x00004ad0                timestamp_cpy
                0x00004afa                print_timestamp
 .text          0x00004b3c       0x6a obj_z1/uart0.o
                0x00004b3c                uart0_active
                0x00004b4a                uart0_set_input
                0x00004b50                uart0_writeb
                0x00004b66                uart0_init
 .text          0x00004ba6       0x14 obj_z1/uart.o
                0x00004ba6                UART_out
                0x00004bb0                UART_input_callback
 .text          0x00004bba        0x6 obj_z1/contiki-z1-main.o
                0x00004bba                uip_log
 .text          0x00004bc0       0x2a contiki-z1.a(rimeaddr.o)
                0x00004bc0                rimeaddr_copy
                0x00004bcc                rimeaddr_cmp
                0x00004bde                rimeaddr_set_node_addr
 .text          0x00004bea       0xd8 contiki-z1.a(rime.o)
                0x00004c86                rime_sniffer_add
                0x00004c92                rime_sniffer_remove
                0x00004c9e                rime_output
 .text          0x00004cc2      0x114 contiki-z1.a(announcement.o)
                0x00004cc2                announcement_init
                0x00004ccc                announcement_register
                0x00004d06                announcement_remove
                0x00004d12                announcement_remove_value
                0x00004d34                announcement_set_value
                0x00004d5c                announcement_bump
                0x00004d7e                announcement_listen
                0x00004d8a                announcement_register_listen_callback
                0x00004d90                announcement_register_observer_callback
                0x00004d96                announcement_list
                0x00004da0                announcement_heard
 .text          0x00004dd6      0x1bc contiki-z1.a(broadcast-annou)
                0x00004f22                broadcast_announcement_init
                0x00004f66                broadcast_announcement_stop
                0x00004f88                broadcast_announcement_beacon_interval
 .text          0x00004f92       0x78 contiki-z1.a(broadcast.o)
                0x00004fc8                broadcast_open
                0x00004fea                broadcast_close
                0x00004ff0                broadcast_send
 .text          0x0000500a       0x78 contiki-z1.a(unicast.o)
                0x00005044                unicast_open
                0x00005066                unicast_close
                0x0000506c                unicast_send
 .text          0x00005082       0x48 contiki-z1.a(abc.o)
                0x00005082                abc_open
                0x000050a0                abc_close
                0x000050a6                abc_send
                0x000050ac                abc_input
                0x000050ba                abc_sent
 .text          0x000050ca       0x38 contiki-z1.a(chameleon.o)
                0x000050ca                chameleon_init
                0x000050d0                chameleon_parse
                0x000050e0                chameleon_create
                0x000050fc                chameleon_hdrsize
 .text          0x00005102       0x66 contiki-z1.a(channel.o)
                0x00005102                channel_init
                0x0000510c                channel_open
                0x0000511c                channel_close
                0x00005128                channel_lookup
                0x00005148                channel_set_attributes
 .text          0x00005168      0x2ec contiki-z1.a(chameleon-bitop)
                0x0000517e                get_bits_in_byte
                0x000051b4                get_bits
                0x000052f2                set_bits_in_byte
                0x0000531c                set_bits
 .text          0x00005454       0x1e contiki-z1.a(nullmac.o)
 .text          0x00005472      0x886 contiki-z1.a(plb.o)
 .text          0x00005cf8      0x2a0 contiki-z1.a(process.o)
                0x00005df4                process_alloc_event
                0x00005e02                process_exit
                0x00005e0c                process_init
                0x00005e28                process_run
                0x00005ecc                process_nevents
                0x00005eda                process_post
                0x00005f2a                process_post_synch
                0x00005f3c                process_start
                0x00005f72                process_poll
                0x00005f8a                process_is_running
 .text          0x00005f98       0x2a contiki-z1.a(autostart.o)
                0x00005f98                autostart_start
                0x00005fae                autostart_exit
 .text          0x00005fc2      0x104 contiki-z1.a(serial-line.o)
                0x00006060                serial_line_input_byte
                0x000060aa                serial_line_init
 .text          0x000060c6       0xec contiki-z1.a(list.o)
                0x000060c6                list_init
                0x000060cc                list_head
                0x000060d0                list_copy
                0x000060d6                list_tail
                0x000060e8                list_chop
                0x00006102                list_pop
                0x00006110                list_remove
                0x00006144                list_push
                0x0000615a                list_add
                0x00006180                list_length
                0x00006190                list_insert
                0x000061a6                list_item_next
 .text          0x000061b2      0x258 contiki-z1.a(etimer.o)
                0x00006222                etimer_request_poll
                0x00006330                etimer_set
                0x00006342                etimer_reset
                0x00006354                etimer_restart
                0x00006366                etimer_adjust
                0x00006380                etimer_expired
                0x0000638e                etimer_expiration_time
                0x000063a2                etimer_start_time
                0x000063aa                etimer_pending
                0x000063b6                etimer_next_expiration_time
                0x000063cc                etimer_stop
 .text          0x0000640a      0x1ce contiki-z1.a(ctimer.o)
                0x000064aa                ctimer_init
                0x000064c2                ctimer_set
                0x00006514                ctimer_reset
                0x0000654a                ctimer_restart
                0x00006580                ctimer_stop
                0x000065a8                ctimer_expired
 .text          0x000065d8       0xaa contiki-z1.a(energest.o)
                0x000065d8                energest_init
                0x000065fc                energest_type_time
                0x00006638                energest_leveldevice_leveltime
                0x0000663e                energest_type_set
                0x0000664a                energest_flush
 .text          0x00006682       0x50 contiki-z1.a(rtimer.o)
                0x00006682                rtimer_init
                0x00006688                rtimer_set
                0x000066ac                rtimer_run_next
 .text          0x000066d2        0xc contiki-z1.a(random.o)
                0x000066d2                random_init
                0x000066d8                random_rand
 .text          0x000066de       0x94 contiki-z1.a(ringbuf.o)
                0x000066de                ringbuf_init
                0x000066f2                ringbuf_put
                0x0000672a                ringbuf_get
                0x00006758                ringbuf_size
                0x00006760                ringbuf_elements
 .text          0x00006772      0x216 contiki-z1.a(packetbuf.o)
                0x00006772                packetbuf_clear_hdr
                0x0000677a                packetbuf_copyto_hdr
                0x00006796                packetbuf_copyto
                0x000067dc                packetbuf_hdr_remove
                0x000067e2                packetbuf_hdrreduce
                0x000067fc                packetbuf_set_datalen
                0x00006802                packetbuf_dataptr
                0x00006810                packetbuf_hdrptr
                0x0000681a                packetbuf_is_reference
                0x00006828                packetbuf_compact
                0x00006870                packetbuf_reference_ptr
                0x00006876                packetbuf_datalen
                0x0000687c                packetbuf_hdrlen
                0x00006886                packetbuf_totlen
                0x00006896                packetbuf_hdralloc
                0x000068c0                packetbuf_attr_clear
                0x000068ec                packetbuf_clear
                0x00006906                packetbuf_reference
                0x0000691c                packetbuf_copyfrom
                0x00006946                packetbuf_attr_copyto
                0x00006966                packetbuf_attr_copyfrom
 .text          0x00006988      0x1a6 contiki-z1.a(queuebuf.o)
                0x00006988                queuebuf_init
                0x000069a2                queuebuf_new_from_packetbuf
                0x00006a1c                queuebuf_update_attr_from_packetbuf
                0x00006a2e                queuebuf_free
                0x00006a6e                queuebuf_to_packetbuf
                0x00006ad8                queuebuf_dataptr
                0x00006b0a                queuebuf_datalen
                0x00006b10                queuebuf_addr
                0x00006b1e                queuebuf_attr
                0x00006b2c                queuebuf_debug_print
 .text          0x00006b2e        0xc contiki-z1.a(contiki-z1-plat)
                0x00006b2e                init_platform
 .text          0x00006b3a       0xd2 contiki-z1.a(msp430.o)
                0x00006b3a                msp430_init_dco
                0x00006b62                msp430_quick_synch_dco
                0x00006bde                msp430_cpu_init
                0x00006c04                splhigh_
 .text          0x00006c0c      0x168 contiki-z1.a(leds.o)
                0x00006d04                leds_init
                0x00006d12                leds_get
                0x00006d18                leds_on
                0x00006d2c                leds_off
                0x00006d40                leds_invert
                0x00006d4a                leds_toggle
                0x00006d50                leds_blink
 .text          0x00006d74       0x54 contiki-z1.a(watchdog.o)
                0x00006d74                watchdog_start
                0x00006d88                watchdog_periodic
                0x00006d9a                watchdog_stop
                0x00006db0                watchdog_init
                0x00006dc2                watchdog_reboot
 .text          0x00006dc8      0x30a contiki-z1.a(xmem.o)
                0x00006e34                xmem_init
                0x00006e52                xmem_pread
                0x00006f14                xmem_pwrite
                0x00007028                xmem_erase
 .text          0x000070d2       0x32 contiki-z1.a(spi.o)
                0x000070d2                spi_init
 .text          0x00007104      0x9d0 contiki-z1.a(cc2420.o)
                0x00007400                cc2420_on
                0x00007422                cc2420_off
                0x000075e2                cc2420_get_channel
                0x000075e8                cc2420_set_channel
                0x00007660                cc2420_set_pan_addr
                0x00007780                cc2420_init
                0x0000784a                cc2420_interrupt
                0x00007868                cc2420_set_txpower
                0x00007876                cc2420_get_txpower
                0x00007a3c                cc2420_rssi
                0x00007a9a                cc2420_cca_valid
                0x00007abe                cc2420_set_cca_threshold
 .text          0x00007ad4       0x1a contiki-z1.a(cc2420-arch.o)
                0x00007ad4                cc2420_arch_init
 .text          0x00007aee       0x96 contiki-z1.a(node-id.o)
                0x00007aee                node_id_restore
                0x00007b3a                node_id_burn
 .text          0x00007b84      0x156 contiki-z1.a(sensors.o)
                0x00007c46                sensors_first
                0x00007c4c                sensors_next
                0x00007c70                sensors_changed
                0x00007c9a                sensors_find
 .text          0x00007cda       0x86 contiki-z1.a(button-sensor.o)
 .text          0x00007d60       0x10 contiki-z1.a(uart0-putchar.o)
                0x00007d60                putchar
 .text          0x00007d70       0x10 contiki-z1.a(slip_uart0.o)
                0x00007d70                slip_arch_writeb
                0x00007d76                slip_arch_init
 .text          0x00007d80      0x254 contiki-z1.a(adxl345.o)
                0x00007d80                accm_write_reg
                0x00007dae                accm_write_stream
                0x00007dd8                accm_read_reg
                0x00007e82                accm_read_stream
                0x00007ed4                accm_read_axis
                0x00007efa                accm_set_grange
                0x00007f1e                accm_init
                0x00007fa8                accm_set_irq
 .text          0x00007fd4       0xda contiki-z1.a(clock.o)
                0x00007fd4                clock_time
                0x00007fee                clock_set
                0x00008004                clock_fine_max
                0x0000800a                clock_fine
                0x00008016                clock_init
                0x0000803e                clock_delay
                0x0000804a                clock_wait
                0x0000806e                clock_set_seconds
                0x00008086                clock_seconds
                0x000080a0                clock_counter
 .text          0x000080ae       0x74 contiki-z1.a(leds-arch.o)
                0x000080ae                leds_arch_init
                0x000080bc                leds_arch_get
                0x000080ea                leds_arch_set
 .text          0x00008122       0x22 contiki-z1.a(rtimer-arch.o)
                0x00008122                rtimer_arch_init
                0x00008130                rtimer_arch_now
                0x0000813e                rtimer_arch_schedule
 .text          0x00008144       0x14 contiki-z1.a(mac.o)
                0x00008144                mac_call_sent_callback
 .text          0x00008158      0x1b2 contiki-z1.a(framer-802154.o)
 .text          0x0000830a       0xd8 contiki-z1.a(memb.o)
                0x0000830a                memb_init
                0x00008340                memb_alloc
                0x0000837e                memb_free
                0x000083b8                memb_inmemb
 .text          0x000083e2       0x8c contiki-z1.a(timer.o)
                0x000083e2                timer_set
                0x000083fe                timer_reset
                0x0000840c                timer_restart
                0x00008420                timer_expired
                0x0000844a                timer_remaining
 .text          0x0000846e      0x35e contiki-z1.a(slip.o)
                0x0000846e                slip_set_input_callback
                0x00008474                slip_send
                0x000084ce                slip_write
                0x00008710                slip_input_byte
 .text          0x000087cc       0xfa contiki-z1.a(i2cmaster.o)
                0x000087cc                i2c_receiveinit
                0x00008800                i2c_transmitinit
                0x0000882e                i2c_receive_n
                0x0000886c                i2c_busy
                0x00008876                i2c_enable
                0x00008898                i2c_disable
                0x000088b2                i2c_transmit_n
 .text          0x000088c6      0x366 contiki-z1.a(frame802154.o)
                0x00008952                frame802154_hdrlen
                0x00008980                frame802154_create
                0x00008ab6                frame802154_parse
 .text          0x00008c2c      0x370 contiki-z1.a(tcpip.o)
                0x00008c42                tcpip_output
                0x00008e0a                tcpip_set_outputfunc
                0x00008e10                tcp_unlisten
                0x00008e42                tcp_listen
                0x00008e7c                tcp_attach
                0x00008e88                udp_attach
                0x00008e94                udp_new
                0x00008eae                udp_broadcast_new
                0x00008edc                tcpip_input
                0x00008eee                tcpip_poll_udp
                0x00008efc                tcpip_poll_tcp
                0x00008f0a                tcp_connect
                0x00008f2c                tcpip_uipcall
 .text          0x00008f9c      0x28e contiki-z1.a(uip-fw.o)
                0x00008f9c                uip_fw_init
                0x00008fb8                uip_fw_output
                0x000090a6                uip_fw_forward
                0x000091fc                uip_fw_register
                0x00009208                uip_fw_default
                0x0000920e                uip_fw_periodic
 .text          0x0000922a      0xff6 contiki-z1.a(uip.o)
                0x0000929e                uip_setipid
                0x000092a4                uip_add32
                0x00009330                uip_chksum
                0x00009348                uip_tcpchksum
                0x00009352                uip_udpchksum
                0x0000935c                uip_init
                0x000093a2                uip_connect
                0x00009498                uip_udp_new
                0x00009546                uip_unlisten
                0x00009570                uip_listen
                0x0000959c                uip_process
                0x0000a1be                uip_htons
                0x0000a1ca                uip_htonl
                0x0000a1f4                uip_send
 .text          0x0000a220       0x32 contiki-z1.a(uip-ipchksum.o)
                0x0000a220                uip_ipchksum
 .text          0x0000a252        0x0 /usr/local/msp430/bin/../lib/gcc/msp430/4.7.0/mcpu-430x/mmpy-16/libgcc.a(_udivmod16.o)
 .text.libgcc   0x0000a252       0x22 /usr/local/msp430/bin/../lib/gcc/msp430/4.7.0/mcpu-430x/mmpy-16/libgcc.a(_udivmod16.o)
                0x0000a252                __udivhi3
                0x0000a252                __ext_udivmod16
                0x0000a26c                __umodhi3
 .text          0x0000a274        0x0 /usr/local/msp430/bin/../lib/gcc/msp430/4.7.0/mcpu-430x/mmpy-16/libgcc.a(_udivmod32.o)
 .text.libgcc   0x0000a274       0x38 /usr/local/msp430/bin/../lib/gcc/msp430/4.7.0/mcpu-430x/mmpy-16/libgcc.a(_udivmod32.o)
                0x0000a274                __udivsi3
                0x0000a274                __ext_udivmod32
                0x0000a2a2                __umodsi3
 .text          0x0000a2ac        0x0 /usr/local/msp430/bin/../lib/gcc/msp430/4.7.0/../../../../msp430/lib/mcpu-430x/mmpy-16/libc.a(malloc.o)
 .text.malloc   0x0000a2ac       0xbe /usr/local/msp430/bin/../lib/gcc/msp430/4.7.0/../../../../msp430/lib/mcpu-430x/mmpy-16/libc.a(malloc.o)
                0x0000a2ac                malloc
 .text.free     0x0000a36a        0x6 /usr/local/msp430/bin/../lib/gcc/msp430/4.7.0/../../../../msp430/lib/mcpu-430x/mmpy-16/libc.a(malloc.o)
                0x0000a36a                free
 .text          0x0000a370        0x0 /usr/local/msp430/bin/../lib/gcc/msp430/4.7.0/../../../../msp430/lib/mcpu-430x/mmpy-16/libc.a(printf.o)
 .text.printf   0x0000a370       0x10 /usr/local/msp430/bin/../lib/gcc/msp430/4.7.0/../../../../msp430/lib/mcpu-430x/mmpy-16/libc.a(printf.o)
                0x0000a370                printf
 .text.vprintf  0x0000a380        0xe /usr/local/msp430/bin/../lib/gcc/msp430/4.7.0/../../../../msp430/lib/mcpu-430x/mmpy-16/libc.a(printf.o)
                0x0000a380                vprintf
 .text          0x0000a38e        0x0 /usr/local/msp430/bin/../lib/gcc/msp430/4.7.0/../../../../msp430/lib/mcpu-430x/mmpy-16/libc.a(vuprintf.o)
 .text.print_field
                0x0000a38e      0x176 /usr/local/msp430/bin/../lib/gcc/msp430/4.7.0/../../../../msp430/lib/mcpu-430x/mmpy-16/libc.a(vuprintf.o)
 .text.vuprintf
                0x0000a504      0x740 /usr/local/msp430/bin/../lib/gcc/msp430/4.7.0/../../../../msp430/lib/mcpu-430x/mmpy-16/libc.a(vuprintf.o)
                0x0000a504                vuprintf
 .text          0x0000ac44        0x0 /usr/local/msp430/bin/../lib/gcc/msp430/4.7.0/../../../../msp430/lib/mcpu-430x/mmpy-16/libc.a(puts.o)
 .text.puts     0x0000ac44       0x2c /usr/local/msp430/bin/../lib/gcc/msp430/4.7.0/../../../../msp430/lib/mcpu-430x/mmpy-16/libc.a(puts.o)
                0x0000ac44                puts
 .text          0x0000ac70        0x0 /usr/local/msp430/bin/../lib/gcc/msp430/4.7.0/../../../../msp430/lib/mcpu-430x/mmpy-16/libc.a(rand.o)
 .text.rand_r   0x0000ac70       0x24 /usr/local/msp430/bin/../lib/gcc/msp430/4.7.0/../../../../msp430/lib/mcpu-430x/mmpy-16/libc.a(rand.o)
                0x0000ac70                rand_r
 .text.rand     0x0000ac94       0x26 /usr/local/msp430/bin/../lib/gcc/msp430/4.7.0/../../../../msp430/lib/mcpu-430x/mmpy-16/libc.a(rand.o)
                0x0000ac94                rand
 .text.srand    0x0000acba        0xa /usr/local/msp430/bin/../lib/gcc/msp430/4.7.0/../../../../msp430/lib/mcpu-430x/mmpy-16/libc.a(rand.o)
                0x0000acba                srand
 .text          0x0000acc4        0x0 /usr/local/msp430/bin/../lib/gcc/msp430/4.7.0/../../../../msp430/lib/mcpu-430x/mmpy-16/libc.a(strncmp.o)
 .text.strncmp  0x0000acc4       0x2a /usr/local/msp430/bin/../lib/gcc/msp430/4.7.0/../../../../msp430/lib/mcpu-430x/mmpy-16/libc.a(strncmp.o)
                0x0000acc4                strncmp
 .text          0x0000acee        0x0 /usr/local/msp430/bin/../lib/gcc/msp430/4.7.0/../../../../msp430/lib/mcpu-430x/mmpy-16/libc.a(memcmp.o)
 .text.memcmp   0x0000acee       0x2c /usr/local/msp430/bin/../lib/gcc/msp430/4.7.0/../../../../msp430/lib/mcpu-430x/mmpy-16/libc.a(memcmp.o)
                0x0000acee                memcmp
 .text          0x0000ad1a        0x0 /usr/local/msp430/bin/../lib/gcc/msp430/4.7.0/../../../../msp430/lib/mcpu-430x/mmpy-16/libc.a(memcpy.o)
 .text.memcpy   0x0000ad1a       0xe8 /usr/local/msp430/bin/../lib/gcc/msp430/4.7.0/../../../../msp430/lib/mcpu-430x/mmpy-16/libc.a(memcpy.o)
                0x0000ad1a                memcpy
 .text          0x0000ae02        0x0 /usr/local/msp430/bin/../lib/gcc/msp430/4.7.0/../../../../msp430/lib/mcpu-430x/mmpy-16/libc.a(memset.o)
 .text.memset   0x0000ae02       0x5c /usr/local/msp430/bin/../lib/gcc/msp430/4.7.0/../../../../msp430/lib/mcpu-430x/mmpy-16/libc.a(memset.o)
                0x0000ae02                memset
 .text          0x0000ae5e        0x0 /usr/local/msp430/bin/../lib/gcc/msp430/4.7.0/mcpu-430x/mmpy-16/libgcc.a(_mulsi3.o)
 .text.libgcc   0x0000ae5e       0x26 /usr/local/msp430/bin/../lib/gcc/msp430/4.7.0/mcpu-430x/mmpy-16/libgcc.a(_mulsi3.o)
                0x0000ae5e                __mulsi3
 .text          0x0000ae84        0x0 /usr/local/msp430/bin/../lib/gcc/msp430/4.7.0/mcpu-430x/mmpy-16/libgcc.a(_udivmod64.o)
 .text.libgcc   0x0000ae84       0xbc /usr/local/msp430/bin/../lib/gcc/msp430/4.7.0/mcpu-430x/mmpy-16/libgcc.a(_udivmod64.o)
                0x0000ae84                __xabi_udivmod64
                0x0000aed6                __udivdi3
                0x0000aef0                __umoddi3
                0x0000af12                __udivmoddi4
 .text          0x0000af40        0x0 /usr/local/msp430/bin/../lib/gcc/msp430/4.7.0/mcpu-430x/mmpy-16/libcrt0.a(_reset_vector__.o)
 .text          0x0000af40        0x0 /usr/local/msp430/bin/../lib/gcc/msp430/4.7.0/mcpu-430x/mmpy-16/libcrt0.a(__watchdog_support.o)
 .text          0x0000af40        0x0 /usr/local/msp430/bin/../lib/gcc/msp430/4.7.0/mcpu-430x/mmpy-16/libcrt0.a(__init_stack.o)
 .text          0x0000af40        0x0 /usr/local/msp430/bin/../lib/gcc/msp430/4.7.0/mcpu-430x/mmpy-16/libcrt0.a(__low_level_init.o)
 .text          0x0000af40        0x0 /usr/local/msp430/bin/../lib/gcc/msp430/4.7.0/mcpu-430x/mmpy-16/libcrt0.a(_copy_data.o)
 .text          0x0000af40        0x0 /usr/local/msp430/bin/../lib/gcc/msp430/4.7.0/mcpu-430x/mmpy-16/libcrt0.a(_clear_bss.o)
 .text          0x0000af40        0x0 /usr/local/msp430/bin/../lib/gcc/msp430/4.7.0/mcpu-430x/mmpy-16/libcrt0.a(__stop_progExec__.o)
 .text          0x0000af40        0x0 /usr/local/msp430/bin/../lib/gcc/msp430/4.7.0/mcpu-430x/mmpy-16/libcrt0.a(_endless_loop__.o)
 .text          0x0000af40        0x0 /usr/local/msp430/bin/../lib/gcc/msp430/4.7.0/mcpu-430x/mmpy-16/libcrt0.a(_unexpected_.o)
 .text.crt0     0x0000af40        0x2 /usr/local/msp430/bin/../lib/gcc/msp430/4.7.0/mcpu-430x/mmpy-16/libcrt0.a(_unexpected_.o)
                0x0000af40                _unexpected_
 *(.near.text .near.text.*)
 .near.text     0x0000af42       0x64 obj_z1/uart0.o
                0x0000af42                __isr_23
                0x0000af42                uart0_rx_interrupt
 .near.text     0x0000afa6        0x6 contiki-z1.a(watchdog.o)
                0x0000afa6                __isr_26
                0x0000afa6                watchdog_interrupt
 .near.text     0x0000afac       0x76 contiki-z1.a(button-sensor.o)
                0x0000afac                irq_p2
                0x0000afac                __isr_19
 .near.text     0x0000b022       0xbe contiki-z1.a(adxl345.o)
                0x0000b022                port1_isr
                0x0000b022                __isr_18
 .near.text     0x0000b0e0       0xea contiki-z1.a(clock.o)
                0x0000b0e0                __isr_24
                0x0000b0e0                timera1
 .near.text     0x0000b1ca       0x5c contiki-z1.a(rtimer-arch.o)
                0x0000b1ca                __isr_25
                0x0000b1ca                timera0
 .near.text     0x0000b226       0x98 contiki-z1.a(i2cmaster.o)
                0x0000b226                __isr_16
                0x0000b226                i2c_tx_interrupt
                0x0000b2aa                i2c_rx_interrupt
                0x0000b2aa                __isr_17

.rodata         0x0000b2c0      0x32b
                0x0000b2c0                . = ALIGN (0x2)
 *(.rodata .rodata.* .gnu.linkonce.r.*)
 .rodata        0x0000b2c0       0x7c app.co
                0x0000b314                autostart_processes
 .rodata        0x0000b33c       0x2d obj_z1/ntp.o
 .rodata        0x0000b369       0x3e obj_z1/timestamp.o
 .rodata        0x0000b3a7       0xd4 obj_z1/contiki-z1-main.o
 *fill*         0x0000b47b        0x1 00
 .rodata        0x0000b47c        0x2 contiki-z1.a(rimeaddr.o)
                0x0000b47c                rimeaddr_null
 .rodata        0x0000b47e        0xc contiki-z1.a(rime.o)
                0x0000b484                rime_driver
 .rodata        0x0000b48a        0x4 contiki-z1.a(broadcast-annou)
 .rodata        0x0000b48e        0x8 contiki-z1.a(broadcast.o)
 .rodata        0x0000b496        0xa contiki-z1.a(unicast.o)
 .rodata        0x0000b4a0        0x2 contiki-z1.a(abc.o)
 .rodata        0x0000b4a2       0x10 contiki-z1.a(chameleon-bitop)
                0x0000b4a2                chameleon_bitopt
 .rodata        0x0000b4b2       0x16 contiki-z1.a(nullmac.o)
                0x0000b4ba                nullmac_driver
 .rodata        0x0000b4c8       0x14 contiki-z1.a(plb.o)
                0x0000b4cc                plb_driver
 .rodata        0x0000b4dc        0xe contiki-z1.a(serial-line.o)
 .rodata        0x0000b4ea        0xc contiki-z1.a(etimer.o)
 .rodata        0x0000b4f6        0xf contiki-z1.a(ctimer.o)
 .rodata        0x0000b505       0x2c contiki-z1.a(xmem.o)
 *fill*         0x0000b531        0x1 00
 .rodata        0x0000b532       0x22 contiki-z1.a(cc2420.o)
                0x0000b532                cc2420_driver
 .rodata        0x0000b554        0x8 contiki-z1.a(sensors.o)
 .rodata        0x0000b55c       0x10 contiki-z1.a(button-sensor.o)
                0x0000b564                button_sensor
 .rodata        0x0000b56c       0x16 contiki-z1.a(adxl345.o)
 .rodata        0x0000b582        0x4 contiki-z1.a(framer-802154.o)
                0x0000b582                framer_802154
 .rodata        0x0000b586       0x26 contiki-z1.a(slip.o)
 .rodata        0x0000b5ac        0x2 contiki-z1.a(frame802154.o)
 .rodata        0x0000b5ae        0xd contiki-z1.a(tcpip.o)
 *fill*         0x0000b5bb        0x1 00
 .rodata        0x0000b5bc       0x28 contiki-z1.a(uip.o)
                0x0000b5dc                uip_all_zeroes_addr
                0x0000b5e0                uip_broadcast_addr
 .rodata.vuprintf
                0x0000b5e4        0x7 /usr/local/msp430/bin/../lib/gcc/msp430/4.7.0/../../../../msp430/lib/mcpu-430x/mmpy-16/libc.a(vuprintf.o)
 *(.near.rodata .near.rodata.*)
                0x0000b5ec                . = ALIGN (0x2)
                0x0000b5ec                _etext = .

.data           0x00001100       0x9a load address 0x0000b5ec
                0x00001100                . = ALIGN (0x2)
                0x00001100                __data_start = .
 *(.data .data.* .gnu.linkonce.d.*)
 .data          0x00001100        0x0 /usr/local/msp430/bin/../lib/gcc/msp430/4.7.0/mcpu-430x/mmpy-16/crt0ivtbl32.o
 .data          0x00001100        0xa app.co
                0x00001100                app_layer_process
 .data          0x0000110a        0x0 obj_z1/ntp.o
 .data          0x0000110a        0x0 obj_z1/sclock.o
 .data          0x0000110a        0x0 obj_z1/timestamp.o
 .data          0x0000110a        0x0 obj_z1/uart0.o
 .data          0x0000110a        0x0 obj_z1/uart.o
 .data          0x0000110a        0x4 obj_z1/contiki-z1-main.o
                0x0000110a                sensors
 .data          0x0000110e        0x0 contiki-z1.a(rimeaddr.o)
 .data          0x0000110e        0x0 contiki-z1.a(rime.o)
 .data          0x0000110e        0x0 contiki-z1.a(announcement.o)
 .data          0x0000110e        0x0 contiki-z1.a(broadcast-annou)
 .data          0x0000110e        0x0 contiki-z1.a(broadcast.o)
 .data          0x0000110e        0x0 contiki-z1.a(unicast.o)
 .data          0x0000110e        0x0 contiki-z1.a(abc.o)
 .data          0x0000110e        0x0 contiki-z1.a(chameleon.o)
 .data          0x0000110e        0x0 contiki-z1.a(channel.o)
 .data          0x0000110e        0x0 contiki-z1.a(chameleon-bitop)
 .data          0x0000110e        0x0 contiki-z1.a(nullmac.o)
 .data          0x0000110e        0x8 contiki-z1.a(plb.o)
                0x0000110e                plb_config
 .data          0x00001116        0x0 contiki-z1.a(process.o)
 .data          0x00001116        0x0 contiki-z1.a(autostart.o)
 .data          0x00001116        0xa contiki-z1.a(serial-line.o)
                0x00001116                serial_line_process
 .data          0x00001120        0x0 contiki-z1.a(list.o)
 .data          0x00001120        0xa contiki-z1.a(etimer.o)
                0x00001120                etimer_process
 .data          0x0000112a        0xa contiki-z1.a(ctimer.o)
                0x0000112a                ctimer_process
 .data          0x00001134        0x0 contiki-z1.a(energest.o)
 .data          0x00001134        0x0 contiki-z1.a(rtimer.o)
 .data          0x00001134        0x0 contiki-z1.a(random.o)
 .data          0x00001134        0x0 contiki-z1.a(ringbuf.o)
 .data          0x00001134        0x0 contiki-z1.a(packetbuf.o)
 .data          0x00001134       0x18 contiki-z1.a(queuebuf.o)
 .data          0x0000114c        0x0 contiki-z1.a(contiki-z1-plat)
 .data          0x0000114c        0x2 contiki-z1.a(msp430.o)
 .data          0x0000114e        0x0 contiki-z1.a(leds.o)
 .data          0x0000114e        0x0 contiki-z1.a(watchdog.o)
 .data          0x0000114e        0x0 contiki-z1.a(xmem.o)
 .data          0x0000114e        0x0 contiki-z1.a(spi.o)
 .data          0x0000114e        0xa contiki-z1.a(cc2420.o)
                0x0000114e                cc2420_process
 .data          0x00001158        0x0 contiki-z1.a(cc2420-arch.o)
 .data          0x00001158        0x0 contiki-z1.a(node-id.o)
 .data          0x00001158        0xa contiki-z1.a(sensors.o)
                0x00001158                sensors_process
 .data          0x00001162        0x0 contiki-z1.a(button-sensor.o)
 .data          0x00001162        0x0 contiki-z1.a(uart0-putchar.o)
 .data          0x00001162        0x0 contiki-z1.a(slip_uart0.o)
 .data          0x00001162       0x20 contiki-z1.a(adxl345.o)
                0x00001162                accmeter_process
 .data          0x00001182        0x0 contiki-z1.a(clock.o)
 .data          0x00001182        0x0 contiki-z1.a(leds-arch.o)
 .data          0x00001182        0x0 contiki-z1.a(rtimer-arch.o)
 .data          0x00001182        0x0 contiki-z1.a(mac.o)
 .data          0x00001182        0x0 contiki-z1.a(framer-802154.o)
 .data          0x00001182        0x0 contiki-z1.a(memb.o)
 .data          0x00001182        0x0 contiki-z1.a(timer.o)
 .data          0x00001182        0xa contiki-z1.a(slip.o)
                0x00001182                slip_process
 .data          0x0000118c        0x0 contiki-z1.a(i2cmaster.o)
 .data          0x0000118c        0x0 contiki-z1.a(frame802154.o)
 .data          0x0000118c        0xa contiki-z1.a(tcpip.o)
                0x0000118c                tcpip_process
 .data          0x00001196        0x0 contiki-z1.a(uip-fw.o)
 .data          0x00001196        0x0 contiki-z1.a(uip.o)
 .data          0x00001196        0x0 contiki-z1.a(uip-ipchksum.o)
 .data          0x00001196        0x0 /usr/local/msp430/bin/../lib/gcc/msp430/4.7.0/mcpu-430x/mmpy-16/libgcc.a(_udivmod16.o)
 .data          0x00001196        0x0 /usr/local/msp430/bin/../lib/gcc/msp430/4.7.0/mcpu-430x/mmpy-16/libgcc.a(_udivmod32.o)
 .data          0x00001196        0x0 /usr/local/msp430/bin/../lib/gcc/msp430/4.7.0/../../../../msp430/lib/mcpu-430x/mmpy-16/libc.a(malloc.o)
 .data          0x00001196        0x0 /usr/local/msp430/bin/../lib/gcc/msp430/4.7.0/../../../../msp430/lib/mcpu-430x/mmpy-16/libc.a(printf.o)
 .data          0x00001196        0x0 /usr/local/msp430/bin/../lib/gcc/msp430/4.7.0/../../../../msp430/lib/mcpu-430x/mmpy-16/libc.a(vuprintf.o)
 .data          0x00001196        0x0 /usr/local/msp430/bin/../lib/gcc/msp430/4.7.0/../../../../msp430/lib/mcpu-430x/mmpy-16/libc.a(puts.o)
 .data          0x00001196        0x0 /usr/local/msp430/bin/../lib/gcc/msp430/4.7.0/../../../../msp430/lib/mcpu-430x/mmpy-16/libc.a(rand.o)
 .data.next     0x00001196        0x4 /usr/local/msp430/bin/../lib/gcc/msp430/4.7.0/../../../../msp430/lib/mcpu-430x/mmpy-16/libc.a(rand.o)
 .data          0x0000119a        0x0 /usr/local/msp430/bin/../lib/gcc/msp430/4.7.0/../../../../msp430/lib/mcpu-430x/mmpy-16/libc.a(strncmp.o)
 .data          0x0000119a        0x0 /usr/local/msp430/bin/../lib/gcc/msp430/4.7.0/../../../../msp430/lib/mcpu-430x/mmpy-16/libc.a(memcmp.o)
 .data          0x0000119a        0x0 /usr/local/msp430/bin/../lib/gcc/msp430/4.7.0/../../../../msp430/lib/mcpu-430x/mmpy-16/libc.a(memcpy.o)
 .data          0x0000119a        0x0 /usr/local/msp430/bin/../lib/gcc/msp430/4.7.0/../../../../msp430/lib/mcpu-430x/mmpy-16/libc.a(memset.o)
 .data          0x0000119a        0x0 /usr/local/msp430/bin/../lib/gcc/msp430/4.7.0/mcpu-430x/mmpy-16/libgcc.a(_mulsi3.o)
 .data          0x0000119a        0x0 /usr/local/msp430/bin/../lib/gcc/msp430/4.7.0/mcpu-430x/mmpy-16/libgcc.a(_udivmod64.o)
 .data          0x0000119a        0x0 /usr/local/msp430/bin/../lib/gcc/msp430/4.7.0/mcpu-430x/mmpy-16/libcrt0.a(_reset_vector__.o)
 .data          0x0000119a        0x0 /usr/local/msp430/bin/../lib/gcc/msp430/4.7.0/mcpu-430x/mmpy-16/libcrt0.a(__watchdog_support.o)
 .data          0x0000119a        0x0 /usr/local/msp430/bin/../lib/gcc/msp430/4.7.0/mcpu-430x/mmpy-16/libcrt0.a(__init_stack.o)
 .data          0x0000119a        0x0 /usr/local/msp430/bin/../lib/gcc/msp430/4.7.0/mcpu-430x/mmpy-16/libcrt0.a(__low_level_init.o)
 .data          0x0000119a        0x0 /usr/local/msp430/bin/../lib/gcc/msp430/4.7.0/mcpu-430x/mmpy-16/libcrt0.a(_copy_data.o)
 .data          0x0000119a        0x0 /usr/local/msp430/bin/../lib/gcc/msp430/4.7.0/mcpu-430x/mmpy-16/libcrt0.a(_clear_bss.o)
 .data          0x0000119a        0x0 /usr/local/msp430/bin/../lib/gcc/msp430/4.7.0/mcpu-430x/mmpy-16/libcrt0.a(__stop_progExec__.o)
 .data          0x0000119a        0x0 /usr/local/msp430/bin/../lib/gcc/msp430/4.7.0/mcpu-430x/mmpy-16/libcrt0.a(_endless_loop__.o)
 .data          0x0000119a        0x0 /usr/local/msp430/bin/../lib/gcc/msp430/4.7.0/mcpu-430x/mmpy-16/libcrt0.a(_unexpected_.o)
 *(.near.data .near.data.*)
                0x0000119a                . = ALIGN (0x2)
                0x0000119a                _edata = .
                0x0000b5ec                __data_load_start = LOADADDR (.data)
                0x0000009a                __data_size = SIZEOF (.data)

.bss            0x0000119a      0xf76 load address 0x0000b686
                0x0000119a                __bss_start = .
 *(.bss .bss.*)
 .bss           0x0000119a        0x0 /usr/local/msp430/bin/../lib/gcc/msp430/4.7.0/mcpu-430x/mmpy-16/crt0ivtbl32.o
 .bss           0x0000119a       0xb2 app.co
 .bss           0x0000124c       0x22 obj_z1/ntp.o
 .bss           0x0000126e       0x1c obj_z1/sclock.o
 .bss           0x0000128a        0x0 obj_z1/timestamp.o
 .bss           0x0000128a        0x4 obj_z1/uart0.o
 .bss           0x0000128e        0x0 obj_z1/uart.o
 .bss           0x0000128e        0x4 obj_z1/contiki-z1-main.o
 .bss           0x00001292        0x0 contiki-z1.a(rimeaddr.o)
 .bss           0x00001292        0x2 contiki-z1.a(rime.o)
 .bss           0x00001294        0x6 contiki-z1.a(announcement.o)
 .bss           0x0000129a       0x48 contiki-z1.a(broadcast-annou)
 .bss           0x000012e2        0x0 contiki-z1.a(broadcast.o)
 .bss           0x000012e2        0x0 contiki-z1.a(unicast.o)
 .bss           0x000012e2        0x0 contiki-z1.a(abc.o)
 .bss           0x000012e2        0x0 contiki-z1.a(chameleon.o)
 .bss           0x000012e2        0x2 contiki-z1.a(channel.o)
 .bss           0x000012e4        0x0 contiki-z1.a(chameleon-bitop)
 .bss           0x000012e4        0x0 contiki-z1.a(nullmac.o)
 .bss           0x000012e4       0x3a contiki-z1.a(plb.o)
 .bss           0x0000131e       0x42 contiki-z1.a(process.o)
                0x0000131e                process_current
                0x00001320                process_list
 .bss           0x00001360        0x0 contiki-z1.a(autostart.o)
 .bss           0x00001360      0x10a contiki-z1.a(serial-line.o)
 .bss           0x0000146a        0x0 contiki-z1.a(list.o)
 .bss           0x0000146a        0x6 contiki-z1.a(etimer.o)
 .bss           0x00001470        0x4 contiki-z1.a(ctimer.o)
 .bss           0x00001474        0x0 contiki-z1.a(energest.o)
 .bss           0x00001474        0x2 contiki-z1.a(rtimer.o)
 .bss           0x00001476        0x0 contiki-z1.a(random.o)
 .bss           0x00001476        0x0 contiki-z1.a(ringbuf.o)
 .bss           0x00001476       0xba contiki-z1.a(packetbuf.o)
 .bss           0x00001530      0x68e contiki-z1.a(queuebuf.o)
 .bss           0x00001bbe        0x0 contiki-z1.a(contiki-z1-plat)
 .bss           0x00001bbe        0x0 contiki-z1.a(msp430.o)
 .bss           0x00001bbe        0x2 contiki-z1.a(leds.o)
 .bss           0x00001bc0        0x2 contiki-z1.a(watchdog.o)
 .bss           0x00001bc2        0x0 contiki-z1.a(xmem.o)
 .bss           0x00001bc2        0x1 contiki-z1.a(spi.o)
                0x00001bc2                spi_busy
 *fill*         0x00001bc3        0x1 00
 .bss           0x00001bc4        0xa contiki-z1.a(cc2420.o)
 .bss           0x00001bce        0x0 contiki-z1.a(cc2420-arch.o)
 .bss           0x00001bce        0x2 contiki-z1.a(node-id.o)
                0x00001bce                node_id
 .bss           0x00001bd0        0x6 contiki-z1.a(sensors.o)
 .bss           0x00001bd6        0x8 contiki-z1.a(button-sensor.o)
 .bss           0x00001bde        0x0 contiki-z1.a(uart0-putchar.o)
 .bss           0x00001bde        0x0 contiki-z1.a(slip_uart0.o)
 .bss           0x00001bde       0x16 contiki-z1.a(adxl345.o)
 .bss           0x00001bf4        0xa contiki-z1.a(clock.o)
 .bss           0x00001bfe        0x0 contiki-z1.a(leds-arch.o)
 .bss           0x00001bfe        0x0 contiki-z1.a(rtimer-arch.o)
 .bss           0x00001bfe        0x0 contiki-z1.a(mac.o)
 .bss           0x00001bfe        0x2 contiki-z1.a(framer-802154.o)
 .bss           0x00001c00        0x0 contiki-z1.a(memb.o)
 .bss           0x00001c00        0x0 contiki-z1.a(timer.o)
 .bss           0x00001c00       0x88 contiki-z1.a(slip.o)
 .bss           0x00001c88        0x2 contiki-z1.a(i2cmaster.o)
 .bss           0x00001c8a        0x0 contiki-z1.a(frame802154.o)
 .bss           0x00001c8a       0x36 contiki-z1.a(tcpip.o)
 .bss           0x00001cc0      0x1a8 contiki-z1.a(uip-fw.o)
 .bss           0x00001e68       0x14 contiki-z1.a(uip.o)
                0x00001e68                uip_lladdr
 .bss           0x00001e7c        0x0 contiki-z1.a(uip-ipchksum.o)
 .bss           0x00001e7c        0x0 /usr/local/msp430/bin/../lib/gcc/msp430/4.7.0/mcpu-430x/mmpy-16/libgcc.a(_udivmod16.o)
 .bss           0x00001e7c        0x0 /usr/local/msp430/bin/../lib/gcc/msp430/4.7.0/mcpu-430x/mmpy-16/libgcc.a(_udivmod32.o)
 .bss           0x00001e7c        0x0 /usr/local/msp430/bin/../lib/gcc/msp430/4.7.0/../../../../msp430/lib/mcpu-430x/mmpy-16/libc.a(malloc.o)
 .bss.once.1522
                0x00001e7c        0x1 /usr/local/msp430/bin/../lib/gcc/msp430/4.7.0/../../../../msp430/lib/mcpu-430x/mmpy-16/libc.a(malloc.o)
 .bss           0x00001e7d        0x0 /usr/local/msp430/bin/../lib/gcc/msp430/4.7.0/../../../../msp430/lib/mcpu-430x/mmpy-16/libc.a(printf.o)
 .bss           0x00001e7d        0x0 /usr/local/msp430/bin/../lib/gcc/msp430/4.7.0/../../../../msp430/lib/mcpu-430x/mmpy-16/libc.a(vuprintf.o)
 .bss           0x00001e7d        0x0 /usr/local/msp430/bin/../lib/gcc/msp430/4.7.0/../../../../msp430/lib/mcpu-430x/mmpy-16/libc.a(puts.o)
 .bss           0x00001e7d        0x0 /usr/local/msp430/bin/../lib/gcc/msp430/4.7.0/../../../../msp430/lib/mcpu-430x/mmpy-16/libc.a(rand.o)
 .bss           0x00001e7d        0x0 /usr/local/msp430/bin/../lib/gcc/msp430/4.7.0/../../../../msp430/lib/mcpu-430x/mmpy-16/libc.a(strncmp.o)
 .bss           0x00001e7d        0x0 /usr/local/msp430/bin/../lib/gcc/msp430/4.7.0/../../../../msp430/lib/mcpu-430x/mmpy-16/libc.a(memcmp.o)
 .bss           0x00001e7d        0x0 /usr/local/msp430/bin/../lib/gcc/msp430/4.7.0/../../../../msp430/lib/mcpu-430x/mmpy-16/libc.a(memcpy.o)
 .bss           0x00001e7d        0x0 /usr/local/msp430/bin/../lib/gcc/msp430/4.7.0/../../../../msp430/lib/mcpu-430x/mmpy-16/libc.a(memset.o)
 .bss           0x00001e7d        0x0 /usr/local/msp430/bin/../lib/gcc/msp430/4.7.0/mcpu-430x/mmpy-16/libgcc.a(_mulsi3.o)
 .bss           0x00001e7d        0x0 /usr/local/msp430/bin/../lib/gcc/msp430/4.7.0/mcpu-430x/mmpy-16/libgcc.a(_udivmod64.o)
 .bss           0x00001e7d        0x0 /usr/local/msp430/bin/../lib/gcc/msp430/4.7.0/mcpu-430x/mmpy-16/libcrt0.a(_reset_vector__.o)
 .bss           0x00001e7d        0x0 /usr/local/msp430/bin/../lib/gcc/msp430/4.7.0/mcpu-430x/mmpy-16/libcrt0.a(__watchdog_support.o)
 .bss           0x00001e7d        0x0 /usr/local/msp430/bin/../lib/gcc/msp430/4.7.0/mcpu-430x/mmpy-16/libcrt0.a(__init_stack.o)
 .bss           0x00001e7d        0x0 /usr/local/msp430/bin/../lib/gcc/msp430/4.7.0/mcpu-430x/mmpy-16/libcrt0.a(__low_level_init.o)
 .bss           0x00001e7d        0x0 /usr/local/msp430/bin/../lib/gcc/msp430/4.7.0/mcpu-430x/mmpy-16/libcrt0.a(_copy_data.o)
 .bss           0x00001e7d        0x0 /usr/local/msp430/bin/../lib/gcc/msp430/4.7.0/mcpu-430x/mmpy-16/libcrt0.a(_clear_bss.o)
 .bss           0x00001e7d        0x0 /usr/local/msp430/bin/../lib/gcc/msp430/4.7.0/mcpu-430x/mmpy-16/libcrt0.a(__stop_progExec__.o)
 .bss           0x00001e7d        0x0 /usr/local/msp430/bin/../lib/gcc/msp430/4.7.0/mcpu-430x/mmpy-16/libcrt0.a(_endless_loop__.o)
 .bss           0x00001e7d        0x0 /usr/local/msp430/bin/../lib/gcc/msp430/4.7.0/mcpu-430x/mmpy-16/libcrt0.a(_unexpected_.o)
 *(.near.bss .near.bss.*)
 *(COMMON)
 COMMON         0x00001e7d        0x2 obj_z1/contiki-z1-main.o
                0x00001e7d                sensors_flags
 *fill*         0x00001e7f        0x1 00
 COMMON         0x00001e80        0x2 contiki-z1.a(rimeaddr.o)
                0x00001e80                rimeaddr_node_addr
 COMMON         0x00001e82        0x1 contiki-z1.a(process.o)
                0x00001e82                process_maxevents
 COMMON         0x00001e83        0x1 contiki-z1.a(serial-line.o)
                0x00001e83                serial_line_event_message
 COMMON         0x00001e84       0x56 contiki-z1.a(energest.o)
                0x00001e84                energest_total_time
                0x00001eb4                energest_total_count
                0x00001eb6                energest_current_mode
                0x00001ec2                energest_current_time
 COMMON         0x00001eda       0x3e contiki-z1.a(packetbuf.o)
                0x00001eda                packetbuf_addrs
                0x00001ee2                packetbuf_attrs
 COMMON         0x00001f18       0x14 contiki-z1.a(cc2420.o)
                0x00001f18                cc2420_last_rssi
                0x00001f1a                cc2420_packets_read
                0x00001f1c                cc2420_packets_seen
                0x00001f1e                cc2420_sfd_start_time
                0x00001f20                cc2420_time_of_departure
                0x00001f22                cc2420_time_of_arrival
                0x00001f24                cc2420_last_correlation
                0x00001f26                cc2420_authority_level_of_sender
                0x00001f28                cc2420_sfd_counter
                0x00001f2a                cc2420_sfd_end_time
 COMMON         0x00001f2c        0x8 contiki-z1.a(node-id.o)
                0x00001f2c                node_mac
 COMMON         0x00001f34        0x1 contiki-z1.a(sensors.o)
                0x00001f34                sensors_event
 *fill*         0x00001f35        0x1 00
 COMMON         0x00001f36        0x7 contiki-z1.a(adxl345.o)
                0x00001f36                accm_int2_cb
                0x00001f38                int2_event
                0x00001f3a                accm_int1_cb
                0x00001f3c                int1_event
 COMMON         0x00001f3d        0x1 contiki-z1.a(slip.o)
                0x00001f3d                slip_active
 COMMON         0x00001f3e        0xe contiki-z1.a(i2cmaster.o)
                0x00001f3e                transmit_data1
                0x00001f3f                rx_byte_ctr
                0x00001f40                tx_buf_ptr
                0x00001f42                tx_byte_ctr
                0x00001f44                i
                0x00001f46                receive_data
                0x00001f47                rx_buf
                0x00001f49                transmit_data2
                0x00001f4a                rx_buf_ptr
 COMMON         0x00001f4c        0x2 contiki-z1.a(tcpip.o)
                0x00001f4c                tcpip_is_forwarding
                0x00001f4d                tcpip_event
 COMMON         0x00001f4e      0x1c2 contiki-z1.a(uip.o)
                0x00001f4e                uip_len
                0x00001f50                uip_sappdata
                0x00001f52                uip_acc32
                0x00001f56                uip_aligned_buf
                0x00001fc2                uip_flags
                0x00001fc4                uip_udp_conn
                0x00001fc6                uip_appdata
                0x00001fc8                uip_conn
                0x00001fca                uip_conns
                0x0000204a                uip_listenports
                0x0000205a                uip_draddr
                0x0000205e                uip_netmask
                0x00002062                uip_hostaddr
                0x00002066                uip_slen
                0x00002068                uip_udp_conns
                0x00002110                . = ALIGN (0x2)
                0x00002110                __bss_end = .
                0x00000f76                __bss_size = SIZEOF (.bss)

.noinit         0x00002110        0x2 load address 0x0000b686
                0x00002110                . = ALIGN (0x2)
                0x00002110                __noinit_start = .
 *(.noinit .noinit.*)
 .noinit.crt0   0x00002110        0x2 /usr/local/msp430/bin/../lib/gcc/msp430/4.7.0/mcpu-430x/mmpy-16/libcrt0.a(__watchdog_support.o)
                0x00002110                __wdt_clear_value
                0x00002112                . = ALIGN (0x2)
                0x00002112                __noinit_end = .
                0x00002112                . = ALIGN (0x2)
                0x00002112                _end = .

.infomem        0x00001000        0x0
                0x00001000                . = ALIGN (0x2)
 *(.infomem .infomem.*)

.infomemnobits  0x00001000        0x0
                0x00001000                . = ALIGN (0x2)
 *(.infomemnobits .infomemnobits.*)

.infoa          0x000010c0        0x0
                0x000010c0                . = ALIGN (0x2)
 *(.infoa .infoa.*)

.infob          0x00001080        0x0
                0x00001080                . = ALIGN (0x2)
 *(.infob .infob.*)

.infoc          0x00001040        0x0
                0x00001040                . = ALIGN (0x2)
 *(.infoc .infoc.*)

.infod          0x00001000        0x0
                0x00001000                . = ALIGN (0x2)
 *(.infod .infod.*)

.vectors        0x0000ffc0       0x40
                0x0000ffc0                __vectors_start = .
 *(.vectors*)
 .vectors       0x0000ffc0       0x40 /usr/local/msp430/bin/../lib/gcc/msp430/4.7.0/mcpu-430x/mmpy-16/crt0ivtbl32.o
                0x0000ffc0                __ivtbl_32
                0x00010000                _vectors_end = .

.fartext        0x00010000        0x0
                0x00010000                . = ALIGN (0x2)
 *(.fartext .fartext.*)

.far.text       0x00010000        0x0
                0x00010000                . = ALIGN (0x2)
 *(.far.text .far.text.*)

.far.rodata     0x00010000        0x0
                0x00010000                . = ALIGN (0x2)
 *(.far.rodata .far.rodata.*)
                0x00010000                . = ALIGN (0x2)
                0x00010000                _efartext = .

.far.data       0x00000000        0x0 load address 0x00010000
                0x00000000                . = ALIGN (0x2)
                0x00000000                __far_data_start = .
 *(.far.data .far.data.*)
                0x00000000                . = ALIGN (0x2)
                0x00000000                _efardata = .
                0x00010000                __far_data_load_start = LOADADDR (.far.data)
                0x00000000                __far_data_size = SIZEOF (.far.data)

.far.bss        0x00000000        0x0 load address 0x00010000
                0x00000000                . = ALIGN (0x2)
                0x00000000                __far_bss_start = .
 *(.far.bss .far.bss.*)
                0x00000000                . = ALIGN (0x2)
                0x00000000                __far_bss_end = .
                0x00000000                __far_bss_size = SIZEOF (.far.bss)
                0x00000000                . = ALIGN (0x2)
                0x00000000                _far_end = .

.profiler
 *(.profiler)

.stab
 *(.stab)

.stabstr
 *(.stabstr)

.stab.excl
 *(.stab.excl)

.stab.exclstr
 *(.stab.exclstr)

.stab.index
 *(.stab.index)

.stab.indexstr
 *(.stab.indexstr)

.comment        0x00000000       0x30
 *(.comment)
 .comment       0x00000000       0x30 app.co
                                 0x31 (size before relaxing)
 .comment       0x00000000       0x31 obj_z1/ntp.o
 .comment       0x00000000       0x31 obj_z1/sclock.o
 .comment       0x00000000       0x31 obj_z1/timestamp.o
 .comment       0x00000000       0x31 obj_z1/uart0.o
 .comment       0x00000000       0x31 obj_z1/uart.o
 .comment       0x00000000       0x31 obj_z1/contiki-z1-main.o
 .comment       0x00000000       0x31 contiki-z1.a(rimeaddr.o)
 .comment       0x00000000       0x31 contiki-z1.a(rime.o)
 .comment       0x00000000       0x31 contiki-z1.a(announcement.o)
 .comment       0x00000000       0x31 contiki-z1.a(broadcast-annou)
 .comment       0x00000000       0x31 contiki-z1.a(broadcast.o)
 .comment       0x00000000       0x31 contiki-z1.a(unicast.o)
 .comment       0x00000000       0x31 contiki-z1.a(abc.o)
 .comment       0x00000000       0x31 contiki-z1.a(chameleon.o)
 .comment       0x00000000       0x31 contiki-z1.a(channel.o)
 .comment       0x00000000       0x31 contiki-z1.a(chameleon-bitop)
 .comment       0x00000000       0x31 contiki-z1.a(nullmac.o)
 .comment       0x00000000       0x31 contiki-z1.a(plb.o)
 .comment       0x00000000       0x31 contiki-z1.a(process.o)
 .comment       0x00000000       0x31 contiki-z1.a(autostart.o)
 .comment       0x00000000       0x31 contiki-z1.a(serial-line.o)
 .comment       0x00000000       0x31 contiki-z1.a(list.o)
 .comment       0x00000000       0x31 contiki-z1.a(etimer.o)
 .comment       0x00000000       0x31 contiki-z1.a(ctimer.o)
 .comment       0x00000000       0x31 contiki-z1.a(energest.o)
 .comment       0x00000000       0x31 contiki-z1.a(rtimer.o)
 .comment       0x00000000       0x31 contiki-z1.a(random.o)
 .comment       0x00000000       0x31 contiki-z1.a(ringbuf.o)
 .comment       0x00000000       0x31 contiki-z1.a(packetbuf.o)
 .comment       0x00000000       0x31 contiki-z1.a(queuebuf.o)
 .comment       0x00000000       0x31 contiki-z1.a(contiki-z1-plat)
 .comment       0x00000000       0x31 contiki-z1.a(msp430.o)
 .comment       0x00000000       0x31 contiki-z1.a(leds.o)
 .comment       0x00000000       0x31 contiki-z1.a(watchdog.o)
 .comment       0x00000000       0x31 contiki-z1.a(xmem.o)
 .comment       0x00000000       0x31 contiki-z1.a(spi.o)
 .comment       0x00000000       0x31 contiki-z1.a(cc2420.o)
 .comment       0x00000000       0x31 contiki-z1.a(cc2420-arch.o)
 .comment       0x00000000       0x31 contiki-z1.a(node-id.o)
 .comment       0x00000000       0x31 contiki-z1.a(sensors.o)
 .comment       0x00000000       0x31 contiki-z1.a(button-sensor.o)
 .comment       0x00000000       0x31 contiki-z1.a(uart0-putchar.o)
 .comment       0x00000000       0x31 contiki-z1.a(slip_uart0.o)
 .comment       0x00000000       0x31 contiki-z1.a(adxl345.o)
 .comment       0x00000000       0x31 contiki-z1.a(clock.o)
 .comment       0x00000000       0x31 contiki-z1.a(leds-arch.o)
 .comment       0x00000000       0x31 contiki-z1.a(rtimer-arch.o)
 .comment       0x00000000       0x31 contiki-z1.a(mac.o)
 .comment       0x00000000       0x31 contiki-z1.a(framer-802154.o)
 .comment       0x00000000       0x31 contiki-z1.a(memb.o)
 .comment       0x00000000       0x31 contiki-z1.a(timer.o)
 .comment       0x00000000       0x31 contiki-z1.a(slip.o)
 .comment       0x00000000       0x31 contiki-z1.a(i2cmaster.o)
 .comment       0x00000000       0x31 contiki-z1.a(frame802154.o)
 .comment       0x00000000       0x31 contiki-z1.a(tcpip.o)
 .comment       0x00000000       0x31 contiki-z1.a(uip-fw.o)
 .comment       0x00000000       0x31 contiki-z1.a(uip.o)
 .comment       0x00000000       0x31 contiki-z1.a(uip-ipchksum.o)
 .comment       0x00000000       0x31 /usr/local/msp430/bin/../lib/gcc/msp430/4.7.0/../../../../msp430/lib/mcpu-430x/mmpy-16/libc.a(malloc.o)
 .comment       0x00000000       0x31 /usr/local/msp430/bin/../lib/gcc/msp430/4.7.0/../../../../msp430/lib/mcpu-430x/mmpy-16/libc.a(printf.o)
 .comment       0x00000000       0x31 /usr/local/msp430/bin/../lib/gcc/msp430/4.7.0/../../../../msp430/lib/mcpu-430x/mmpy-16/libc.a(vuprintf.o)
 .comment       0x00000000       0x31 /usr/local/msp430/bin/../lib/gcc/msp430/4.7.0/../../../../msp430/lib/mcpu-430x/mmpy-16/libc.a(puts.o)
 .comment       0x00000000       0x31 /usr/local/msp430/bin/../lib/gcc/msp430/4.7.0/../../../../msp430/lib/mcpu-430x/mmpy-16/libc.a(rand.o)
 .comment       0x00000000       0x31 /usr/local/msp430/bin/../lib/gcc/msp430/4.7.0/../../../../msp430/lib/mcpu-430x/mmpy-16/libc.a(strncmp.o)
 .comment       0x00000000       0x31 /usr/local/msp430/bin/../lib/gcc/msp430/4.7.0/../../../../msp430/lib/mcpu-430x/mmpy-16/libc.a(memcmp.o)
 .comment       0x00000000       0x31 /usr/local/msp430/bin/../lib/gcc/msp430/4.7.0/../../../../msp430/lib/mcpu-430x/mmpy-16/libc.a(memcpy.o)
 .comment       0x00000000       0x31 /usr/local/msp430/bin/../lib/gcc/msp430/4.7.0/../../../../msp430/lib/mcpu-430x/mmpy-16/libc.a(memset.o)

.debug
 *(.debug)

.line
 *(.line)

.debug_srcinfo
 *(.debug_srcinfo)

.debug_sfnames
 *(.debug_sfnames)

.debug_aranges  0x00000000      0x2a8
 *(.debug_aranges)
 .debug_aranges
                0x00000000       0x20 /usr/local/msp430/bin/../lib/gcc/msp430/4.7.0/mcpu-430x/mmpy-16/crt0ivtbl32.o
 .debug_aranges
                0x00000020       0x20 /usr/local/msp430/bin/../lib/gcc/msp430/4.7.0/mcpu-430x/mmpy-16/libgcc.a(_udivmod16.o)
 .debug_aranges
                0x00000040       0x20 /usr/local/msp430/bin/../lib/gcc/msp430/4.7.0/mcpu-430x/mmpy-16/libgcc.a(_udivmod32.o)
 .debug_aranges
                0x00000060       0x28 /usr/local/msp430/bin/../lib/gcc/msp430/4.7.0/../../../../msp430/lib/mcpu-430x/mmpy-16/libc.a(malloc.o)
 .debug_aranges
                0x00000088       0x28 /usr/local/msp430/bin/../lib/gcc/msp430/4.7.0/../../../../msp430/lib/mcpu-430x/mmpy-16/libc.a(printf.o)
 .debug_aranges
                0x000000b0       0x28 /usr/local/msp430/bin/../lib/gcc/msp430/4.7.0/../../../../msp430/lib/mcpu-430x/mmpy-16/libc.a(vuprintf.o)
 .debug_aranges
                0x000000d8       0x20 /usr/local/msp430/bin/../lib/gcc/msp430/4.7.0/../../../../msp430/lib/mcpu-430x/mmpy-16/libc.a(puts.o)
 .debug_aranges
                0x000000f8       0x30 /usr/local/msp430/bin/../lib/gcc/msp430/4.7.0/../../../../msp430/lib/mcpu-430x/mmpy-16/libc.a(rand.o)
 .debug_aranges
                0x00000128       0x20 /usr/local/msp430/bin/../lib/gcc/msp430/4.7.0/../../../../msp430/lib/mcpu-430x/mmpy-16/libc.a(strncmp.o)
 .debug_aranges
                0x00000148       0x20 /usr/local/msp430/bin/../lib/gcc/msp430/4.7.0/../../../../msp430/lib/mcpu-430x/mmpy-16/libc.a(memcmp.o)
 .debug_aranges
                0x00000168       0x20 /usr/local/msp430/bin/../lib/gcc/msp430/4.7.0/../../../../msp430/lib/mcpu-430x/mmpy-16/libc.a(memcpy.o)
 .debug_aranges
                0x00000188       0x20 /usr/local/msp430/bin/../lib/gcc/msp430/4.7.0/../../../../msp430/lib/mcpu-430x/mmpy-16/libc.a(memset.o)
 .debug_aranges
                0x000001a8       0x20 /usr/local/msp430/bin/../lib/gcc/msp430/4.7.0/mcpu-430x/mmpy-16/libgcc.a(_mulsi3.o)
 .debug_aranges
                0x000001c8       0x20 /usr/local/msp430/bin/../lib/gcc/msp430/4.7.0/mcpu-430x/mmpy-16/libgcc.a(_udivmod64.o)
 .debug_aranges
                0x000001e8       0x20 /usr/local/msp430/bin/../lib/gcc/msp430/4.7.0/mcpu-430x/mmpy-16/libcrt0.a(__watchdog_support.o)
 .debug_aranges
                0x00000208       0x20 /usr/local/msp430/bin/../lib/gcc/msp430/4.7.0/mcpu-430x/mmpy-16/libcrt0.a(__init_stack.o)
 .debug_aranges
                0x00000228       0x20 /usr/local/msp430/bin/../lib/gcc/msp430/4.7.0/mcpu-430x/mmpy-16/libcrt0.a(_copy_data.o)
 .debug_aranges
                0x00000248       0x20 /usr/local/msp430/bin/../lib/gcc/msp430/4.7.0/mcpu-430x/mmpy-16/libcrt0.a(_clear_bss.o)
 .debug_aranges
                0x00000268       0x20 /usr/local/msp430/bin/../lib/gcc/msp430/4.7.0/mcpu-430x/mmpy-16/libcrt0.a(_endless_loop__.o)
 .debug_aranges
                0x00000288       0x20 /usr/local/msp430/bin/../lib/gcc/msp430/4.7.0/mcpu-430x/mmpy-16/libcrt0.a(_unexpected_.o)

.debug_pubnames
 *(.debug_pubnames)

.debug_info     0x00000000     0x1754
 *(.debug_info)
 .debug_info    0x00000000       0xac /usr/local/msp430/bin/../lib/gcc/msp430/4.7.0/mcpu-430x/mmpy-16/crt0ivtbl32.o
 .debug_info    0x000000ac       0xa9 /usr/local/msp430/bin/../lib/gcc/msp430/4.7.0/mcpu-430x/mmpy-16/libgcc.a(_udivmod16.o)
 .debug_info    0x00000155       0xa9 /usr/local/msp430/bin/../lib/gcc/msp430/4.7.0/mcpu-430x/mmpy-16/libgcc.a(_udivmod32.o)
 .debug_info    0x000001fe      0x185 /usr/local/msp430/bin/../lib/gcc/msp430/4.7.0/../../../../msp430/lib/mcpu-430x/mmpy-16/libc.a(malloc.o)
 .debug_info    0x00000383      0x18d /usr/local/msp430/bin/../lib/gcc/msp430/4.7.0/../../../../msp430/lib/mcpu-430x/mmpy-16/libc.a(printf.o)
 .debug_info    0x00000510      0x66d /usr/local/msp430/bin/../lib/gcc/msp430/4.7.0/../../../../msp430/lib/mcpu-430x/mmpy-16/libc.a(vuprintf.o)
 .debug_info    0x00000b7d       0xe1 /usr/local/msp430/bin/../lib/gcc/msp430/4.7.0/../../../../msp430/lib/mcpu-430x/mmpy-16/libc.a(puts.o)
 .debug_info    0x00000c5e      0x172 /usr/local/msp430/bin/../lib/gcc/msp430/4.7.0/../../../../msp430/lib/mcpu-430x/mmpy-16/libc.a(rand.o)
 .debug_info    0x00000dd0       0xd8 /usr/local/msp430/bin/../lib/gcc/msp430/4.7.0/../../../../msp430/lib/mcpu-430x/mmpy-16/libc.a(strncmp.o)
 .debug_info    0x00000ea8       0xff /usr/local/msp430/bin/../lib/gcc/msp430/4.7.0/../../../../msp430/lib/mcpu-430x/mmpy-16/libc.a(memcmp.o)
 .debug_info    0x00000fa7      0x144 /usr/local/msp430/bin/../lib/gcc/msp430/4.7.0/../../../../msp430/lib/mcpu-430x/mmpy-16/libc.a(memcpy.o)
 .debug_info    0x000010eb      0x12d /usr/local/msp430/bin/../lib/gcc/msp430/4.7.0/../../../../msp430/lib/mcpu-430x/mmpy-16/libc.a(memset.o)
 .debug_info    0x00001218       0xa9 /usr/local/msp430/bin/../lib/gcc/msp430/4.7.0/mcpu-430x/mmpy-16/libgcc.a(_mulsi3.o)
 .debug_info    0x000012c1       0xa9 /usr/local/msp430/bin/../lib/gcc/msp430/4.7.0/mcpu-430x/mmpy-16/libgcc.a(_udivmod64.o)
 .debug_info    0x0000136a       0xa7 /usr/local/msp430/bin/../lib/gcc/msp430/4.7.0/mcpu-430x/mmpy-16/libcrt0.a(__watchdog_support.o)
 .debug_info    0x00001411       0xa7 /usr/local/msp430/bin/../lib/gcc/msp430/4.7.0/mcpu-430x/mmpy-16/libcrt0.a(__init_stack.o)
 .debug_info    0x000014b8       0xa7 /usr/local/msp430/bin/../lib/gcc/msp430/4.7.0/mcpu-430x/mmpy-16/libcrt0.a(_copy_data.o)
 .debug_info    0x0000155f       0xa7 /usr/local/msp430/bin/../lib/gcc/msp430/4.7.0/mcpu-430x/mmpy-16/libcrt0.a(_clear_bss.o)
 .debug_info    0x00001606       0xa7 /usr/local/msp430/bin/../lib/gcc/msp430/4.7.0/mcpu-430x/mmpy-16/libcrt0.a(_endless_loop__.o)
 .debug_info    0x000016ad       0xa7 /usr/local/msp430/bin/../lib/gcc/msp430/4.7.0/mcpu-430x/mmpy-16/libcrt0.a(_unexpected_.o)
 *(.gnu.linkonce.wi.*)

.debug_abbrev   0x00000000      0x91a
 *(.debug_abbrev)
 .debug_abbrev  0x00000000       0x14 /usr/local/msp430/bin/../lib/gcc/msp430/4.7.0/mcpu-430x/mmpy-16/crt0ivtbl32.o
 .debug_abbrev  0x00000014       0x14 /usr/local/msp430/bin/../lib/gcc/msp430/4.7.0/mcpu-430x/mmpy-16/libgcc.a(_udivmod16.o)
 .debug_abbrev  0x00000028       0x14 /usr/local/msp430/bin/../lib/gcc/msp430/4.7.0/mcpu-430x/mmpy-16/libgcc.a(_udivmod32.o)
 .debug_abbrev  0x0000003c      0x10c /usr/local/msp430/bin/../lib/gcc/msp430/4.7.0/../../../../msp430/lib/mcpu-430x/mmpy-16/libc.a(malloc.o)
 .debug_abbrev  0x00000148       0xfa /usr/local/msp430/bin/../lib/gcc/msp430/4.7.0/../../../../msp430/lib/mcpu-430x/mmpy-16/libc.a(printf.o)
 .debug_abbrev  0x00000242      0x23e /usr/local/msp430/bin/../lib/gcc/msp430/4.7.0/../../../../msp430/lib/mcpu-430x/mmpy-16/libc.a(vuprintf.o)
 .debug_abbrev  0x00000480       0xa3 /usr/local/msp430/bin/../lib/gcc/msp430/4.7.0/../../../../msp430/lib/mcpu-430x/mmpy-16/libc.a(puts.o)
 .debug_abbrev  0x00000523       0xfb /usr/local/msp430/bin/../lib/gcc/msp430/4.7.0/../../../../msp430/lib/mcpu-430x/mmpy-16/libc.a(rand.o)
 .debug_abbrev  0x0000061e       0x72 /usr/local/msp430/bin/../lib/gcc/msp430/4.7.0/../../../../msp430/lib/mcpu-430x/mmpy-16/libc.a(strncmp.o)
 .debug_abbrev  0x00000690       0x9e /usr/local/msp430/bin/../lib/gcc/msp430/4.7.0/../../../../msp430/lib/mcpu-430x/mmpy-16/libc.a(memcmp.o)
 .debug_abbrev  0x0000072e       0xab /usr/local/msp430/bin/../lib/gcc/msp430/4.7.0/../../../../msp430/lib/mcpu-430x/mmpy-16/libc.a(memcpy.o)
 .debug_abbrev  0x000007d9       0xa1 /usr/local/msp430/bin/../lib/gcc/msp430/4.7.0/../../../../msp430/lib/mcpu-430x/mmpy-16/libc.a(memset.o)
 .debug_abbrev  0x0000087a       0x14 /usr/local/msp430/bin/../lib/gcc/msp430/4.7.0/mcpu-430x/mmpy-16/libgcc.a(_mulsi3.o)
 .debug_abbrev  0x0000088e       0x14 /usr/local/msp430/bin/../lib/gcc/msp430/4.7.0/mcpu-430x/mmpy-16/libgcc.a(_udivmod64.o)
 .debug_abbrev  0x000008a2       0x14 /usr/local/msp430/bin/../lib/gcc/msp430/4.7.0/mcpu-430x/mmpy-16/libcrt0.a(__watchdog_support.o)
 .debug_abbrev  0x000008b6       0x14 /usr/local/msp430/bin/../lib/gcc/msp430/4.7.0/mcpu-430x/mmpy-16/libcrt0.a(__init_stack.o)
 .debug_abbrev  0x000008ca       0x14 /usr/local/msp430/bin/../lib/gcc/msp430/4.7.0/mcpu-430x/mmpy-16/libcrt0.a(_copy_data.o)
 .debug_abbrev  0x000008de       0x14 /usr/local/msp430/bin/../lib/gcc/msp430/4.7.0/mcpu-430x/mmpy-16/libcrt0.a(_clear_bss.o)
 .debug_abbrev  0x000008f2       0x14 /usr/local/msp430/bin/../lib/gcc/msp430/4.7.0/mcpu-430x/mmpy-16/libcrt0.a(_endless_loop__.o)
 .debug_abbrev  0x00000906       0x14 /usr/local/msp430/bin/../lib/gcc/msp430/4.7.0/mcpu-430x/mmpy-16/libcrt0.a(_unexpected_.o)

.debug_line     0x00000000      0xdf5
 *(.debug_line)
 .debug_line    0x00000000       0x69 /usr/local/msp430/bin/../lib/gcc/msp430/4.7.0/mcpu-430x/mmpy-16/crt0ivtbl32.o
 .debug_line    0x00000069       0x75 /usr/local/msp430/bin/../lib/gcc/msp430/4.7.0/mcpu-430x/mmpy-16/libgcc.a(_udivmod16.o)
 .debug_line    0x000000de       0x80 /usr/local/msp430/bin/../lib/gcc/msp430/4.7.0/mcpu-430x/mmpy-16/libgcc.a(_udivmod32.o)
 .debug_line    0x0000015e       0xf2 /usr/local/msp430/bin/../lib/gcc/msp430/4.7.0/../../../../msp430/lib/mcpu-430x/mmpy-16/libc.a(malloc.o)
 .debug_line    0x00000250       0xad /usr/local/msp430/bin/../lib/gcc/msp430/4.7.0/../../../../msp430/lib/mcpu-430x/mmpy-16/libc.a(printf.o)
 .debug_line    0x000002fd      0x35d /usr/local/msp430/bin/../lib/gcc/msp430/4.7.0/../../../../msp430/lib/mcpu-430x/mmpy-16/libc.a(vuprintf.o)
 .debug_line    0x0000065a       0x67 /usr/local/msp430/bin/../lib/gcc/msp430/4.7.0/../../../../msp430/lib/mcpu-430x/mmpy-16/libc.a(puts.o)
 .debug_line    0x000006c1       0x6e /usr/local/msp430/bin/../lib/gcc/msp430/4.7.0/../../../../msp430/lib/mcpu-430x/mmpy-16/libc.a(rand.o)
 .debug_line    0x0000072f       0x91 /usr/local/msp430/bin/../lib/gcc/msp430/4.7.0/../../../../msp430/lib/mcpu-430x/mmpy-16/libc.a(strncmp.o)
 .debug_line    0x000007c0       0x91 /usr/local/msp430/bin/../lib/gcc/msp430/4.7.0/../../../../msp430/lib/mcpu-430x/mmpy-16/libc.a(memcmp.o)
 .debug_line    0x00000851      0x11a /usr/local/msp430/bin/../lib/gcc/msp430/4.7.0/../../../../msp430/lib/mcpu-430x/mmpy-16/libc.a(memcpy.o)
 .debug_line    0x0000096b       0xf4 /usr/local/msp430/bin/../lib/gcc/msp430/4.7.0/../../../../msp430/lib/mcpu-430x/mmpy-16/libc.a(memset.o)
 .debug_line    0x00000a5f       0x79 /usr/local/msp430/bin/../lib/gcc/msp430/4.7.0/mcpu-430x/mmpy-16/libgcc.a(_mulsi3.o)
 .debug_line    0x00000ad8       0xb0 /usr/local/msp430/bin/../lib/gcc/msp430/4.7.0/mcpu-430x/mmpy-16/libgcc.a(_udivmod64.o)
 .debug_line    0x00000b88       0x67 /usr/local/msp430/bin/../lib/gcc/msp430/4.7.0/mcpu-430x/mmpy-16/libcrt0.a(__watchdog_support.o)
 .debug_line    0x00000bef       0x65 /usr/local/msp430/bin/../lib/gcc/msp430/4.7.0/mcpu-430x/mmpy-16/libcrt0.a(__init_stack.o)
 .debug_line    0x00000c54       0x6b /usr/local/msp430/bin/../lib/gcc/msp430/4.7.0/mcpu-430x/mmpy-16/libcrt0.a(_copy_data.o)
 .debug_line    0x00000cbf       0x6b /usr/local/msp430/bin/../lib/gcc/msp430/4.7.0/mcpu-430x/mmpy-16/libcrt0.a(_clear_bss.o)
 .debug_line    0x00000d2a       0x66 /usr/local/msp430/bin/../lib/gcc/msp430/4.7.0/mcpu-430x/mmpy-16/libcrt0.a(_endless_loop__.o)
 .debug_line    0x00000d90       0x65 /usr/local/msp430/bin/../lib/gcc/msp430/4.7.0/mcpu-430x/mmpy-16/libcrt0.a(_unexpected_.o)

.debug_frame    0x00000000      0x228
 *(.debug_frame)
 .debug_frame   0x00000000       0x40 /usr/local/msp430/bin/../lib/gcc/msp430/4.7.0/../../../../msp430/lib/mcpu-430x/mmpy-16/libc.a(malloc.o)
 .debug_frame   0x00000040       0x34 /usr/local/msp430/bin/../lib/gcc/msp430/4.7.0/../../../../msp430/lib/mcpu-430x/mmpy-16/libc.a(printf.o)
 .debug_frame   0x00000074       0x84 /usr/local/msp430/bin/../lib/gcc/msp430/4.7.0/../../../../msp430/lib/mcpu-430x/mmpy-16/libc.a(vuprintf.o)
 .debug_frame   0x000000f8       0x2c /usr/local/msp430/bin/../lib/gcc/msp430/4.7.0/../../../../msp430/lib/mcpu-430x/mmpy-16/libc.a(puts.o)
 .debug_frame   0x00000124       0x4c /usr/local/msp430/bin/../lib/gcc/msp430/4.7.0/../../../../msp430/lib/mcpu-430x/mmpy-16/libc.a(rand.o)
 .debug_frame   0x00000170       0x2c /usr/local/msp430/bin/../lib/gcc/msp430/4.7.0/../../../../msp430/lib/mcpu-430x/mmpy-16/libc.a(strncmp.o)
 .debug_frame   0x0000019c       0x2c /usr/local/msp430/bin/../lib/gcc/msp430/4.7.0/../../../../msp430/lib/mcpu-430x/mmpy-16/libc.a(memcmp.o)
 .debug_frame   0x000001c8       0x30 /usr/local/msp430/bin/../lib/gcc/msp430/4.7.0/../../../../msp430/lib/mcpu-430x/mmpy-16/libc.a(memcpy.o)
 .debug_frame   0x000001f8       0x30 /usr/local/msp430/bin/../lib/gcc/msp430/4.7.0/../../../../msp430/lib/mcpu-430x/mmpy-16/libc.a(memset.o)

.debug_str      0x00000000      0x465
 *(.debug_str)
 .debug_str     0x00000000      0x112 /usr/local/msp430/bin/../lib/gcc/msp430/4.7.0/../../../../msp430/lib/mcpu-430x/mmpy-16/libc.a(malloc.o)
                                0x161 (size before relaxing)
 .debug_str     0x00000112       0x49 /usr/local/msp430/bin/../lib/gcc/msp430/4.7.0/../../../../msp430/lib/mcpu-430x/mmpy-16/libc.a(printf.o)
                                0x147 (size before relaxing)
 .debug_str     0x0000015b      0x22b /usr/local/msp430/bin/../lib/gcc/msp430/4.7.0/../../../../msp430/lib/mcpu-430x/mmpy-16/libc.a(vuprintf.o)
                                0x3ad (size before relaxing)
 .debug_str     0x00000386       0x1d /usr/local/msp430/bin/../lib/gcc/msp430/4.7.0/../../../../msp430/lib/mcpu-430x/mmpy-16/libc.a(puts.o)
                                0x10c (size before relaxing)
 .debug_str     0x000003a3       0x2a /usr/local/msp430/bin/../lib/gcc/msp430/4.7.0/../../../../msp430/lib/mcpu-430x/mmpy-16/libc.a(rand.o)
                                0x123 (size before relaxing)
 .debug_str     0x000003cd       0x1b /usr/local/msp430/bin/../lib/gcc/msp430/4.7.0/../../../../msp430/lib/mcpu-430x/mmpy-16/libc.a(strncmp.o)
                                0x111 (size before relaxing)
 .debug_str     0x000003e8       0x19 /usr/local/msp430/bin/../lib/gcc/msp430/4.7.0/../../../../msp430/lib/mcpu-430x/mmpy-16/libc.a(memcmp.o)
                                0x10f (size before relaxing)
 .debug_str     0x00000401       0x3e /usr/local/msp430/bin/../lib/gcc/msp430/4.7.0/../../../../msp430/lib/mcpu-430x/mmpy-16/libc.a(memcpy.o)
                                0x13d (size before relaxing)
 .debug_str     0x0000043f       0x26 /usr/local/msp430/bin/../lib/gcc/msp430/4.7.0/../../../../msp430/lib/mcpu-430x/mmpy-16/libc.a(memset.o)
                                0x13b (size before relaxing)

.debug_loc      0x00000000     0x13af
 *(.debug_loc)
 .debug_loc     0x00000000      0x166 /usr/local/msp430/bin/../lib/gcc/msp430/4.7.0/../../../../msp430/lib/mcpu-430x/mmpy-16/libc.a(malloc.o)
 .debug_loc     0x00000166       0x78 /usr/local/msp430/bin/../lib/gcc/msp430/4.7.0/../../../../msp430/lib/mcpu-430x/mmpy-16/libc.a(printf.o)
 .debug_loc     0x000001de      0xc38 /usr/local/msp430/bin/../lib/gcc/msp430/4.7.0/../../../../msp430/lib/mcpu-430x/mmpy-16/libc.a(vuprintf.o)
 .debug_loc     0x00000e16       0x3e /usr/local/msp430/bin/../lib/gcc/msp430/4.7.0/../../../../msp430/lib/mcpu-430x/mmpy-16/libc.a(puts.o)
 .debug_loc     0x00000e54       0x78 /usr/local/msp430/bin/../lib/gcc/msp430/4.7.0/../../../../msp430/lib/mcpu-430x/mmpy-16/libc.a(rand.o)